<html>
<body>
<pre>
<h1>礦ision Build Log</h1>
<h2>Tool Versions:</h2>
IDE-Version: μVision V5.14.0.0
Copyright (C) 2015 ARM Ltd and ARM Germany GmbH. All rights reserved.
License Information: Hu Chenhui, hangdian, LIC=CRMFW-QLIZH-CZGWV-PZW94-WQZ6S-LS0YD
 
Tool Versions:
Toolchain:       MDK-ARM Professional  Version: 5.14.0.0
Toolchain Path:  E:\Keil_v5\ARM\ARMCC\Bin
C Compiler:      Armcc.exe V5.05 update 1 (build 106)
Assembler:       Armasm.exe V5.05 update 1 (build 106)
Linker/Locator:  ArmLink.exe V5.05 update 1 (build 106)
Library Manager: ArmAr.exe V5.05 update 1 (build 106)
Hex Converter:   FromElf.exe V5.05 update 1 (build 106)
CPU DLL:         SARMCM3.DLL V5.14.0.0
Dialog DLL:      DARMSTM.DLL V1.65.0.0
Target DLL:      Segger\JL2CM3.dll V2.99.13.0
Dialog DLL:      TARMSTM.DLL V1.64.0.0
 
<h2>Project:</h2>
C:\Users\Administrator\Desktop\倒立摆\资料\STM32编码器测试代码（寄存器和库函数两个版本）\库函数版编码器测试程序(编码器5V供电。AB相分别接PA0 PA1 串口1以9600波特率输出速度)\USER\MiniBalance.uvprojx
Project File Date:  06/28/2017

<h2>Output:</h2>
Build target 'MiniBalance'
compiling MiniBalance.c...
linking...
Program Size: Code=9040 RO-data=268 RW-data=52 ZI-data=1636  
FromELF: creating hex file...
"..\OBJ\MiniBalance.axf" - 0 Error(s), 0 Warning(s).

<h2>Collection of Component include folders:</h2>
  C:\Users\Administrator\Desktop\倒立摆\资料\STM32编码器测试代码（寄存器和库函数两个版本）\库函数版编码器测试程序(编码器5V供电。AB相分别接PA0 PA1 串口1以9600波特率输出速度)\USER\RTE
  E:\Keil_v5\ARM\PACK\Keil\STM32F1xx_DFP\1.0.5\Device\Include

<h2>Collection of Component Files used:</h2>
</pre>
</body>
</html>
