Product: MDK-ARM Professional 5.10
Component: ARM Compiler 5.04 update 1 (build 49)
Tool: armlink [5040049]

==============================================================================

Section Cross References

    startup_stm32f10x_hd.o(STACK) refers (Special) to heapauxi.o(.text) for __use_two_region_memory
    startup_stm32f10x_hd.o(HEAP) refers (Special) to heapauxi.o(.text) for __use_two_region_memory
    startup_stm32f10x_hd.o(RESET) refers (Special) to heapauxi.o(.text) for __use_two_region_memory
    startup_stm32f10x_hd.o(RESET) refers to startup_stm32f10x_hd.o(STACK) for __initial_sp
    startup_stm32f10x_hd.o(RESET) refers to startup_stm32f10x_hd.o(.text) for Reset_Handler
    startup_stm32f10x_hd.o(RESET) refers to usart.o(i.USART1_IRQHandler) for USART1_IRQHandler
    startup_stm32f10x_hd.o(RESET) refers to exti.o(i.EXTI15_10_IRQHandler) for EXTI15_10_IRQHandler
    startup_stm32f10x_hd.o(.text) refers (Special) to heapauxi.o(.text) for __use_two_region_memory
    startup_stm32f10x_hd.o(.text) refers to __main.o(!!!main) for __main
    startup_stm32f10x_hd.o(.text) refers to startup_stm32f10x_hd.o(HEAP) for Heap_Mem
    startup_stm32f10x_hd.o(.text) refers to startup_stm32f10x_hd.o(STACK) for Stack_Mem
    test.o(i.main) refers to _printf_percent.o(.ARM.Collect$$_printf_percent$$00000000) for _printf_percent
    test.o(i.main) refers to _printf_d.o(.ARM.Collect$$_printf_percent$$00000009) for _printf_d
    test.o(i.main) refers to _printf_dec.o(.text) for _printf_int_dec
    test.o(i.main) refers to sys.o(i.Stm32_Clock_Init) for Stm32_Clock_Init
    test.o(i.main) refers to delay.o(i.delay_init) for delay_init
    test.o(i.main) refers to usart.o(i.uart_init) for uart_init
    test.o(i.main) refers to exti.o(i.EXTI15_Init) for EXTI15_Init
    test.o(i.main) refers to sccb.o(i.SCCB_Init) for SCCB_Init
    test.o(i.main) refers to ov7670.o(i.OV7670_Init) for OV7670_Init
    test.o(i.main) refers to ili93xx.o(i.LCD_Init) for LCD_Init
    test.o(i.main) refers to ili93xx.o(i.LCD_Clear) for LCD_Clear
    test.o(i.main) refers to ili93xx.o(i.LCD_ShowString) for LCD_ShowString
    test.o(i.main) refers to delay.o(i.delay_ms) for delay_ms
    test.o(i.main) refers to noretval__2printf.o(.text) for __2printf
    test.o(i.main) refers to test.o(i.refresh_TFT_320) for refresh_TFT_320
    test.o(i.main) refers to save_rgb.o(i.save_to_sdcard) for save_to_sdcard
    test.o(i.main) refers to test.o(i.refresh_TFT_160) for refresh_TFT_160
    test.o(i.main) refers to ili93xx.o(.data) for POINT_COLOR
    test.o(i.main) refers to test.o(.bss) for RGB_565
    test.o(i.main) refers to exti.o(.data) for ultra_red
    test.o(i.refresh_TFT_160) refers to ili93xx.o(i.LCD_Scan_Dir) for LCD_Scan_Dir
    test.o(i.refresh_TFT_160) refers to ili93xx.o(i.LCD_SetCursor) for LCD_SetCursor
    test.o(i.refresh_TFT_160) refers to ili93xx.o(i.LCD_WriteRAM_Prepare) for LCD_WriteRAM_Prepare
    test.o(i.refresh_TFT_160) refers to exti.o(.data) for ov_sta
    test.o(i.refresh_TFT_160) refers to ili93xx.o(.bss) for lcddev
    test.o(i.refresh_TFT_160) refers to test.o(.bss) for RGB_565
    test.o(i.refresh_TFT_320) refers to ili93xx.o(i.LCD_Scan_Dir) for LCD_Scan_Dir
    test.o(i.refresh_TFT_320) refers to ili93xx.o(i.LCD_SetCursor) for LCD_SetCursor
    test.o(i.refresh_TFT_320) refers to ili93xx.o(i.LCD_WriteRAM_Prepare) for LCD_WriteRAM_Prepare
    test.o(i.refresh_TFT_320) refers to exti.o(.data) for ov_sta
    test.o(i.refresh_TFT_320) refers to ili93xx.o(.bss) for lcddev
    test.o(i.refresh_TFT_320) refers to test.o(.bss) for R
    test.o(i.start_delay) refers to delay.o(i.delay_ms) for delay_ms
    test.o(i.start_delay) refers to noretval__2printf.o(.text) for __2printf
    test.o(i.start_delay) refers to ili93xx.o(i.LCD_ShowString) for LCD_ShowString
    test.o(i.start_delay) refers to ili93xx.o(.data) for POINT_COLOR
    delay.o(i.delay_init) refers to delay.o(.data) for fac_us
    delay.o(i.delay_ms) refers to delay.o(.data) for fac_ms
    delay.o(i.delay_us) refers to delay.o(.data) for fac_us
    sys.o(i.MYRCC_DeInit) refers to sys.o(i.MY_NVIC_SetVectorTable) for MY_NVIC_SetVectorTable
    sys.o(i.MY_NVIC_Init) refers to sys.o(i.MY_NVIC_PriorityGroupConfig) for MY_NVIC_PriorityGroupConfig
    sys.o(i.Stm32_Clock_Init) refers to sys.o(i.MYRCC_DeInit) for MYRCC_DeInit
    sys.o(i.Sys_Standby) refers to sys.o(.emb_text) for WFI_SET
    usart.o(.rev16_text) refers (Special) to use_no_semi_2.o(.text) for __use_no_semihosting
    usart.o(.revsh_text) refers (Special) to use_no_semi_2.o(.text) for __use_no_semihosting
    usart.o(i.USART1_IRQHandler) refers (Special) to use_no_semi_2.o(.text) for __use_no_semihosting
    usart.o(i.USART1_IRQHandler) refers to usart.o(.data) for USART_RX_STA
    usart.o(i.USART1_IRQHandler) refers to usart.o(.bss) for USART_RX_BUF
    usart.o(i._sys_exit) refers (Special) to use_no_semi_2.o(.text) for __use_no_semihosting
[...]
    ..\HARDWARE\SAVE_RGB\save_rgb.c          0x00000000   Number         0  save_rgb.o ABSOLUTE
    ..\HARDWARE\SCCB\sccb.c                  0x00000000   Number         0  sccb.o ABSOLUTE
    ..\HARDWARE\SD\MMC_SD.C                  0x00000000   Number         0  mmc_sd.o ABSOLUTE
    ..\HARDWARE\SPI\spi.c                    0x00000000   Number         0  spi.o ABSOLUTE
    ..\MALLOC\malloc.c                       0x00000000   Number         0  malloc.o ABSOLUTE
    ..\SYSTEM\delay\delay.c                  0x00000000   Number         0  delay.o ABSOLUTE
    ..\SYSTEM\sys\sys.c                      0x00000000   Number         0  sys.o ABSOLUTE
    ..\SYSTEM\usart\usart.c                  0x00000000   Number         0  usart.o ABSOLUTE
    ..\\FATFS\\exfuns\\exfuns.c              0x00000000   Number         0  exfuns.o ABSOLUTE
    ..\\FATFS\\exfuns\\fattester.c           0x00000000   Number         0  fattester.o ABSOLUTE
    ..\\FATFS\\src\\diskio.c                 0x00000000   Number         0  diskio.o ABSOLUTE
    ..\\HARDWARE\\EXTI\\exti.c               0x00000000   Number         0  exti.o ABSOLUTE
    ..\\HARDWARE\\FLASH\\flash.c             0x00000000   Number         0  flash.o ABSOLUTE
    ..\\HARDWARE\\LCD\\ILI93xx.c             0x00000000   Number         0  ili93xx.o ABSOLUTE
    ..\\HARDWARE\\OV7670\\ov7670.c           0x00000000   Number         0  ov7670.o ABSOLUTE
    ..\\HARDWARE\\SAVE_RGB\\save_rgb.c       0x00000000   Number         0  save_rgb.o ABSOLUTE
    ..\\HARDWARE\\SCCB\\sccb.c               0x00000000   Number         0  sccb.o ABSOLUTE
    ..\\HARDWARE\\SD\\MMC_SD.C               0x00000000   Number         0  mmc_sd.o ABSOLUTE
    ..\\HARDWARE\\SPI\\spi.c                 0x00000000   Number         0  spi.o ABSOLUTE
    ..\\MALLOC\\malloc.c                     0x00000000   Number         0  malloc.o ABSOLUTE
    ..\\SYSTEM\\delay\\delay.c               0x00000000   Number         0  delay.o ABSOLUTE
    ..\\SYSTEM\\sys\\sys.c                   0x00000000   Number         0  sys.o ABSOLUTE
    ..\\SYSTEM\\usart\\usart.c               0x00000000   Number         0  usart.o ABSOLUTE
    dc.s                                     0x00000000   Number         0  dc.o ABSOLUTE
    startup_stm32f10x_hd.s                   0x00000000   Number         0  startup_stm32f10x_hd.o ABSOLUTE
    test.c                                   0x00000000   Number         0  test.o ABSOLUTE
    test.c                                   0x00000000   Number         0  test.o ABSOLUTE
    RESET                                    0x08000000   Section      304  startup_stm32f10x_hd.o(RESET)
    !!!main                                  0x08000130   Section        8  __main.o(!!!main)
    !!!scatter                               0x08000138   Section       52  __scatter.o(!!!scatter)
    !!dczerorl2                              0x0800016c   Section       90  __dczerorl2.o(!!dczerorl2)
    !!handler_zi                             0x080001c8   Section       28  __scatter_zi.o(!!handler_zi)
    .ARM.Collect$$_printf_percent$$00000000  0x080001e4   Section        0  _printf_percent.o(.ARM.Collect$$_printf_percent$$00000000)
    .ARM.Collect$$_printf_percent$$00000009  0x080001e4   Section        6  _printf_d.o(.ARM.Collect$$_printf_percent$$00000009)
    .ARM.Collect$$_printf_percent$$0000000C  0x080001ea   Section        6  _printf_x.o(.ARM.Collect$$_printf_percent$$0000000C)
    .ARM.Collect$$_printf_percent$$00000013  0x080001f0   Section        6  _printf_c.o(.ARM.Collect$$_printf_percent$$00000013)
    .ARM.Collect$$_printf_percent$$00000017  0x080001f6   Section        4  _printf_percent_end.o(.ARM.Collect$$_printf_percent$$00000017)
    .ARM.Collect$$libinit$$00000000          0x080001fa   Section        2  libinit.o(.ARM.Collect$$libinit$$00000000)
    .ARM.Collect$$libinit$$00000002          0x080001fc   Section        0  libinit2.o(.ARM.Collect$$libinit$$00000002)
    .ARM.Collect$$libinit$$00000008          0x080001fc   Section        0  libinit2.o(.ARM.Collect$$libinit$$00000008)
    .ARM.Collect$$libinit$$0000000A          0x080001fc   Section        0  libinit2.o(.ARM.Collect$$libinit$$0000000A)
    .ARM.Collect$$libinit$$0000000C          0x080001fc   Section        0  libinit2.o(.ARM.Collect$$libinit$$0000000C)
    .ARM.Collect$$libinit$$0000000F          0x080001fc   Section        0  libinit2.o(.ARM.Collect$$libinit$$0000000F)
    .ARM.Collect$$libinit$$00000011          0x080001fc   Section        0  libinit2.o(.ARM.Collect$$libinit$$00000011)
    .ARM.Collect$$libinit$$00000013          0x080001fc   Section        0  libinit2.o(.ARM.Collect$$libinit$$00000013)
    .ARM.Collect$$libinit$$00000015          0x080001fc   Section        0  libinit2.o(.ARM.Collect$$libinit$$00000015)
    .ARM.Collect$$libinit$$00000017          0x080001fc   Section        0  libinit2.o(.ARM.Collect$$libinit$$00000017)
    .ARM.Collect$$libinit$$00000019          0x080001fc   Section        0  libinit2.o(.ARM.Collect$$libinit$$00000019)
    .ARM.Collect$$libinit$$0000001B          0x080001fc   Section        0  libinit2.o(.ARM.Collect$$libinit$$0000001B)
    .ARM.Collect$$libinit$$0000001D          0x080001fc   Section        0  libinit2.o(.ARM.Collect$$libinit$$0000001D)
    .ARM.Collect$$libinit$$0000001F          0x080001fc   Section        0  libinit2.o(.ARM.Collect$$libinit$$0000001F)
    .ARM.Collect$$libinit$$00000021          0x080001fc   Section        0  libinit2.o(.ARM.Collect$$libinit$$00000021)
    .ARM.Collect$$libinit$$00000023          0x080001fc   Section        0  libinit2.o(.ARM.Collect$$libinit$$00000023)
    .ARM.Collect$$libinit$$0000002A          0x080001fc   Section        0  libinit2.o(.ARM.Collect$$libinit$$0000002A)
    .ARM.Collect$$libinit$$0000002C          0x080001fc   Section        0  libinit2.o(.ARM.Collect$$libinit$$0000002C)
    .ARM.Collect$$libinit$$0000002E          0x080001fc   Section        0  libinit2.o(.ARM.Collect$$libinit$$0000002E)
    .ARM.Collect$$libinit$$00000030          0x080001fc   Section        0  libinit2.o(.ARM.Collect$$libinit$$00000030)
    .ARM.Collect$$libinit$$00000031          0x080001fc   Section        2  libinit2.o(.ARM.Collect$$libinit$$00000031)
    .ARM.Collect$$libshutdown$$00000000      0x080001fe   Section        2  libshutdown.o(.ARM.Collect$$libshutdown$$00000000)
    .ARM.Collect$$libshutdown$$00000003      0x08000200   Section        0  libshutdown2.o(.ARM.Collect$$libshutdown$$00000003)
    .ARM.Collect$$libshutdown$$00000006      0x08000200   Section        0  libshutdown2.o(.ARM.Collect$$libshutdown$$00000006)
    .ARM.Collect$$libshutdown$$00000009      0x08000200   Section        0  libshutdown2.o(.ARM.Collect$$libshutdown$$00000009)
    .ARM.Collect$$libshutdown$$0000000B      0x08000200   Section        0  libshutdown2.o(.ARM.Collect$$libshutdown$$0000000B)
    .ARM.Collect$$libshutdown$$0000000E      0x08000200   Section        0  libshutdown2.o(.ARM.Collect$$libshutdown$$0000000E)
    .ARM.Collect$$libshutdown$$0000000F      0x08000200   Section        2  libshutdown2.o(.ARM.Collect$$libshutdown$$0000000F)
    .ARM.Collect$$rtentry$$00000000          0x08000202   Section        0  rtentry.o(.ARM.Collect$$rtentry$$00000000)
    .ARM.Collect$$rtentry$$00000002          0x08000202   Section        0  rtentry2.o(.ARM.Collect$$rtentry$$00000002)
    .ARM.Collect$$rtentry$$00000004          0x08000202   Section        6  rtentry4.o(.ARM.Collect$$rtentry$$00000004)
    .ARM.Collect$$rtentry$$00000009          0x08000208   Section        0  rtentry2.o(.ARM.Collect$$rtentry$$00000009)
    .ARM.Collect$$rtentry$$0000000A          0x08000208   Section        4  rtentry2.o(.ARM.Collect$$rtentry$$0000000A)
    .ARM.Collect$$rtentry$$0000000C          0x0800020c   Section        0  rtentry2.o(.ARM.Collect$$rtentry$$0000000C)
    .ARM.Collect$$rtentry$$0000000D          0x0800020c   Section        8  rtentry2.o(.ARM.Collect$$rtentry$$0000000D)
    .ARM.Collect$$rtexit$$00000000           0x08000214   Section        2  rtexit.o(.ARM.Collect$$rtexit$$00000000)
    .ARM.Collect$$rtexit$$00000002           0x08000216   Section        0  rtexit2.o(.ARM.Collect$$rtexit$$00000002)
    .ARM.Collect$$rtexit$$00000003           0x08000216   Section        4  rtexit2.o(.ARM.Collect$$rtexit$$00000003)
    .ARM.Collect$$rtexit$$00000004           0x0800021a   Section        6  rtexit2.o(.ARM.Collect$$rtexit$$00000004)
    .text                                    0x08000220   Section       56  startup_stm32f10x_hd.o(.text)
    .text                                    0x08000258   Section        2  use_no_semi_2.o(.text)
    .text                                    0x0800025c   Section        0  noretval__2printf.o(.text)
    .text                                    0x08000274   Section        0  __printf.o(.text)
    .text                                    0x080002dc   Section        0  _printf_str.o(.text)
    .text                                    0x08000330   Section        0  _printf_dec.o(.text)
    .text                                    0x080003a4   Section        0  _printf_hex_int.o(.text)
    .text                                    0x080003fc   Section        0  heapauxi.o(.text)
    .text                                    0x08000402   Section        2  use_no_semi.o(.text)
    .text                                    0x08000404   Section        0  _printf_intcommon.o(.text)
    .text                                    0x080004b6   Section        0  _printf_char.o(.text)
    .text                                    0x080004e4   Section        0  _printf_char_file.o(.text)
    .text                                    0x08000508   Section        0  _printf_char_common.o(.text)
    _printf_input_char                       0x08000509   Thumb Code    10  _printf_char_common.o(.text)
    .text                                    0x08000538   Section        0  ferror.o(.text)
    .text                                    0x08000540   Section       74  sys_stackheap_outer.o(.text)
    .text                                    0x0800058a   Section        0  exit.o(.text)
    .text                                    0x08000598   Section        8  libspace.o(.text)
    i.EXTI15_10_IRQHandler                   0x080005a0   Section        0  exti.o(i.EXTI15_10_IRQHandler)
    i.EXTI15_Init                            0x08000630   Section        0  exti.o(i.EXTI15_Init)
    i.Ex_NVIC_Config                         0x080006d0   Section        0  sys.o(i.Ex_NVIC_Config)
    i.JTAG_Set                               0x08000770   Section        0  sys.o(i.JTAG_Set)
    i.LCD_Clear                              0x080007a0   Section        0  ili93xx.o(i.LCD_Clear)
    i.LCD_Display_Dir                        0x08000828   Section        0  ili93xx.o(i.LCD_Display_Dir)
    i.LCD_Fast_DrawPoint                     0x080009d0   Section        0  ili93xx.o(i.LCD_Fast_DrawPoint)
    i.LCD_Fill                               0x08000c2c   Section        0  ili93xx.o(i.LCD_Fill)
    i.LCD_Init                               0x08000d00   Section        0  ili93xx.o(i.LCD_Init)
    i.LCD_RD_DATA                            0x0800474c   Section        0  ili93xx.o(i.LCD_RD_DATA)
    i.LCD_ReadReg                            0x080047bc   Section        0  ili93xx.o(i.LCD_ReadReg)
    i.LCD_Scan_Dir                           0x080047cc   Section        0  ili93xx.o(i.LCD_Scan_Dir)
    i.LCD_SetCursor                          0x08004c00   Section        0  ili93xx.o(i.LCD_SetCursor)
    i.LCD_ShowChar                           0x08004e24   Section        0  ili93xx.o(i.LCD_ShowChar)
    i.LCD_ShowString                         0x08004f4c   Section        0  ili93xx.o(i.LCD_ShowString)
    i.LCD_WR_DATAX                           0x08004fb4   Section        0  ili93xx.o(i.LCD_WR_DATAX)
    i.LCD_WR_REG                             0x08004fd8   Section        0  ili93xx.o(i.LCD_WR_REG)
    i.LCD_WriteRAM_Prepare                   0x08004ffc   Section        0  ili93xx.o(i.LCD_WriteRAM_Prepare)
    i.LCD_WriteReg                           0x0800500c   Section        0  ili93xx.o(i.LCD_WriteReg)
    i.MYRCC_DeInit                           0x0800503c   Section        0  sys.o(i.MYRCC_DeInit)
    i.MY_NVIC_Init                           0x080050a4   Section        0  sys.o(i.MY_NVIC_Init)
    i.MY_NVIC_PriorityGroupConfig            0x0800511c   Section        0  sys.o(i.MY_NVIC_PriorityGroupConfig)
    i.MY_NVIC_SetVectorTable                 0x08005144   Section        0  sys.o(i.MY_NVIC_SetVectorTable)
    i.OV7670_Init                            0x08005158   Section        0  ov7670.o(i.OV7670_Init)
    i.SCCB_Init                              0x08005278   Section        0  sccb.o(i.SCCB_Init)
    i.SCCB_No_Ack                            0x080052c4   Section        0  sccb.o(i.SCCB_No_Ack)
    i.SCCB_RD_Byte                           0x08005304   Section        0  sccb.o(i.SCCB_RD_Byte)
    i.SCCB_RD_Reg                            0x08005378   Section        0  sccb.o(i.SCCB_RD_Reg)
    i.SCCB_Start                             0x080053c8   Section        0  sccb.o(i.SCCB_Start)
    i.SCCB_Stop                              0x080053fc   Section        0  sccb.o(i.SCCB_Stop)
    i.SCCB_WR_Byte                           0x08005430   Section        0  sccb.o(i.SCCB_WR_Byte)
    i.SCCB_WR_Reg                            0x080054dc   Section        0  sccb.o(i.SCCB_WR_Reg)
    i.SD_DisSelect                           0x0800551c   Section        0  mmc_sd.o(i.SD_DisSelect)
    i.SD_GetCSD                              0x08005530   Section        0  mmc_sd.o(i.SD_GetCSD)
    i.SD_GetResponse                         0x0800555a   Section        0  mmc_sd.o(i.SD_GetResponse)
    i.SD_GetSectorCount                      0x08005580   Section        0  mmc_sd.o(i.SD_GetSectorCount)
    i.SD_Initialize                          0x080055f8   Section        0  mmc_sd.o(i.SD_Initialize)
    i.SD_ReadDisk                            0x08005780   Section        0  mmc_sd.o(i.SD_ReadDisk)
    i.SD_RecvData                            0x080057f4   Section        0  mmc_sd.o(i.SD_RecvData)
    i.SD_SPI_Init                            0x0800582c   Section        0  mmc_sd.o(i.SD_SPI_Init)
    i.SD_SPI_ReadWriteByte                   0x08005884   Section        0  mmc_sd.o(i.SD_SPI_ReadWriteByte)
    i.SD_SPI_SpeedHigh                       0x08005890   Section        0  mmc_sd.o(i.SD_SPI_SpeedHigh)
    i.SD_SPI_SpeedLow                        0x0800589a   Section        0  mmc_sd.o(i.SD_SPI_SpeedLow)
    i.SD_Select                              0x080058a4   Section        0  mmc_sd.o(i.SD_Select)
    i.SD_SendBlock                           0x080058c4   Section        0  mmc_sd.o(i.SD_SendBlock)
    i.SD_SendCmd                             0x08005916   Section        0  mmc_sd.o(i.SD_SendCmd)
    i.SD_WaitReady                           0x0800598e   Section        0  mmc_sd.o(i.SD_WaitReady)
    i.SD_WriteDisk                           0x080059b0   Section        0  mmc_sd.o(i.SD_WriteDisk)
    i.SPI1_Init                              0x08005a40   Section        0  spi.o(i.SPI1_Init)
    i.SPI1_ReadWriteByte                     0x08005af4   Section        0  spi.o(i.SPI1_ReadWriteByte)
    i.SPI1_SetSpeed                          0x08005b48   Section        0  spi.o(i.SPI1_SetSpeed)
    i.SPI_FLASH_Write_Enable                 0x08005b74   Section        0  flash.o(i.SPI_FLASH_Write_Enable)
    i.SPI_Flash_Erase_Sector                 0x08005b94   Section        0  flash.o(i.SPI_Flash_Erase_Sector)
    i.SPI_Flash_Init                         0x08005bdc   Section        0  flash.o(i.SPI_Flash_Init)
    i.SPI_Flash_Read                         0x08005c3c   Section        0  flash.o(i.SPI_Flash_Read)
    i.SPI_Flash_ReadID                       0x08005c8c   Section        0  flash.o(i.SPI_Flash_ReadID)
    i.SPI_Flash_ReadSR                       0x08005cd4   Section        0  flash.o(i.SPI_Flash_ReadSR)
    i.SPI_Flash_Wait_Busy                    0x08005d00   Section        0  flash.o(i.SPI_Flash_Wait_Busy)
    i.SPI_Flash_Write                        0x08005d14   Section        0  flash.o(i.SPI_Flash_Write)
    i.SPI_Flash_Write_NoCheck                0x08005dc8   Section        0  flash.o(i.SPI_Flash_Write_NoCheck)
    i.SPI_Flash_Write_Page                   0x08005e10   Section        0  flash.o(i.SPI_Flash_Write_Page)
    i.Stm32_Clock_Init                       0x08005e64   Section        0  sys.o(i.Stm32_Clock_Init)
    i.USART1_IRQHandler                      0x08005ef4   Section        0  usart.o(i.USART1_IRQHandler)
    i._sys_exit                              0x08005f78   Section        0  usart.o(i._sys_exit)
    i.change_path                            0x08005f80   Section        0  save_rgb.o(i.change_path)
    i.check_fs                               0x08006044   Section        0  ff.o(i.check_fs)
    check_fs                                 0x08006045   Thumb Code   140  ff.o(i.check_fs)
    i.chk_chr                                0x080060d4   Section        0  ff.o(i.chk_chr)
    chk_chr                                  0x080060d5   Thumb Code    20  ff.o(i.chk_chr)
    i.clmt_clust                             0x080060e8   Section        0  ff.o(i.clmt_clust)
    clmt_clust                               0x080060e9   Thumb Code    50  ff.o(i.clmt_clust)
    i.clust2sect                             0x0800611a   Section        0  ff.o(i.clust2sect)
    i.cmp_lfn                                0x08006134   Section        0  ff.o(i.cmp_lfn)
    cmp_lfn                                  0x08006135   Thumb Code   138  ff.o(i.cmp_lfn)
    i.create_chain                           0x080061c4   Section        0  ff.o(i.create_chain)
    create_chain                             0x080061c5   Thumb Code   214  ff.o(i.create_chain)
    i.create_name                            0x0800629c   Section        0  ff.o(i.create_name)
    create_name                              0x0800629d   Thumb Code   604  ff.o(i.create_name)
    i.delay_init                             0x0800650c   Section        0  delay.o(i.delay_init)
    i.delay_ms                               0x0800654c   Section        0  delay.o(i.delay_ms)
    i.delay_us                               0x08006588   Section        0  delay.o(i.delay_us)
    i.dir_alloc                              0x080065c4   Section        0  ff.o(i.dir_alloc)
    dir_alloc                                0x080065c5   Thumb Code    92  ff.o(i.dir_alloc)
    i.dir_find                               0x08006620   Section        0  ff.o(i.dir_find)
    dir_find                                 0x08006621   Thumb Code   222  ff.o(i.dir_find)
    i.dir_next                               0x080066fe   Section        0  ff.o(i.dir_next)
    dir_next                                 0x080066ff   Thumb Code   272  ff.o(i.dir_next)
    i.dir_register                           0x0800680e   Section        0  ff.o(i.dir_register)
    dir_register                             0x0800680f   Thumb Code   298  ff.o(i.dir_register)
    i.dir_sdi                                0x08006938   Section        0  ff.o(i.dir_sdi)
    dir_sdi                                  0x08006939   Thumb Code   158  ff.o(i.dir_sdi)
    i.disk_initialize                        0x080069d8   Section        0  diskio.o(i.disk_initialize)
    i.disk_ioctl                             0x08006a38   Section        0  diskio.o(i.disk_ioctl)
    i.disk_read                              0x08006adc   Section        0  diskio.o(i.disk_read)
    i.disk_status                            0x08006b52   Section        0  diskio.o(i.disk_status)
    i.disk_write                             0x08006b58   Section        0  diskio.o(i.disk_write)
    i.exfuns_init                            0x08006bbc   Section        0  exfuns.o(i.exfuns_init)
    i.f_close                                0x08006c30   Section        0  ff.o(i.f_close)
    i.f_lseek                                0x08006c50   Section        0  ff.o(i.f_lseek)
    i.f_mkdir                                0x08006ede   Section        0  ff.o(i.f_mkdir)
    i.f_mount                                0x0800705c   Section        0  ff.o(i.f_mount)
    i.f_open                                 0x080070b8   Section        0  ff.o(i.f_open)
    i.f_sync                                 0x08007238   Section        0  ff.o(i.f_sync)
    i.f_write                                0x080072e8   Section        0  ff.o(i.f_write)
    i.ff_convert                             0x080074dc   Section        0  cc936.o(i.ff_convert)
    i.ff_memalloc                            0x08007558   Section        0  diskio.o(i.ff_memalloc)
    i.ff_memfree                             0x08007564   Section        0  diskio.o(i.ff_memfree)
    i.ff_wtoupper                            0x08007570   Section        0  cc936.o(i.ff_wtoupper)
    i.find_volume                            0x080075a8   Section        0  ff.o(i.find_volume)
    find_volume                              0x080075a9   Thumb Code   886  ff.o(i.find_volume)
    i.fit_lfn                                0x08007930   Section        0  ff.o(i.fit_lfn)
    fit_lfn                                  0x08007931   Thumb Code   122  ff.o(i.fit_lfn)
    i.follow_path                            0x080079b0   Section        0  ff.o(i.follow_path)
    follow_path                              0x080079b1   Thumb Code   144  ff.o(i.follow_path)
    i.fputc                                  0x08007a40   Section        0  usart.o(i.fputc)
    i.gen_numname                            0x08007a5c   Section        0  ff.o(i.gen_numname)
    gen_numname                              0x08007a5d   Thumb Code   194  ff.o(i.gen_numname)
    i.get_fat                                0x08007b24   Section        0  ff.o(i.get_fat)
    i.get_fattime                            0x08007c0c   Section        0  diskio.o(i.get_fattime)
    i.get_ldnumber                           0x08007c10   Section        0  ff.o(i.get_ldnumber)
    get_ldnumber                             0x08007c11   Thumb Code    74  ff.o(i.get_ldnumber)
    i.ld_clust                               0x08007c5a   Section        0  ff.o(i.ld_clust)
    ld_clust                                 0x08007c5b   Thumb Code    32  ff.o(i.ld_clust)
    i.main                                   0x08007c7c   Section        0  test.o(i.main)
    i.mem_cmp                                0x08007d98   Section        0  ff.o(i.mem_cmp)
    mem_cmp                                  0x08007d99   Thumb Code    38  ff.o(i.mem_cmp)
    i.mem_cpy                                0x08007dbe   Section        0  ff.o(i.mem_cpy)
    mem_cpy                                  0x08007dbf   Thumb Code    26  ff.o(i.mem_cpy)
    i.mem_free                               0x08007dd8   Section        0  malloc.o(i.mem_free)
    i.mem_init                               0x08007e20   Section        0  malloc.o(i.mem_init)
    i.mem_malloc                             0x08007e4c   Section        0  malloc.o(i.mem_malloc)
    i.mem_perused                            0x08007ec4   Section        0  malloc.o(i.mem_perused)
    i.mem_set                                0x08007eec   Section        0  ff.o(i.mem_set)
    mem_set                                  0x08007eed   Thumb Code    20  ff.o(i.mem_set)
    i.move_window                            0x08007f00   Section        0  ff.o(i.move_window)
    move_window                              0x08007f01   Thumb Code    50  ff.o(i.move_window)
    i.myfree                                 0x08007f34   Section        0  malloc.o(i.myfree)
    i.mymalloc                               0x08007f50   Section        0  malloc.o(i.mymalloc)
    i.mymemset                               0x08007f70   Section        0  malloc.o(i.mymemset)
    i.put_fat                                0x08007f84   Section        0  ff.o(i.put_fat)
    i.refresh_TFT_160                        0x080080bc   Section        0  test.o(i.refresh_TFT_160)
    i.refresh_TFT_320                        0x08008284   Section        0  test.o(i.refresh_TFT_320)
    i.remove_chain                           0x0800847c   Section        0  ff.o(i.remove_chain)
    remove_chain                             0x0800847d   Thumb Code   108  ff.o(i.remove_chain)
    i.save_to_sdcard                         0x080084e8   Section        0  save_rgb.o(i.save_to_sdcard)
    i.st_clust                               0x080088a4   Section        0  ff.o(i.st_clust)
    st_clust                                 0x080088a5   Thumb Code    16  ff.o(i.st_clust)
    i.sum_sfn                                0x080088b4   Section        0  ff.o(i.sum_sfn)
    sum_sfn                                  0x080088b5   Thumb Code    32  ff.o(i.sum_sfn)
    i.sync_fs                                0x080088d4   Section        0  ff.o(i.sync_fs)
    sync_fs                                  0x080088d5   Thumb Code   200  ff.o(i.sync_fs)
    i.sync_window                            0x0800899c   Section        0  ff.o(i.sync_window)
    sync_window                              0x0800899d   Thumb Code    76  ff.o(i.sync_window)
    i.u32_to_4u8                             0x080089e8   Section        0  save_rgb.o(i.u32_to_4u8)
    i.uart_init                              0x08008a6c   Section        0  usart.o(i.uart_init)
    i.validate                               0x08008b5c   Section        0  ff.o(i.validate)
    validate                                 0x08008b5d   Thumb Code    54  ff.o(i.validate)
    x$fpl$fadd                               0x08008b94   Section      196  faddsub_clz.o(x$fpl$fadd)
    _fadd1                                   0x08008ba3   Thumb Code     0  faddsub_clz.o(x$fpl$fadd)
    x$fpl$fdiv                               0x08008c58   Section      388  fdiv.o(x$fpl$fdiv)
    _fdiv1                                   0x08008c59   Thumb Code     0  fdiv.o(x$fpl$fdiv)
    x$fpl$ffixu                              0x08008ddc   Section       62  ffixu.o(x$fpl$ffixu)
    x$fpl$ffltu                              0x08008e1c   Section       38  fflt_clz.o(x$fpl$ffltu)
    x$fpl$fmul                               0x08008e44   Section      258  fmul.o(x$fpl$fmul)
    x$fpl$fnaninf                            0x08008f46   Section      140  fnaninf.o(x$fpl$fnaninf)
    x$fpl$fretinf                            0x08008fd2   Section       10  fretinf.o(x$fpl$fretinf)
    x$fpl$frsb                               0x08008fdc   Section       20  faddsub_clz.o(x$fpl$frsb)
    x$fpl$fsub                               0x08008ff0   Section      234  faddsub_clz.o(x$fpl$fsub)
    _fsub1                                   0x08008fff   Thumb Code     0  faddsub_clz.o(x$fpl$fsub)
    .constdata                               0x080090da   Section     6080  ili93xx.o(.constdata)
    x$fpl$usenofp                            0x080090da   Section        0  usenofp.o(x$fpl$usenofp)
    .constdata                               0x0800a89a   Section      230  ov7670.o(.constdata)
    .constdata                               0x0800a980   Section       58  ff.o(.constdata)
    LfnOfs                                   0x0800a980   Data          13  ff.o(.constdata)
    vst                                      0x0800a98e   Data          22  ff.o(.constdata)
    cst                                      0x0800a9a4   Data          22  ff.o(.constdata)
    .constdata                               0x0800a9ba   Section    175304  cc936.o(.constdata)
    uni2oem                                  0x0800a9ba   Data       87172  cc936.o(.constdata)
    oem2uni                                  0x0801fe3e   Data       87172  cc936.o(.constdata)
    tbl_lower                                0x080352c2   Data         480  cc936.o(.constdata)
    tbl_upper                                0x080354a2   Data         480  cc936.o(.constdata)
    .constdata                               0x08035682   Section       40  _printf_hex_int.o(.constdata)
    uc_hextab                                0x08035682   Data          20  _printf_hex_int.o(.constdata)
    lc_hextab                                0x08035696   Data          20  _printf_hex_int.o(.constdata)
    .conststring                             0x080356ac   Section      100  exfuns.o(.conststring)
    .data                                    0x20000000   Section        4  delay.o(.data)
    fac_us                                   0x20000000   Data           1  delay.o(.data)
    fac_ms                                   0x20000002   Data           2  delay.o(.data)
    .data                                    0x20000004   Section        6  usart.o(.data)
    .data                                    0x2000000a   Section        4  ili93xx.o(.data)
    .data                                    0x2000000e   Section        2  exti.o(.data)
    .data                                    0x20000010   Section        2  flash.o(.data)
    .data                                    0x20000014   Section       28  save_rgb.o(.data)
    path_name                                0x20000014   Data          20  save_rgb.o(.data)
    RGB_k                                    0x2000002c   Data           4  save_rgb.o(.data)
    .data                                    0x20000030   Section        1  mmc_sd.o(.data)
    .data                                    0x20000032   Section        2  diskio.o(.data)
    .data                                    0x20000034   Section       10  ff.o(.data)
    FatFs                                    0x20000034   Data           8  ff.o(.data)
    Fsid                                     0x2000003c   Data           2  ff.o(.data)
    .data                                    0x20000040   Section      340  exfuns.o(.data)
    .data                                    0x20000194   Section       20  malloc.o(.data)
    .bss                                     0x200001a8   Section    38448  test.o(.bss)
    .bss                                     0x200097d8   Section      200  usart.o(.bss)
    .bss                                     0x200098a0   Section       14  ili93xx.o(.bss)
    .bss                                     0x200098ae   Section     4096  flash.o(.bss)
    .bss                                     0x2000a8b0   Section     4096  malloc.o(.bss)
    .bss                                     0x2000b8b0   Section       96  libspace.o(.bss)
    HEAP                                     0x2000b910   Section      512  startup_stm32f10x_hd.o(HEAP)
    Heap_Mem                                 0x2000b910   Data         512  startup_stm32f10x_hd.o(HEAP)
    STACK                                    0x2000bb10   Section     1024  startup_stm32f10x_hd.o(STACK)
    Stack_Mem                                0x2000bb10   Data        1024  startup_stm32f10x_hd.o(STACK)
    __initial_sp                             0x2000bf10   Data           0  startup_stm32f10x_hd.o(STACK)

    Global Symbols

    Symbol Name                              Value     Ov Type        Size  Object(Section)

    BuildAttributes$$THM_ISAv4$P$D$K$B$S$PE$A:L22UL41UL21$X:L11$S22US41US21$IEEE1$IW$USESV6$~STKCKD$USESV7$~SHL$OSPACE$ROPI$EBA8$UX$STANDARDLIB$REQ8$PRES8$EABIv2 0x00000000   Number         0  anon$$obj.o ABSOLUTE
    __ARM_use_no_argv                        0x00000000   Number         0  test.o ABSOLUTE
    __ARM_exceptions_init                     - Undefined Weak Reference
    __alloca_initialize                       - Undefined Weak Reference
    __cpp_initialize__aeabi_                  - Undefined Weak Reference
    __cxa_finalize                            - Undefined Weak Reference
    __rt_locale                               - Undefined Weak Reference
    __sigvec_lookup                           - Undefined Weak Reference
    _atexit_init                              - Undefined Weak Reference
    _call_atexit_fns                          - Undefined Weak Reference
    _clock_init                               - Undefined Weak Reference
    _fp_trap_init                             - Undefined Weak Reference
    _fp_trap_shutdown                         - Undefined Weak Reference
    _get_lc_collate                           - Undefined Weak Reference
    _get_lc_ctype                             - Undefined Weak Reference
    _get_lc_monetary                          - Undefined Weak Reference
    _get_lc_numeric                           - Undefined Weak Reference
    _get_lc_time                              - Undefined Weak Reference
    _getenv_init                              - Undefined Weak Reference
    _handle_redirection                       - Undefined Weak Reference
    _init_alloc                               - Undefined Weak Reference
    _init_user_alloc                          - Undefined Weak Reference
    _initio                                   - Undefined Weak Reference
    _mutex_acquire                            - Undefined Weak Reference
    _mutex_release                            - Undefined Weak Reference
    _printf_mbtowc                            - Undefined Weak Reference
    _printf_post_padding                      - Undefined Weak Reference
    _printf_pre_padding                       - Undefined Weak Reference
    _printf_truncate_signed                   - Undefined Weak Reference
    _printf_truncate_unsigned                 - Undefined Weak Reference
    _rand_init                                - Undefined Weak Reference
    _signal_finish                            - Undefined Weak Reference
    _signal_init                              - Undefined Weak Reference
    _terminate_alloc                          - Undefined Weak Reference
    _terminate_user_alloc                     - Undefined Weak Reference
    _terminateio                              - Undefined Weak Reference
    __Vectors_Size                           0x00000130   Number         0  startup_stm32f10x_hd.o ABSOLUTE
    __Vectors                                0x08000000   Data           4  startup_stm32f10x_hd.o(RESET)
    __Vectors_End                            0x08000130   Data           0  startup_stm32f10x_hd.o(RESET)
    __main                                   0x08000131   Thumb Code     8  __main.o(!!!main)
    __scatterload                            0x08000139   Thumb Code     0  __scatter.o(!!!scatter)
    __scatterload_rt2                        0x08000139   Thumb Code    44  __scatter.o(!!!scatter)
    __scatterload_rt2_thumb_only             0x08000139   Thumb Code     0  __scatter.o(!!!scatter)
    __scatterload_null                       0x08000147   Thumb Code     0  __scatter.o(!!!scatter)
    __decompress                             0x0800016d   Thumb Code    90  __dczerorl2.o(!!dczerorl2)
    __decompress1                            0x0800016d   Thumb Code     0  __dczerorl2.o(!!dczerorl2)
    __scatterload_zeroinit                   0x080001c9   Thumb Code    28  __scatter_zi.o(!!handler_zi)
    _printf_d                                0x080001e5   Thumb Code     0  _printf_d.o(.ARM.Collect$$_printf_percent$$00000009)
    _printf_percent                          0x080001e5   Thumb Code     0  _printf_percent.o(.ARM.Collect$$_printf_percent$$00000000)
    _printf_x                                0x080001eb   Thumb Code     0  _printf_x.o(.ARM.Collect$$_printf_percent$$0000000C)
    _printf_c                                0x080001f1   Thumb Code     0  _printf_c.o(.ARM.Collect$$_printf_percent$$00000013)
    _printf_percent_end                      0x080001f7   Thumb Code     0  _printf_percent_end.o(.ARM.Collect$$_printf_percent$$00000017)
    __rt_lib_init                            0x080001fb   Thumb Code     0  libinit.o(.ARM.Collect$$libinit$$00000000)
    __rt_lib_init_alloca_1                   0x080001fd   Thumb Code     0  libinit2.o(.ARM.Collect$$libinit$$0000002C)
    __rt_lib_init_argv_1                     0x080001fd   Thumb Code     0  libinit2.o(.ARM.Collect$$libinit$$0000002A)
    __rt_lib_init_atexit_1                   0x080001fd   Thumb Code     0  libinit2.o(.ARM.Collect$$libinit$$00000019)
    __rt_lib_init_clock_1                    0x080001fd   Thumb Code     0  libinit2.o(.ARM.Collect$$libinit$$0000001F)
    __rt_lib_init_cpp_1                      0x080001fd   Thumb Code     0  libinit2.o(.ARM.Collect$$libinit$$00000030)
    __rt_lib_init_exceptions_1               0x080001fd   Thumb Code     0  libinit2.o(.ARM.Collect$$libinit$$0000002E)
    __rt_lib_init_fp_1                       0x080001fd   Thumb Code     0  libinit2.o(.ARM.Collect$$libinit$$00000002)
    __rt_lib_init_fp_trap_1                  0x080001fd   Thumb Code     0  libinit2.o(.ARM.Collect$$libinit$$0000001D)
    __rt_lib_init_getenv_1                   0x080001fd   Thumb Code     0  libinit2.o(.ARM.Collect$$libinit$$00000021)
    __rt_lib_init_heap_1                     0x080001fd   Thumb Code     0  libinit2.o(.ARM.Collect$$libinit$$00000008)
    __rt_lib_init_lc_collate_1               0x080001fd   Thumb Code     0  libinit2.o(.ARM.Collect$$libinit$$0000000F)
    __rt_lib_init_lc_ctype_1                 0x080001fd   Thumb Code     0  libinit2.o(.ARM.Collect$$libinit$$00000011)
    __rt_lib_init_lc_monetary_1              0x080001fd   Thumb Code     0  libinit2.o(.ARM.Collect$$libinit$$00000013)
    __rt_lib_init_lc_numeric_1               0x080001fd   Thumb Code     0  libinit2.o(.ARM.Collect$$libinit$$00000015)
    __rt_lib_init_lc_time_1                  0x080001fd   Thumb Code     0  libinit2.o(.ARM.Collect$$libinit$$00000017)
    __rt_lib_init_rand_1                     0x080001fd   Thumb Code     0  libinit2.o(.ARM.Collect$$libinit$$0000000C)
    __rt_lib_init_return                     0x080001fd   Thumb Code     0  libinit2.o(.ARM.Collect$$libinit$$00000031)
    __rt_lib_init_signal_1                   0x080001fd   Thumb Code     0  libinit2.o(.ARM.Collect$$libinit$$0000001B)
    __rt_lib_init_stdio_1                    0x080001fd   Thumb Code     0  libinit2.o(.ARM.Collect$$libinit$$00000023)
    __rt_lib_init_user_alloc_1               0x080001fd   Thumb Code     0  libinit2.o(.ARM.Collect$$libinit$$0000000A)
    __rt_lib_shutdown                        0x080001ff   Thumb Code     0  libshutdown.o(.ARM.Collect$$libshutdown$$00000000)
    __rt_lib_shutdown_fp_trap_1              0x08000201   Thumb Code     0  libshutdown2.o(.ARM.Collect$$libshutdown$$00000006)
    __rt_lib_shutdown_heap_1                 0x08000201   Thumb Code     0  libshutdown2.o(.ARM.Collect$$libshutdown$$0000000E)
    __rt_lib_shutdown_return                 0x08000201   Thumb Code     0  libshutdown2.o(.ARM.Collect$$libshutdown$$0000000F)
    __rt_lib_shutdown_signal_1               0x08000201   Thumb Code     0  libshutdown2.o(.ARM.Collect$$libshutdown$$00000009)
    __rt_lib_shutdown_stdio_1                0x08000201   Thumb Code     0  libshutdown2.o(.ARM.Collect$$libshutdown$$00000003)
    __rt_lib_shutdown_user_alloc_1           0x08000201   Thumb Code     0  libshutdown2.o(.ARM.Collect$$libshutdown$$0000000B)
    __rt_entry                               0x08000203   Thumb Code     0  rtentry.o(.ARM.Collect$$rtentry$$00000000)
    __rt_entry_presh_1                       0x08000203   Thumb Code     0  rtentry2.o(.ARM.Collect$$rtentry$$00000002)
    __rt_entry_sh                            0x08000203   Thumb Code     0  rtentry4.o(.ARM.Collect$$rtentry$$00000004)
    __rt_entry_li                            0x08000209   Thumb Code     0  rtentry2.o(.ARM.Collect$$rtentry$$0000000A)
    __rt_entry_postsh_1                      0x08000209   Thumb Code     0  rtentry2.o(.ARM.Collect$$rtentry$$00000009)
    __rt_entry_main                          0x0800020d   Thumb Code     0  rtentry2.o(.ARM.Collect$$rtentry$$0000000D)
    __rt_entry_postli_1                      0x0800020d   Thumb Code     0  rtentry2.o(.ARM.Collect$$rtentry$$0000000C)
    __rt_exit                                0x08000215   Thumb Code     0  rtexit.o(.ARM.Collect$$rtexit$$00000000)
    __rt_exit_ls                             0x08000217   Thumb Code     0  rtexit2.o(.ARM.Collect$$rtexit$$00000003)
    __rt_exit_prels_1                        0x08000217   Thumb Code     0  rtexit2.o(.ARM.Collect$$rtexit$$00000002)
    __rt_exit_exit                           0x0800021b   Thumb Code     0  rtexit2.o(.ARM.Collect$$rtexit$$00000004)
    Reset_Handler                            0x08000221   Thumb Code     4  startup_stm32f10x_hd.o(.text)
    NMI_Handler                              0x08000225   Thumb Code     2  startup_stm32f10x_hd.o(.text)
    HardFault_Handler                        0x08000227   Thumb Code     2  startup_stm32f10x_hd.o(.text)
    MemManage_Handler                        0x08000229   Thumb Code     2  startup_stm32f10x_hd.o(.text)
    BusFault_Handler                         0x0800022b   Thumb Code     2  startup_stm32f10x_hd.o(.text)
    UsageFault_Handler                       0x0800022d   Thumb Code     2  startup_stm32f10x_hd.o(.text)
    SVC_Handler                              0x0800022f   Thumb Code     2  startup_stm32f10x_hd.o(.text)
    DebugMon_Handler                         0x08000231   Thumb Code     2  startup_stm32f10x_hd.o(.text)
    PendSV_Handler                           0x08000233   Thumb Code     2  startup_stm32f10x_hd.o(.text)
    SysTick_Handler                          0x08000235   Thumb Code     2  startup_stm32f10x_hd.o(.text)
    ADC1_2_IRQHandler                        0x08000237   Thumb Code     0  startup_stm32f10x_hd.o(.text)
    ADC3_IRQHandler                          0x08000237   Thumb Code     0  startup_stm32f10x_hd.o(.text)
    CAN1_RX1_IRQHandler                      0x08000237   Thumb Code     0  startup_stm32f10x_hd.o(.text)
    CAN1_SCE_IRQHandler                      0x08000237   Thumb Code     0  startup_stm32f10x_hd.o(.text)
    DMA1_Channel1_IRQHandler                 0x08000237   Thumb Code     0  startup_stm32f10x_hd.o(.text)
    DMA1_Channel2_IRQHandler                 0x08000237   Thumb Code     0  startup_stm32f10x_hd.o(.text)
    DMA1_Channel3_IRQHandler                 0x08000237   Thumb Code     0  startup_stm32f10x_hd.o(.text)
    DMA1_Channel4_IRQHandler                 0x08000237   Thumb Code     0  startup_stm32f10x_hd.o(.text)
    DMA1_Channel5_IRQHandler                 0x08000237   Thumb Code     0  startup_stm32f10x_hd.o(.text)
    DMA1_Channel6_IRQHandler                 0x08000237   Thumb Code     0  startup_stm32f10x_hd.o(.text)
    DMA1_Channel7_IRQHandler                 0x08000237   Thumb Code     0  startup_stm32f10x_hd.o(.text)
    DMA2_Channel1_IRQHandler                 0x08000237   Thumb Code     0  startup_stm32f10x_hd.o(.text)
    DMA2_Channel2_IRQHandler                 0x08000237   Thumb Code     0  startup_stm32f10x_hd.o(.text)
    DMA2_Channel3_IRQHandler                 0x08000237   Thumb Code     0  startup_stm32f10x_hd.o(.text)
    DMA2_Channel4_5_IRQHandler               0x08000237   Thumb Code     0  startup_stm32f10x_hd.o(.text)
    EXTI0_IRQHandler                         0x08000237   Thumb Code     0  startup_stm32f10x_hd.o(.text)
    EXTI1_IRQHandler                         0x08000237   Thumb Code     0  startup_stm32f10x_hd.o(.text)
    EXTI2_IRQHandler                         0x08000237   Thumb Code     0  startup_stm32f10x_hd.o(.text)
    EXTI3_IRQHandler                         0x08000237   Thumb Code     0  startup_stm32f10x_hd.o(.text)
    EXTI4_IRQHandler                         0x08000237   Thumb Code     0  startup_stm32f10x_hd.o(.text)
    EXTI9_5_IRQHandler                       0x08000237   Thumb Code     0  startup_stm32f10x_hd.o(.text)
    FLASH_IRQHandler                         0x08000237   Thumb Code     0  startup_stm32f10x_hd.o(.text)
    FSMC_IRQHandler                          0x08000237   Thumb Code     0  startup_stm32f10x_hd.o(.text)
    I2C1_ER_IRQHandler                       0x08000237   Thumb Code     0  startup_stm32f10x_hd.o(.text)
    I2C1_EV_IRQHandler                       0x08000237   Thumb Code     0  startup_stm32f10x_hd.o(.text)
    I2C2_ER_IRQHandler                       0x08000237   Thumb Code     0  startup_stm32f10x_hd.o(.text)
    I2C2_EV_IRQHandler                       0x08000237   Thumb Code     0  startup_stm32f10x_hd.o(.text)
    PVD_IRQHandler                           0x08000237   Thumb Code     0  startup_stm32f10x_hd.o(.text)
    RCC_IRQHandler                           0x08000237   Thumb Code     0  startup_stm32f10x_hd.o(.text)
    RTCAlarm_IRQHandler                      0x08000237   Thumb Code     0  startup_stm32f10x_hd.o(.text)
    RTC_IRQHandler                           0x08000237   Thumb Code     0  startup_stm32f10x_hd.o(.text)
    SDIO_IRQHandler                          0x08000237   Thumb Code     0  startup_stm32f10x_hd.o(.text)
    SPI1_IRQHandler                          0x08000237   Thumb Code     0  startup_stm32f10x_hd.o(.text)
    SPI2_IRQHandler                          0x08000237   Thumb Code     0  startup_stm32f10x_hd.o(.text)
    SPI3_IRQHandler                          0x08000237   Thumb Code     0  startup_stm32f10x_hd.o(.text)
    TAMPER_IRQHandler                        0x08000237   Thumb Code     0  startup_stm32f10x_hd.o(.text)
    TIM1_BRK_IRQHandler                      0x08000237   Thumb Code     0  startup_stm32f10x_hd.o(.text)
    TIM1_CC_IRQHandler                       0x08000237   Thumb Code     0  startup_stm32f10x_hd.o(.text)
    TIM1_TRG_COM_IRQHandler                  0x08000237   Thumb Code     0  startup_stm32f10x_hd.o(.text)
    TIM1_UP_IRQHandler                       0x08000237   Thumb Code     0  startup_stm32f10x_hd.o(.text)
    TIM2_IRQHandler                          0x08000237   Thumb Code     0  startup_stm32f10x_hd.o(.text)
    TIM3_IRQHandler                          0x08000237   Thumb Code     0  startup_stm32f10x_hd.o(.text)
    TIM4_IRQHandler                          0x08000237   Thumb Code     0  startup_stm32f10x_hd.o(.text)
    TIM5_IRQHandler                          0x08000237   Thumb Code     0  startup_stm32f10x_hd.o(.text)
    TIM6_IRQHandler                          0x08000237   Thumb Code     0  startup_stm32f10x_hd.o(.text)
    TIM7_IRQHandler                          0x08000237   Thumb Code     0  startup_stm32f10x_hd.o(.text)
    TIM8_BRK_IRQHandler                      0x08000237   Thumb Code     0  startup_stm32f10x_hd.o(.text)
    TIM8_CC_IRQHandler                       0x08000237   Thumb Code     0  startup_stm32f10x_hd.o(.text)
    TIM8_TRG_COM_IRQHandler                  0x08000237   Thumb Code     0  startup_stm32f10x_hd.o(.text)
    TIM8_UP_IRQHandler                       0x08000237   Thumb Code     0  startup_stm32f10x_hd.o(.text)
    UART4_IRQHandler                         0x08000237   Thumb Code     0  startup_stm32f10x_hd.o(.text)
    UART5_IRQHandler                         0x08000237   Thumb Code     0  startup_stm32f10x_hd.o(.text)
    USART2_IRQHandler                        0x08000237   Thumb Code     0  startup_stm32f10x_hd.o(.text)
    USART3_IRQHandler                        0x08000237   Thumb Code     0  startup_stm32f10x_hd.o(.text)
    USBWakeUp_IRQHandler                     0x08000237   Thumb Code     0  startup_stm32f10x_hd.o(.text)
    USB_HP_CAN1_TX_IRQHandler                0x08000237   Thumb Code     0  startup_stm32f10x_hd.o(.text)
    USB_LP_CAN1_RX0_IRQHandler               0x08000237   Thumb Code     0  startup_stm32f10x_hd.o(.text)
    WWDG_IRQHandler                          0x08000237   Thumb Code     0  startup_stm32f10x_hd.o(.text)
    __user_initial_stackheap                 0x08000239   Thumb Code     0  startup_stm32f10x_hd.o(.text)
    __use_no_semihosting                     0x08000259   Thumb Code     2  use_no_semi_2.o(.text)
    __2printf                                0x0800025d   Thumb Code    20  noretval__2printf.o(.text)
    __printf                                 0x08000275   Thumb Code   104  __printf.o(.text)
    _printf_str                              0x080002dd   Thumb Code    82  _printf_str.o(.text)
    _printf_int_dec                          0x08000331   Thumb Code   100  _printf_dec.o(.text)
    _printf_int_hex                          0x080003a5   Thumb Code    84  _printf_hex_int.o(.text)
    _printf_longlong_hex                     0x080003a5   Thumb Code     0  _printf_hex_int.o(.text)
    __use_two_region_memory                  0x080003fd   Thumb Code     2  heapauxi.o(.text)
    __rt_heap_escrow$2region                 0x080003ff   Thumb Code     2  heapauxi.o(.text)
    __rt_heap_expand$2region                 0x08000401   Thumb Code     2  heapauxi.o(.text)
    __I$use$semihosting                      0x08000403   Thumb Code     0  use_no_semi.o(.text)
    __use_no_semihosting_swi                 0x08000403   Thumb Code     2  use_no_semi.o(.text)
    _printf_int_common                       0x08000405   Thumb Code   178  _printf_intcommon.o(.text)
    _printf_cs_common                        0x080004b7   Thumb Code    20  _printf_char.o(.text)
    _printf_char                             0x080004cb   Thumb Code    16  _printf_char.o(.text)
    _printf_string                           0x080004db   Thumb Code     8  _printf_char.o(.text)
    _printf_char_file                        0x080004e5   Thumb Code    32  _printf_char_file.o(.text)
    _printf_char_common                      0x08000513   Thumb Code    32  _printf_char_common.o(.text)
    ferror                                   0x08000539   Thumb Code     8  ferror.o(.text)
    __user_setup_stackheap                   0x08000541   Thumb Code    74  sys_stackheap_outer.o(.text)
    exit                                     0x0800058b   Thumb Code    12  exit.o(.text)
    __user_libspace                          0x08000599   Thumb Code     8  libspace.o(.text)
    __user_perproc_libspace                  0x08000599   Thumb Code     0  libspace.o(.text)
    __user_perthread_libspace                0x08000599   Thumb Code     0  libspace.o(.text)
    EXTI15_10_IRQHandler                     0x080005a1   Thumb Code   104  exti.o(i.EXTI15_10_IRQHandler)
    EXTI15_Init                              0x08000631   Thumb Code   146  exti.o(i.EXTI15_Init)
    Ex_NVIC_Config                           0x080006d1   Thumb Code   146  sys.o(i.Ex_NVIC_Config)
    JTAG_Set                                 0x08000771   Thumb Code    38  sys.o(i.JTAG_Set)
    LCD_Clear                                0x080007a1   Thumb Code   122  ili93xx.o(i.LCD_Clear)
    LCD_Display_Dir                          0x08000829   Thumb Code   420  ili93xx.o(i.LCD_Display_Dir)
    LCD_Fast_DrawPoint                       0x080009d1   Thumb Code   590  ili93xx.o(i.LCD_Fast_DrawPoint)
    LCD_Fill                                 0x08000c2d   Thumb Code   200  ili93xx.o(i.LCD_Fill)
    LCD_Init                                 0x08000d01   Thumb Code 14914  ili93xx.o(i.LCD_Init)
    LCD_RD_DATA                              0x0800474d   Thumb Code    98  ili93xx.o(i.LCD_RD_DATA)
    LCD_ReadReg                              0x080047bd   Thumb Code    16  ili93xx.o(i.LCD_ReadReg)
    LCD_Scan_Dir                             0x080047cd   Thumb Code  1070  ili93xx.o(i.LCD_Scan_Dir)
    LCD_SetCursor                            0x08004c01   Thumb Code   534  ili93xx.o(i.LCD_SetCursor)
    LCD_ShowChar                             0x08004e25   Thumb Code   272  ili93xx.o(i.LCD_ShowChar)
    LCD_ShowString                           0x08004f4d   Thumb Code   102  ili93xx.o(i.LCD_ShowString)
    LCD_WR_DATAX                             0x08004fb5   Thumb Code    28  ili93xx.o(i.LCD_WR_DATAX)
    LCD_WR_REG                               0x08004fd9   Thumb Code    28  ili93xx.o(i.LCD_WR_REG)
    LCD_WriteRAM_Prepare                     0x08004ffd   Thumb Code    12  ili93xx.o(i.LCD_WriteRAM_Prepare)
    LCD_WriteReg                             0x0800500d   Thumb Code    40  ili93xx.o(i.LCD_WriteReg)
    MYRCC_DeInit                             0x0800503d   Thumb Code    90  sys.o(i.MYRCC_DeInit)
    MY_NVIC_Init                             0x080050a5   Thumb Code   116  sys.o(i.MY_NVIC_Init)
    MY_NVIC_PriorityGroupConfig              0x0800511d   Thumb Code    32  sys.o(i.MY_NVIC_PriorityGroupConfig)
    MY_NVIC_SetVectorTable                   0x08005145   Thumb Code    12  sys.o(i.MY_NVIC_SetVectorTable)
    OV7670_Init                              0x08005159   Thumb Code   250  ov7670.o(i.OV7670_Init)
    SCCB_Init                                0x08005279   Thumb Code    66  sccb.o(i.SCCB_Init)
    SCCB_No_Ack                              0x080052c5   Thumb Code    56  sccb.o(i.SCCB_No_Ack)
    SCCB_RD_Byte                             0x08005305   Thumb Code   104  sccb.o(i.SCCB_RD_Byte)
    SCCB_RD_Reg                              0x08005379   Thumb Code    78  sccb.o(i.SCCB_RD_Reg)
    SCCB_Start                               0x080053c9   Thumb Code    42  sccb.o(i.SCCB_Start)
    SCCB_Stop                                0x080053fd   Thumb Code    42  sccb.o(i.SCCB_Stop)
    SCCB_WR_Byte                             0x08005431   Thumb Code   158  sccb.o(i.SCCB_WR_Byte)
    SCCB_WR_Reg                              0x080054dd   Thumb Code    62  sccb.o(i.SCCB_WR_Reg)
    SD_DisSelect                             0x0800551d   Thumb Code    16  mmc_sd.o(i.SD_DisSelect)
    SD_GetCSD                                0x08005531   Thumb Code    42  mmc_sd.o(i.SD_GetCSD)
    SD_GetResponse                           0x0800555b   Thumb Code    38  mmc_sd.o(i.SD_GetResponse)
    SD_GetSectorCount                        0x08005581   Thumb Code   118  mmc_sd.o(i.SD_GetSectorCount)
    SD_Initialize                            0x080055f9   Thumb Code   386  mmc_sd.o(i.SD_Initialize)
    SD_ReadDisk                              0x08005781   Thumb Code   112  mmc_sd.o(i.SD_ReadDisk)
    SD_RecvData                              0x080057f5   Thumb Code    56  mmc_sd.o(i.SD_RecvData)
    SD_SPI_Init                              0x0800582d   Thumb Code    66  mmc_sd.o(i.SD_SPI_Init)
    SD_SPI_ReadWriteByte                     0x08005885   Thumb Code    12  mmc_sd.o(i.SD_SPI_ReadWriteByte)
    SD_SPI_SpeedHigh                         0x08005891   Thumb Code    10  mmc_sd.o(i.SD_SPI_SpeedHigh)
    SD_SPI_SpeedLow                          0x0800589b   Thumb Code    10  mmc_sd.o(i.SD_SPI_SpeedLow)
    SD_Select                                0x080058a5   Thumb Code    26  mmc_sd.o(i.SD_Select)
    SD_SendBlock                             0x080058c5   Thumb Code    82  mmc_sd.o(i.SD_SendBlock)
    SD_SendCmd                               0x08005917   Thumb Code   120  mmc_sd.o(i.SD_SendCmd)
    SD_WaitReady                             0x0800598f   Thumb Code    34  mmc_sd.o(i.SD_WaitReady)
    SD_WriteDisk                             0x080059b1   Thumb Code   140  mmc_sd.o(i.SD_WriteDisk)
    SPI1_Init                                0x08005a41   Thumb Code   162  spi.o(i.SPI1_Init)
    SPI1_ReadWriteByte                       0x08005af5   Thumb Code    78  spi.o(i.SPI1_ReadWriteByte)
    SPI1_SetSpeed                            0x08005b49   Thumb Code    40  spi.o(i.SPI1_SetSpeed)
    SPI_FLASH_Write_Enable                   0x08005b75   Thumb Code    24  flash.o(i.SPI_FLASH_Write_Enable)
    SPI_Flash_Erase_Sector                   0x08005b95   Thumb Code    62  flash.o(i.SPI_Flash_Erase_Sector)
    SPI_Flash_Init                           0x08005bdd   Thumb Code    74  flash.o(i.SPI_Flash_Init)
    SPI_Flash_Read                           0x08005c3d   Thumb Code    74  flash.o(i.SPI_Flash_Read)
    SPI_Flash_ReadID                         0x08005c8d   Thumb Code    64  flash.o(i.SPI_Flash_ReadID)
    SPI_Flash_ReadSR                         0x08005cd5   Thumb Code    36  flash.o(i.SPI_Flash_ReadSR)
    SPI_Flash_Wait_Busy                      0x08005d01   Thumb Code    18  flash.o(i.SPI_Flash_Wait_Busy)
    SPI_Flash_Write                          0x08005d15   Thumb Code   176  flash.o(i.SPI_Flash_Write)
    SPI_Flash_Write_NoCheck                  0x08005dc9   Thumb Code    70  flash.o(i.SPI_Flash_Write_NoCheck)
    SPI_Flash_Write_Page                     0x08005e11   Thumb Code    80  flash.o(i.SPI_Flash_Write_Page)
    Stm32_Clock_Init                         0x08005e65   Thumb Code   134  sys.o(i.Stm32_Clock_Init)
    USART1_IRQHandler                        0x08005ef5   Thumb Code   118  usart.o(i.USART1_IRQHandler)
    _sys_exit                                0x08005f79   Thumb Code     6  usart.o(i._sys_exit)
    change_path                              0x08005f81   Thumb Code   158  save_rgb.o(i.change_path)
    clust2sect                               0x0800611b   Thumb Code    26  ff.o(i.clust2sect)
    delay_init                               0x0800650d   Thumb Code    56  delay.o(i.delay_init)
    delay_ms                                 0x0800654d   Thumb Code    56  delay.o(i.delay_ms)
    delay_us                                 0x08006589   Thumb Code    56  delay.o(i.delay_us)
    disk_initialize                          0x080069d9   Thumb Code    88  diskio.o(i.disk_initialize)
    disk_ioctl                               0x08006a39   Thumb Code   154  diskio.o(i.disk_ioctl)
    disk_read                                0x08006add   Thumb Code   118  diskio.o(i.disk_read)
    disk_status                              0x08006b53   Thumb Code     6  diskio.o(i.disk_status)
    disk_write                               0x08006b59   Thumb Code    98  diskio.o(i.disk_write)
    exfuns_init                              0x08006bbd   Thumb Code   100  exfuns.o(i.exfuns_init)
    f_close                                  0x08006c31   Thumb Code    32  ff.o(i.f_close)
    f_lseek                                  0x08006c51   Thumb Code   654  ff.o(i.f_lseek)
    f_mkdir                                  0x08006edf   Thumb Code   380  ff.o(i.f_mkdir)
    f_mount                                  0x0800705d   Thumb Code    86  ff.o(i.f_mount)
    f_open                                   0x080070b9   Thumb Code   384  ff.o(i.f_open)
    f_sync                                   0x08007239   Thumb Code   176  ff.o(i.f_sync)
    f_write                                  0x080072e9   Thumb Code   498  ff.o(i.f_write)
    ff_convert                               0x080074dd   Thumb Code   116  cc936.o(i.ff_convert)
    ff_memalloc                              0x08007559   Thumb Code    12  diskio.o(i.ff_memalloc)
    ff_memfree                               0x08007565   Thumb Code    12  diskio.o(i.ff_memfree)
    ff_wtoupper                              0x08007571   Thumb Code    46  cc936.o(i.ff_wtoupper)
    fputc                                    0x08007a41   Thumb Code    24  usart.o(i.fputc)
    get_fat                                  0x08007b25   Thumb Code   232  ff.o(i.get_fat)
    get_fattime                              0x08007c0d   Thumb Code     4  diskio.o(i.get_fattime)
    main                                     0x08007c7d   Thumb Code   236  test.o(i.main)
    mem_free                                 0x08007dd9   Thumb Code    66  malloc.o(i.mem_free)
    mem_init                                 0x08007e21   Thumb Code    38  malloc.o(i.mem_init)
    mem_malloc                               0x08007e4d   Thumb Code   116  malloc.o(i.mem_malloc)
    mem_perused                              0x08007ec5   Thumb Code    36  malloc.o(i.mem_perused)
    myfree                                   0x08007f35   Thumb Code    24  malloc.o(i.myfree)
    mymalloc                                 0x08007f51   Thumb Code    28  malloc.o(i.mymalloc)
    mymemset                                 0x08007f71   Thumb Code    20  malloc.o(i.mymemset)
    put_fat                                  0x08007f85   Thumb Code   310  ff.o(i.put_fat)
    refresh_TFT_160                          0x080080bd   Thumb Code   426  test.o(i.refresh_TFT_160)
    refresh_TFT_320                          0x08008285   Thumb Code   470  test.o(i.refresh_TFT_320)
    save_to_sdcard                           0x080084e9   Thumb Code   866  save_rgb.o(i.save_to_sdcard)
    u32_to_4u8                               0x080089e9   Thumb Code   126  save_rgb.o(i.u32_to_4u8)
    uart_init                                0x08008a6d   Thumb Code   222  usart.o(i.uart_init)
    __aeabi_fadd                             0x08008b95   Thumb Code     0  faddsub_clz.o(x$fpl$fadd)
    _fadd                                    0x08008b95   Thumb Code   196  faddsub_clz.o(x$fpl$fadd)
    __aeabi_fdiv                             0x08008c59   Thumb Code     0  fdiv.o(x$fpl$fdiv)
    _fdiv                                    0x08008c59   Thumb Code   384  fdiv.o(x$fpl$fdiv)
    __aeabi_f2uiz                            0x08008ddd   Thumb Code     0  ffixu.o(x$fpl$ffixu)
    _ffixu                                   0x08008ddd   Thumb Code    62  ffixu.o(x$fpl$ffixu)
    __aeabi_ui2f                             0x08008e1d   Thumb Code     0  fflt_clz.o(x$fpl$ffltu)
    _ffltu                                   0x08008e1d   Thumb Code    38  fflt_clz.o(x$fpl$ffltu)
    __aeabi_fmul                             0x08008e45   Thumb Code     0  fmul.o(x$fpl$fmul)
    _fmul                                    0x08008e45   Thumb Code   258  fmul.o(x$fpl$fmul)
    __fpl_fnaninf                            0x08008f47   Thumb Code   140  fnaninf.o(x$fpl$fnaninf)
    __fpl_fretinf                            0x08008fd3   Thumb Code    10  fretinf.o(x$fpl$fretinf)
    __aeabi_frsub                            0x08008fdd   Thumb Code     0  faddsub_clz.o(x$fpl$frsb)
    _frsb                                    0x08008fdd   Thumb Code    20  faddsub_clz.o(x$fpl$frsb)
    __aeabi_fsub                             0x08008ff1   Thumb Code     0  faddsub_clz.o(x$fpl$fsub)
    _fsub                                    0x08008ff1   Thumb Code   234  faddsub_clz.o(x$fpl$fsub)
    __I$use$fp                               0x080090da   Number         0  usenofp.o(x$fpl$usenofp)
    asc2_1206                                0x080090da   Data        1140  ili93xx.o(.constdata)
    asc2_1608                                0x0800954e   Data        1520  ili93xx.o(.constdata)
    asc2_2412                                0x08009b3e   Data        3420  ili93xx.o(.constdata)
    ov7670_init_reg_tbl                      0x0800a89a   Data         230  ov7670.o(.constdata)
    Region$$Table$$Base                      0x08035710   Number         0  anon$$obj.o(Region$$Table)
    Region$$Table$$Limit                     0x08035730   Number         0  anon$$obj.o(Region$$Table)
    __stdout                                 0x20000004   Data           4  usart.o(.data)
    USART_RX_STA                             0x20000008   Data           2  usart.o(.data)
    POINT_COLOR                              0x2000000a   Data           2  ili93xx.o(.data)
    BACK_COLOR                               0x2000000c   Data           2  ili93xx.o(.data)
    ov_sta                                   0x2000000e   Data           1  exti.o(.data)
    ultra_red                                0x2000000f   Data           1  exti.o(.data)
    SPI_FLASH_TYPE                           0x20000010   Data           2  flash.o(.data)
    num_1                                    0x20000028   Data           1  save_rgb.o(.data)
    num_2                                    0x20000029   Data           1  save_rgb.o(.data)
    num_3                                    0x2000002a   Data           1  save_rgb.o(.data)
    SD_Type                                  0x20000030   Data           1  mmc_sd.o(.data)
    FLASH_SECTOR_COUNT                       0x20000032   Data           2  diskio.o(.data)
    FILE_TYPE_TBL                            0x20000040   Data         312  exfuns.o(.data)
    fs                                       0x20000178   Data           8  exfuns.o(.data)
    file                                     0x20000180   Data           4  exfuns.o(.data)
    ftemp                                    0x20000184   Data           4  exfuns.o(.data)
    br                                       0x20000188   Data           4  exfuns.o(.data)
    bw                                       0x2000018c   Data           4  exfuns.o(.data)
    fatbuf                                   0x20000190   Data           4  exfuns.o(.data)
    mallco_dev                               0x20000194   Data          20  malloc.o(.data)
    R                                        0x200001a8   Data          48  test.o(.bss)
    RGB_565                                  0x200001d8   Data       38400  test.o(.bss)
    USART_RX_BUF                             0x200097d8   Data         200  usart.o(.bss)
    lcddev                                   0x200098a0   Data          14  ili93xx.o(.bss)
    SPI_FLASH_BUF                            0x200098ae   Data        4096  flash.o(.bss)
    membase                                  0x2000a8b0   Data        2048  malloc.o(.bss)
    memmapbase                               0x2000b0b0   Data        2048  malloc.o(.bss)
    __libspace_start                         0x2000b8b0   Data          96  libspace.o(.bss)
    __temporary_stack_top$libspace           0x2000b910   Data           0  libspace.o(.bss)



==============================================================================

Memory Map of the image

  Image Entry point : 0x08000131

  Load Region LR_IROM1 (Base: 0x08000000, Size: 0x000358d8, Max: 0x00040000, ABSOLUTE, COMPRESSED[0x000357ac])

    Execution Region ER_IROM1 (Base: 0x08000000, Size: 0x00035730, Max: 0x00040000, ABSOLUTE)

    Base Addr    Size         Type   Attr      Idx    E Section Name        Object

    0x08000000   0x00000130   Data   RO            3    RESET               startup_stm32f10x_hd.o
    0x08000130   0x00000008   Code   RO         1751  * !!!main             c_w.l(__main.o)
    0x08000138   0x00000034   Code   RO         1947    !!!scatter          c_w.l(__scatter.o)
    0x0800016c   0x0000005a   Code   RO         1945    !!dczerorl2         c_w.l(__dczerorl2.o)
    0x080001c6   0x00000002   PAD
    0x080001c8   0x0000001c   Code   RO         1949    !!handler_zi        c_w.l(__scatter_zi.o)
    0x080001e4   0x00000000   Code   RO         1744    .ARM.Collect$$_printf_percent$$00000000  c_w.l(_printf_percent.o)
    0x080001e4   0x00000006   Code   RO         1743    .ARM.Collect$$_printf_percent$$00000009  c_w.l(_printf_d.o)
    0x080001ea   0x00000006   Code   RO         1742    .ARM.Collect$$_printf_percent$$0000000C  c_w.l(_printf_x.o)
    0x080001f0   0x00000006   Code   RO         1740    .ARM.Collect$$_printf_percent$$00000013  c_w.l(_printf_c.o)
    0x080001f6   0x00000004   Code   RO         1784    .ARM.Collect$$_printf_percent$$00000017  c_w.l(_printf_percent_end.o)
    0x080001fa   0x00000002   Code   RO         1822    .ARM.Collect$$libinit$$00000000  c_w.l(libinit.o)
    0x080001fc   0x00000000   Code   RO         1829    .ARM.Collect$$libinit$$00000002  c_w.l(libinit2.o)
    0x080001fc   0x00000000   Code   RO         1832    .ARM.Collect$$libinit$$00000008  c_w.l(libinit2.o)
    0x080001fc   0x00000000   Code   RO         1834    .ARM.Collect$$libinit$$0000000A  c_w.l(libinit2.o)
    0x080001fc   0x00000000   Code   RO         1836    .ARM.Collect$$libinit$$0000000C  c_w.l(libinit2.o)
    0x080001fc   0x00000000   Code   RO         1839    .ARM.Collect$$libinit$$0000000F  c_w.l(libinit2.o)
    0x080001fc   0x00000000   Code   RO         1841    .ARM.Collect$$libinit$$00000011  c_w.l(libinit2.o)
    0x080001fc   0x00000000   Code   RO         1843    .ARM.Collect$$libinit$$00000013  c_w.l(libinit2.o)
    0x080001fc   0x00000000   Code   RO         1845    .ARM.Collect$$libinit$$00000015  c_w.l(libinit2.o)
    0x080001fc   0x00000000   Code   RO         1847    .ARM.Collect$$libinit$$00000017  c_w.l(libinit2.o)
    0x080001fc   0x00000000   Code   RO         1849    .ARM.Collect$$libinit$$00000019  c_w.l(libinit2.o)
    0x080001fc   0x00000000   Code   RO         1851    .ARM.Collect$$libinit$$0000001B  c_w.l(libinit2.o)
    0x080001fc   0x00000000   Code   RO         1853    .ARM.Collect$$libinit$$0000001D  c_w.l(libinit2.o)
    0x080001fc   0x00000000   Code   RO         1855    .ARM.Collect$$libinit$$0000001F  c_w.l(libinit2.o)
    0x080001fc   0x00000000   Code   RO         1857    .ARM.Collect$$libinit$$00000021  c_w.l(libinit2.o)
    0x080001fc   0x00000000   Code   RO         1859    .ARM.Collect$$libinit$$00000023  c_w.l(libinit2.o)
    0x080001fc   0x00000000   Code   RO         1863    .ARM.Collect$$libinit$$0000002A  c_w.l(libinit2.o)
    0x080001fc   0x00000000   Code   RO         1865    .ARM.Collect$$libinit$$0000002C  c_w.l(libinit2.o)
    0x080001fc   0x00000000   Code   RO         1867    .ARM.Collect$$libinit$$0000002E  c_w.l(libinit2.o)
    0x080001fc   0x00000000   Code   RO         1869    .ARM.Collect$$libinit$$00000030  c_w.l(libinit2.o)
    0x080001fc   0x00000002   Code   RO         1870    .ARM.Collect$$libinit$$00000031  c_w.l(libinit2.o)
    0x080001fe   0x00000002   Code   RO         1888    .ARM.Collect$$libshutdown$$00000000  c_w.l(libshutdown.o)
    0x08000200   0x00000000   Code   RO         1899    .ARM.Collect$$libshutdown$$00000003  c_w.l(libshutdown2.o)
    0x08000200   0x00000000   Code   RO         1902    .ARM.Collect$$libshutdown$$00000006  c_w.l(libshutdown2.o)
    0x08000200   0x00000000   Code   RO         1905    .ARM.Collect$$libshutdown$$00000009  c_w.l(libshutdown2.o)
    0x08000200   0x00000000   Code   RO         1907    .ARM.Collect$$libshutdown$$0000000B  c_w.l(libshutdown2.o)
    0x08000200   0x00000000   Code   RO         1910    .ARM.Collect$$libshutdown$$0000000E  c_w.l(libshutdown2.o)
    0x08000200   0x00000002   Code   RO         1911    .ARM.Collect$$libshutdown$$0000000F  c_w.l(libshutdown2.o)
    0x08000202   0x00000000   Code   RO         1777    .ARM.Collect$$rtentry$$00000000  c_w.l(rtentry.o)
    0x08000202   0x00000000   Code   RO         1791    .ARM.Collect$$rtentry$$00000002  c_w.l(rtentry2.o)
    0x08000202   0x00000006   Code   RO         1803    .ARM.Collect$$rtentry$$00000004  c_w.l(rtentry4.o)
    0x08000208   0x00000000   Code   RO         1793    .ARM.Collect$$rtentry$$00000009  c_w.l(rtentry2.o)
    0x08000208   0x00000004   Code   RO         1794    .ARM.Collect$$rtentry$$0000000A  c_w.l(rtentry2.o)
    0x0800020c   0x00000000   Code   RO         1796    .ARM.Collect$$rtentry$$0000000C  c_w.l(rtentry2.o)
    0x0800020c   0x00000008   Code   RO         1797    .ARM.Collect$$rtentry$$0000000D  c_w.l(rtentry2.o)
    0x08000214   0x00000002   Code   RO         1826    .ARM.Collect$$rtexit$$00000000  c_w.l(rtexit.o)
    0x08000216   0x00000000   Code   RO         1872    .ARM.Collect$$rtexit$$00000002  c_w.l(rtexit2.o)
    0x08000216   0x00000004   Code   RO         1873    .ARM.Collect$$rtexit$$00000003  c_w.l(rtexit2.o)
    0x0800021a   0x00000006   Code   RO         1874    .ARM.Collect$$rtexit$$00000004  c_w.l(rtexit2.o)
    0x08000220   0x00000038   Code   RO            4    .text               startup_stm32f10x_hd.o
    0x08000258   0x00000002   Code   RO         1687    .text               c_w.l(use_no_semi_2.o)
    0x0800025a   0x00000002   PAD
    0x0800025c   0x00000018   Code   RO         1691    .text               c_w.l(noretval__2printf.o)
    0x08000274   0x00000068   Code   RO         1693    .text               c_w.l(__printf.o)
    0x080002dc   0x00000052   Code   RO         1695    .text               c_w.l(_printf_str.o)
    0x0800032e   0x00000002   PAD
    0x08000330   0x00000074   Code   RO         1697    .text               c_w.l(_printf_dec.o)
    0x080003a4   0x00000058   Code   RO         1702    .text               c_w.l(_printf_hex_int.o)
    0x080003fc   0x00000006   Code   RO         1749    .text               c_w.l(heapauxi.o)
    0x08000402   0x00000002   Code   RO         1775    .text               c_w.l(use_no_semi.o)
    0x08000404   0x000000b2   Code   RO         1778    .text               c_w.l(_printf_intcommon.o)
    0x080004b6   0x0000002c   Code   RO         1780    .text               c_w.l(_printf_char.o)
    0x080004e2   0x00000002   PAD
    0x080004e4   0x00000024   Code   RO         1782    .text               c_w.l(_printf_char_file.o)
    0x08000508   0x00000030   Code   RO         1805    .text               c_w.l(_printf_char_common.o)
    0x08000538   0x00000008   Code   RO         1807    .text               c_w.l(ferror.o)
    0x08000540   0x0000004a   Code   RO         1811    .text               c_w.l(sys_stackheap_outer.o)
    0x0800058a   0x0000000c   Code   RO         1815    .text               c_w.l(exit.o)
    0x08000596   0x00000002   PAD
    0x08000598   0x00000008   Code   RO         1823    .text               c_w.l(libspace.o)
    0x080005a0   0x00000090   Code   RO          616    i.EXTI15_10_IRQHandler  exti.o
    0x08000630   0x000000a0   Code   RO          617    i.EXTI15_Init       exti.o
    0x080006d0   0x000000a0   Code   RO          163    i.Ex_NVIC_Config    sys.o
    0x08000770   0x00000030   Code   RO          164    i.JTAG_Set          sys.o
    0x080007a0   0x00000088   Code   RO          284    i.LCD_Clear         ili93xx.o
    0x08000828   0x000001a8   Code   RO          288    i.LCD_Display_Dir   ili93xx.o
    0x080009d0   0x0000025c   Code   RO          293    i.LCD_Fast_DrawPoint  ili93xx.o
    0x08000c2c   0x000000d4   Code   RO          294    i.LCD_Fill          ili93xx.o
    0x08000d00   0x00003a4c   Code   RO          295    i.LCD_Init          ili93xx.o
    0x0800474c   0x00000070   Code   RO          297    i.LCD_RD_DATA       ili93xx.o
    0x080047bc   0x00000010   Code   RO          299    i.LCD_ReadReg       ili93xx.o
    0x080047cc   0x00000434   Code   RO          300    i.LCD_Scan_Dir      ili93xx.o
    0x08004c00   0x00000224   Code   RO          301    i.LCD_SetCursor     ili93xx.o
    0x08004e24   0x00000128   Code   RO          303    i.LCD_ShowChar      ili93xx.o
    0x08004f4c   0x00000066   Code   RO          305    i.LCD_ShowString    ili93xx.o
    0x08004fb2   0x00000002   PAD
    0x08004fb4   0x00000024   Code   RO          307    i.LCD_WR_DATAX      ili93xx.o
    0x08004fd8   0x00000024   Code   RO          308    i.LCD_WR_REG        ili93xx.o
    0x08004ffc   0x00000010   Code   RO          310    i.LCD_WriteRAM_Prepare  ili93xx.o
    0x0800500c   0x00000030   Code   RO          311    i.LCD_WriteReg      ili93xx.o
    0x0800503c   0x00000068   Code   RO          165    i.MYRCC_DeInit      sys.o
    0x080050a4   0x00000078   Code   RO          166    i.MY_NVIC_Init      sys.o
    0x0800511c   0x00000028   Code   RO          167    i.MY_NVIC_PriorityGroupConfig  sys.o
    0x08005144   0x00000014   Code   RO          168    i.MY_NVIC_SetVectorTable  sys.o
    0x08005158   0x00000120   Code   RO          554    i.OV7670_Init       ov7670.o
    0x08005278   0x0000004c   Code   RO          489    i.SCCB_Init         sccb.o
    0x080052c4   0x00000040   Code   RO          490    i.SCCB_No_Ack       sccb.o
    0x08005304   0x00000074   Code   RO          491    i.SCCB_RD_Byte      sccb.o
    0x08005378   0x0000004e   Code   RO          492    i.SCCB_RD_Reg       sccb.o
    0x080053c6   0x00000002   PAD
    0x080053c8   0x00000034   Code   RO          493    i.SCCB_Start        sccb.o
    0x080053fc   0x00000034   Code   RO          494    i.SCCB_Stop         sccb.o
    0x08005430   0x000000ac   Code   RO          495    i.SCCB_WR_Byte      sccb.o
    0x080054dc   0x0000003e   Code   RO          496    i.SCCB_WR_Reg       sccb.o
    0x0800551a   0x00000002   PAD
    0x0800551c   0x00000014   Code   RO          835    i.SD_DisSelect      mmc_sd.o
    0x08005530   0x0000002a   Code   RO          837    i.SD_GetCSD         mmc_sd.o
    0x0800555a   0x00000026   Code   RO          838    i.SD_GetResponse    mmc_sd.o
    0x08005580   0x00000076   Code   RO          839    i.SD_GetSectorCount  mmc_sd.o
    0x080055f6   0x00000002   PAD
    0x080055f8   0x00000188   Code   RO          840    i.SD_Initialize     mmc_sd.o
    0x08005780   0x00000074   Code   RO          841    i.SD_ReadDisk       mmc_sd.o
    0x080057f4   0x00000038   Code   RO          842    i.SD_RecvData       mmc_sd.o
    0x0800582c   0x00000058   Code   RO          843    i.SD_SPI_Init       mmc_sd.o
    0x08005884   0x0000000c   Code   RO          844    i.SD_SPI_ReadWriteByte  mmc_sd.o
    0x08005890   0x0000000a   Code   RO          845    i.SD_SPI_SpeedHigh  mmc_sd.o
    0x0800589a   0x0000000a   Code   RO          846    i.SD_SPI_SpeedLow   mmc_sd.o
    0x080058a4   0x00000020   Code   RO          847    i.SD_Select         mmc_sd.o
    0x080058c4   0x00000052   Code   RO          848    i.SD_SendBlock      mmc_sd.o
    0x08005916   0x00000078   Code   RO          849    i.SD_SendCmd        mmc_sd.o
    0x0800598e   0x00000022   Code   RO          850    i.SD_WaitReady      mmc_sd.o
    0x080059b0   0x00000090   Code   RO          851    i.SD_WriteDisk      mmc_sd.o
    0x08005a40   0x000000b4   Code   RO          756    i.SPI1_Init         spi.o
    0x08005af4   0x00000054   Code   RO          757    i.SPI1_ReadWriteByte  spi.o
    0x08005b48   0x0000002c   Code   RO          758    i.SPI1_SetSpeed     spi.o
    0x08005b74   0x00000020   Code   RO          646    i.SPI_FLASH_Write_Enable  flash.o
    0x08005b94   0x00000048   Code   RO          649    i.SPI_Flash_Erase_Sector  flash.o
    0x08005bdc   0x00000060   Code   RO          650    i.SPI_Flash_Init    flash.o
    0x08005c3c   0x00000050   Code   RO          652    i.SPI_Flash_Read    flash.o
    0x08005c8c   0x00000048   Code   RO          653    i.SPI_Flash_ReadID  flash.o
    0x08005cd4   0x0000002c   Code   RO          654    i.SPI_Flash_ReadSR  flash.o
    0x08005d00   0x00000012   Code   RO          656    i.SPI_Flash_Wait_Busy  flash.o
    0x08005d12   0x00000002   PAD
    0x08005d14   0x000000b4   Code   RO          657    i.SPI_Flash_Write   flash.o
    0x08005dc8   0x00000046   Code   RO          658    i.SPI_Flash_Write_NoCheck  flash.o
    0x08005e0e   0x00000002   PAD
    0x08005e10   0x00000054   Code   RO          659    i.SPI_Flash_Write_Page  flash.o
    0x08005e64   0x00000090   Code   RO          169    i.Stm32_Clock_Init  sys.o
    0x08005ef4   0x00000084   Code   RO          234    i.USART1_IRQHandler  usart.o
    0x08005f78   0x00000006   Code   RO          235    i._sys_exit         usart.o
    0x08005f7e   0x00000002   PAD
    0x08005f80   0x000000c4   Code   RO          788    i.change_path       save_rgb.o
    0x08006044   0x00000090   Code   RO         1031    i.check_fs          ff.o
    0x080060d4   0x00000014   Code   RO         1032    i.chk_chr           ff.o
    0x080060e8   0x00000032   Code   RO         1033    i.clmt_clust        ff.o
    0x0800611a   0x0000001a   Code   RO         1034    i.clust2sect        ff.o
    0x08006134   0x00000090   Code   RO         1035    i.cmp_lfn           ff.o
    0x080061c4   0x000000d6   Code   RO         1036    i.create_chain      ff.o
    0x0800629a   0x00000002   PAD
    0x0800629c   0x00000270   Code   RO         1037    i.create_name       ff.o
    0x0800650c   0x00000040   Code   RO          128    i.delay_init        delay.o
    0x0800654c   0x0000003c   Code   RO          129    i.delay_ms          delay.o
    0x08006588   0x0000003c   Code   RO          130    i.delay_us          delay.o
    0x080065c4   0x0000005c   Code   RO         1038    i.dir_alloc         ff.o
    0x08006620   0x000000de   Code   RO         1039    i.dir_find          ff.o
    0x080066fe   0x00000110   Code   RO         1040    i.dir_next          ff.o
    0x0800680e   0x0000012a   Code   RO         1042    i.dir_register      ff.o
    0x08006938   0x0000009e   Code   RO         1044    i.dir_sdi           ff.o
    0x080069d6   0x00000002   PAD
    0x080069d8   0x00000060   Code   RO          957    i.disk_initialize   diskio.o
    0x08006a38   0x000000a4   Code   RO          958    i.disk_ioctl        diskio.o
    0x08006adc   0x00000076   Code   RO          959    i.disk_read         diskio.o
    0x08006b52   0x00000006   Code   RO          960    i.disk_status       diskio.o
    0x08006b58   0x00000062   Code   RO          961    i.disk_write        diskio.o
    0x08006bba   0x00000002   PAD
    0x08006bbc   0x00000074   Code   RO         1407    i.exfuns_init       exfuns.o
    0x08006c30   0x00000020   Code   RO         1046    i.f_close           ff.o
    0x08006c50   0x0000028e   Code   RO         1051    i.f_lseek           ff.o
    0x08006ede   0x0000017c   Code   RO         1052    i.f_mkdir           ff.o
    0x0800705a   0x00000002   PAD
    0x0800705c   0x0000005c   Code   RO         1054    i.f_mount           ff.o
    0x080070b8   0x00000180   Code   RO         1055    i.f_open            ff.o
    0x08007238   0x000000b0   Code   RO         1065    i.f_sync            ff.o
    0x080072e8   0x000001f2   Code   RO         1069    i.f_write           ff.o
    0x080074da   0x00000002   PAD
    0x080074dc   0x0000007c   Code   RO         1374    i.ff_convert        cc936.o
    0x08007558   0x0000000c   Code   RO          962    i.ff_memalloc       diskio.o
    0x08007564   0x0000000c   Code   RO          963    i.ff_memfree        diskio.o
    0x08007570   0x00000038   Code   RO         1375    i.ff_wtoupper       cc936.o
    0x080075a8   0x00000388   Code   RO         1070    i.find_volume       ff.o
    0x08007930   0x00000080   Code   RO         1071    i.fit_lfn           ff.o
    0x080079b0   0x00000090   Code   RO         1072    i.follow_path       ff.o
    0x08007a40   0x0000001c   Code   RO          236    i.fputc             usart.o
    0x08007a5c   0x000000c8   Code   RO         1073    i.gen_numname       ff.o
    0x08007b24   0x000000e8   Code   RO         1074    i.get_fat           ff.o
    0x08007c0c   0x00000004   Code   RO          964    i.get_fattime       diskio.o
    0x08007c10   0x0000004a   Code   RO         1076    i.get_ldnumber      ff.o
    0x08007c5a   0x00000020   Code   RO         1077    i.ld_clust          ff.o
    0x08007c7a   0x00000002   PAD
    0x08007c7c   0x0000011c   Code   RO           12    i.main              test.o
    0x08007d98   0x00000026   Code   RO         1078    i.mem_cmp           ff.o
    0x08007dbe   0x0000001a   Code   RO         1079    i.mem_cpy           ff.o
    0x08007dd8   0x00000048   Code   RO         1611    i.mem_free          malloc.o
    0x08007e20   0x0000002c   Code   RO         1612    i.mem_init          malloc.o
    0x08007e4c   0x00000078   Code   RO         1613    i.mem_malloc        malloc.o
    0x08007ec4   0x00000028   Code   RO         1614    i.mem_perused       malloc.o
    0x08007eec   0x00000014   Code   RO         1080    i.mem_set           ff.o
    0x08007f00   0x00000032   Code   RO         1081    i.move_window       ff.o
    0x08007f32   0x00000002   PAD
    0x08007f34   0x0000001c   Code   RO         1615    i.myfree            malloc.o
    0x08007f50   0x00000020   Code   RO         1616    i.mymalloc          malloc.o
    0x08007f70   0x00000014   Code   RO         1618    i.mymemset          malloc.o
    0x08007f84   0x00000136   Code   RO         1083    i.put_fat           ff.o
    0x080080ba   0x00000002   PAD
    0x080080bc   0x000001c8   Code   RO           13    i.refresh_TFT_160   test.o
    0x08008284   0x000001f8   Code   RO           14    i.refresh_TFT_320   test.o
    0x0800847c   0x0000006c   Code   RO         1085    i.remove_chain      ff.o
    0x080084e8   0x000003bc   Code   RO          789    i.save_to_sdcard    save_rgb.o
    0x080088a4   0x00000010   Code   RO         1086    i.st_clust          ff.o
    0x080088b4   0x00000020   Code   RO         1087    i.sum_sfn           ff.o
    0x080088d4   0x000000c8   Code   RO         1088    i.sync_fs           ff.o
    0x0800899c   0x0000004c   Code   RO         1089    i.sync_window       ff.o
    0x080089e8   0x00000084   Code   RO          790    i.u32_to_4u8        save_rgb.o
    0x08008a6c   0x000000f0   Code   RO          237    i.uart_init         usart.o
    0x08008b5c   0x00000036   Code   RO         1090    i.validate          ff.o
    0x08008b92   0x00000002   PAD
    0x08008b94   0x000000c4   Code   RO         1753    x$fpl$fadd          fz_ws.l(faddsub_clz.o)
    0x08008c58   0x00000184   Code   RO         1760    x$fpl$fdiv          fz_ws.l(fdiv.o)
    0x08008ddc   0x0000003e   Code   RO         1763    x$fpl$ffixu         fz_ws.l(ffixu.o)
    0x08008e1a   0x00000002   PAD
    0x08008e1c   0x00000026   Code   RO         1767    x$fpl$ffltu         fz_ws.l(fflt_clz.o)
    0x08008e42   0x00000002   PAD
    0x08008e44   0x00000102   Code   RO         1773    x$fpl$fmul          fz_ws.l(fmul.o)
    0x08008f46   0x0000008c   Code   RO         1785    x$fpl$fnaninf       fz_ws.l(fnaninf.o)
    0x08008fd2   0x0000000a   Code   RO         1787    x$fpl$fretinf       fz_ws.l(fretinf.o)
    0x08008fdc   0x00000014   Code   RO         1754    x$fpl$frsb          fz_ws.l(faddsub_clz.o)
    0x08008ff0   0x000000ea   Code   RO         1755    x$fpl$fsub          fz_ws.l(faddsub_clz.o)
    0x080090da   0x00000000   Code   RO         1789    x$fpl$usenofp       fz_ws.l(usenofp.o)
    0x080090da   0x000017c0   Data   RO          313    .constdata          ili93xx.o
    0x0800a89a   0x000000e6   Data   RO          558    .constdata          ov7670.o
    0x0800a980   0x0000003a   Data   RO         1091    .constdata          ff.o
    0x0800a9ba   0x0002acc8   Data   RO         1376    .constdata          cc936.o
    0x08035682   0x00000028   Data   RO         1703    .constdata          c_w.l(_printf_hex_int.o)
    0x080356aa   0x00000002   PAD
    0x080356ac   0x00000064   Data   RO         1410    .conststring        exfuns.o
    0x08035710   0x00000020   Data   RO         1943    Region$$Table       anon$$obj.o


    Execution Region RW_IRAM1 (Base: 0x20000000, Size: 0x0000bf10, Max: 0x0000c000, ABSOLUTE, COMPRESSED[0x0000007c])

    Base Addr    Size         Type   Attr      Idx    E Section Name        Object

    0x20000000   0x00000004   Data   RW          131    .data               delay.o
    0x20000004   0x00000006   Data   RW          239    .data               usart.o
    0x2000000a   0x00000004   Data   RW          314    .data               ili93xx.o
    0x2000000e   0x00000002   Data   RW          618    .data               exti.o
    0x20000010   0x00000002   Data   RW          661    .data               flash.o
    0x20000012   0x00000002   PAD
    0x20000014   0x0000001c   Data   RW          791    .data               save_rgb.o
    0x20000030   0x00000001   Data   RW          852    .data               mmc_sd.o
    0x20000031   0x00000001   PAD
    0x20000032   0x00000002   Data   RW          965    .data               diskio.o
    0x20000034   0x0000000a   Data   RW         1092    .data               ff.o
    0x2000003e   0x00000002   PAD
    0x20000040   0x00000154   Data   RW         1411    .data               exfuns.o
    0x20000194   0x00000014   Data   RW         1622    .data               malloc.o
    0x200001a8   0x00009630   Zero   RW           16    .bss                test.o
    0x200097d8   0x000000c8   Zero   RW          238    .bss                usart.o
    0x200098a0   0x0000000e   Zero   RW          312    .bss                ili93xx.o
    0x200098ae   0x00001000   Zero   RW          660    .bss                flash.o
    0x2000a8ae   0x00000002   PAD
    0x2000a8b0   0x00001000   Zero   RW         1620    .bss                malloc.o
    0x2000b8b0   0x00000060   Zero   RW         1824    .bss                c_w.l(libspace.o)
    0x2000b910   0x00000200   Zero   RW            2    HEAP                startup_stm32f10x_hd.o
    0x2000bb10   0x00000400   Zero   RW            1    STACK               startup_stm32f10x_hd.o


==============================================================================

Image component sizes


      Code (inc. data)   RO Data    RW Data    ZI Data      Debug   Object Name

       180         18     175304          0          0       2651   cc936.o
       184         16          0          4          0       1827   delay.o
       510         18          0          2          0       6756   diskio.o
       116         16        100        340          0       1578   exfuns.o
       304         54          0          2          0       1388   exti.o
      7124         66         58         10          0      38010   ff.o
       748         70          0          2       4096       6922   flash.o
     18586        236       6080          4         14      23180   ili93xx.o
       356         28          0         20       4096       5670   malloc.o
      1314         46          0          1          0      10910   mmc_sd.o
       288         38        230          0          0       1452   ov7670.o
      1284        134          0         28          0       4133   save_rgb.o
       672         64          0          0          0       4525   sccb.o
       308         28          0          0          0       1689   spi.o
        56         22        304          0       1536        824   startup_stm32f10x_hd.o
       636         68          0          0          0       4184   sys.o
      1244        112          0          0      38448     214158   test.o
       406         36          0          6        200       4240   usart.o

    ----------------------------------------------------------------------
     34348       1070     182108        424      48392     334097   Object Totals
         0          0         32          0          0          0   (incl. Generated)
        32          0          0          5          2          0   (incl. Padding)

    ----------------------------------------------------------------------

      Code (inc. data)   RO Data    RW Data    ZI Data      Debug   Library Member Name

        90          0          0          0          0          0   __dczerorl2.o
         8          0          0          0          0         68   __main.o
       104          0          0          0          0         84   __printf.o
        52          8          0          0          0          0   __scatter.o
        28          0          0          0          0          0   __scatter_zi.o
         6          0          0          0          0          0   _printf_c.o
        44          0          0          0          0        108   _printf_char.o
        48          6          0          0          0         96   _printf_char_common.o
        36          4          0          0          0         80   _printf_char_file.o
         6          0          0          0          0          0   _printf_d.o
       116         16          0          0          0         92   _printf_dec.o
        88          4         40          0          0         88   _printf_hex_int.o
       178          0          0          0          0         88   _printf_intcommon.o
         0          0          0          0          0          0   _printf_percent.o
         4          0          0          0          0          0   _printf_percent_end.o
        82          0          0          0          0         80   _printf_str.o
         6          0          0          0          0          0   _printf_x.o
        12          0          0          0          0         72   exit.o
         8          0          0          0          0         68   ferror.o
         6          0          0          0          0        152   heapauxi.o
         2          0          0          0          0          0   libinit.o
         2          0          0          0          0          0   libinit2.o
         2          0          0          0          0          0   libshutdown.o
         2          0          0          0          0          0   libshutdown2.o
         8          4          0          0         96         68   libspace.o
        24          4          0          0          0         84   noretval__2printf.o
         0          0          0          0          0          0   rtentry.o
        12          0          0          0          0          0   rtentry2.o
         6          0          0          0          0          0   rtentry4.o
         2          0          0          0          0          0   rtexit.o
        10          0          0          0          0          0   rtexit2.o
        74          0          0          0          0         80   sys_stackheap_outer.o
         2          0          0          0          0         68   use_no_semi.o
         2          0          0          0          0         68   use_no_semi_2.o
       450          8          0          0          0        236   faddsub_clz.o
       388         76          0          0          0         96   fdiv.o
        62          4          0          0          0         84   ffixu.o
        38          0          0          0          0         68   fflt_clz.o
       258          4          0          0          0         84   fmul.o
       140          4          0          0          0         84   fnaninf.o
        10          0          0          0          0         68   fretinf.o
         0          0          0          0          0          0   usenofp.o

    ----------------------------------------------------------------------
      2430        142         42          0         96       2164   Library Totals
        14          0          2          0          0          0   (incl. Padding)

    ----------------------------------------------------------------------

      Code (inc. data)   RO Data    RW Data    ZI Data      Debug   Library Name

      1070         46         40          0         96       1444   c_w.l
      1346         96          0          0          0        720   fz_ws.l

    ----------------------------------------------------------------------
      2430        142         42          0         96       2164   Library Totals

    ----------------------------------------------------------------------

==============================================================================


      Code (inc. data)   RO Data    RW Data    ZI Data      Debug   

     36778       1212     182150        424      48488     328561   Grand Totals
     36778       1212     182150        124      48488     328561   ELF Image Totals (compressed)
     36778       1212     182150        124          0          0   ROM Totals

==============================================================================

    Total RO  Size (Code + RO Data)               218928 ( 213.80kB)
    Total RW  Size (RW Data + ZI Data)             48912 (  47.77kB)
    Total ROM Size (Code + RO Data + RW Data)     219052 ( 213.92kB)

==============================================================================

