<html>
<body>
<pre>
<h1>礦ision Build Log</h1>
<h2>Tool Versions:</h2>
IDE-Version: μVision V5.14.0.0
Copyright (C) 2015 ARM Ltd and ARM Germany GmbH. All rights reserved.
License Information: cao CJH, 66, LIC=YA312-9QWQ2-MLSCI-TMQQT-K7DG0-90RNR
 
Tool Versions:
Toolchain:       MDK-ARM Standard  Version: 5.14.0.0
Toolchain Path:  C:\Keil_v5\ARM\ARMCC\Bin
C Compiler:      Armcc.exe V5.05 update 1 (build 106)
Assembler:       Armasm.exe V5.05 update 1 (build 106)
Linker/Locator:  ArmLink.exe V5.05 update 1 (build 106)
Library Manager: ArmAr.exe V5.05 update 1 (build 106)
Hex Converter:   FromElf.exe V5.05 update 1 (build 106)
CPU DLL:         SARMCM3.DLL V5.14.0.0
Dialog DLL:      DARMSTM.DLL V1.65.0.0
Target DLL:      STLink\ST-LINKIII-KEIL_SWO.dll V2.0.14.0_KEIL
Dialog DLL:      TARMSTM.DLL V1.64.0.0
 
<h2>Project:</h2>
F:\控制组训练题\2017暑假集训\02 激光枪自动射击装置\code\激光打靶 -Zet(全部功能实现)\USER\OV7670.uvprojx
Project File Date:  07/06/2017

<h2>Output:</h2>
Build target 'OV7670'
compiling main.c...
main.c(52): warning:  #223-D: function "motorInit" declared implicitly
        motorInit();         //电机初始化
main.c(53): warning:  #223-D: function "TIM2_Int_Init" declared implicitly
        TIM2_Int_Init(150, 7200);      //接收串口屏返回的数据
main.c: 2 warnings, 0 errors
compiling stm32f10x_it.c...
compiling system_stm32f10x.c...
compiling led.c...
compiling key.c...
compiling lcd.c...
compiling ov7670.c...
compiling exti.c...
compiling timer.c...
compiling sccb.c...
compiling screen.c...
compiling moveMotor.c...
compiling delay.c...
compiling sys.c...
compiling usart.c...
compiling core_cm3.c...
assembling startup_stm32f10x_hd.s...
compiling misc.c...
compiling stm32f10x_fsmc.c...
compiling stm32f10x_gpio.c...
compiling stm32f10x_rcc.c...
compiling stm32f10x_usart.c...
compiling stm32f10x_exti.c...
compiling stm32f10x_tim.c...
compiling usmart.c...
compiling usmart_config.c...
compiling usmart_str.c...
linking...
Program Size: Code=30812 RO-data=7156 RW-data=424 ZI-data=1352  
FromELF: creating hex file...
"..\OBJ\OV7670.axf" - 0 Error(s), 2 Warning(s).

<h2>Collection of Component include folders:</h2>
  F:\控制组训练题\2017暑假集训\02 激光枪自动射击装置\code\激光打靶 -Zet(全部功能实现)\USER\RTE
  D:\Keil_v5\Keil\STM32F1xx_DFP\1.1.0\Device\Include

<h2>Collection of Component Files used:</h2>
</pre>
</body>
</html>
