<html>
<body>
<pre>
<h1>礦ision Build Log</h1>
<h2>Tool Versions:</h2>
IDE-Version: μVision V5.14.0.0
Copyright (C) 2015 ARM Ltd and ARM Germany GmbH. All rights reserved.
License Information: che che, chehongshu, LIC=AK1VE-59V17-76JQT-RUZ0P-CGL9N-W87AW
 
Tool Versions:
Toolchain:       MDK-ARM Professional  Version: 5.14.0.0
Toolchain Path:  D:\Keil_v5\ARM\ARMCC\Bin
C Compiler:      Armcc.exe V5.05 update 1 (build 106)
Assembler:       Armasm.exe V5.05 update 1 (build 106)
Linker/Locator:  ArmLink.exe V5.05 update 1 (build 106)
Library Manager: ArmAr.exe V5.05 update 1 (build 106)
Hex Converter:   FromElf.exe V5.05 update 1 (build 106)
CPU DLL:         SARMCM3.DLL V5.14.0.0
Dialog DLL:      DCM.DLL V1.13.1.0
Target DLL:      STLink\ST-LINKIII-KEIL_SWO.dll V2.0.14.0_KEIL
Dialog DLL:      TCM.DLL V1.14.4.0
 
<h2>Project:</h2>
C:\Users\che\Desktop\Tank_target - 副本 (3) 寻迹正常 终极版1.0\USER\Tank_target.uvprojx
Project File Date:  03/25/2017

<h2>Output:</h2>
Build target 'Tank_target'
compiling main.c...
compiling stm32f10x_it.c...
compiling system_stm32f10x.c...
compiling core_cm3.c...
assembling startup_stm32f10x_hd.s...
compiling misc.c...
compiling stm32f10x_adc.c...
compiling stm32f10x_bkp.c...
compiling stm32f10x_can.c...
compiling stm32f10x_cec.c...
compiling stm32f10x_crc.c...
compiling stm32f10x_dac.c...
compiling stm32f10x_dbgmcu.c...
compiling stm32f10x_dma.c...
compiling stm32f10x_exti.c...
compiling stm32f10x_flash.c...
compiling stm32f10x_fsmc.c...
compiling stm32f10x_gpio.c...
compiling stm32f10x_i2c.c...
compiling stm32f10x_iwdg.c...
compiling stm32f10x_pwr.c...
compiling stm32f10x_rcc.c...
compiling stm32f10x_rtc.c...
compiling stm32f10x_sdio.c...
compiling stm32f10x_spi.c...
compiling stm32f10x_tim.c...
compiling stm32f10x_usart.c...
compiling stm32f10x_wwdg.c...
compiling delay.c...
compiling sys.c...
compiling usart.c...
..\SYSTEM\usart\usart.c(143): warning:  #550-D: variable "Rx" was set but never used
                u8 Rx;
..\SYSTEM\usart\usart.c(616): warning:  #1166-D: returning pointer to local variable
        return buf;
..\SYSTEM\usart\usart.c(632): warning:  #1166-D: returning pointer to local variable
        return buf;
..\SYSTEM\usart\usart.c(650): warning:  #1166-D: returning pointer to local variable
        return buf;
..\SYSTEM\usart\usart.c(667): warning:  #1166-D: returning pointer to local variable
        return buf;
..\SYSTEM\usart\usart.c: 5 warnings, 0 errors
compiling timer.c...
compiling steppermotor.c...
compiling led.c...
compiling ST_drive.c...
compiling pwm.c...
compiling adc.c...
compiling blue_tooth.c...
linking...
Program Size: Code=15584 RO-data=512 RW-data=72 ZI-data=1736  
FromELF: creating hex file...
"..\OBJ\Tank_target.axf" - 0 Error(s), 5 Warning(s).

<h2>Collection of Component include folders:</h2>
  C:\Users\che\Desktop\Tank_target - 副本 (3) 寻迹正常 终极版1.0\USER\RTE
  D:\Keil_v5\ARM\PACK\Keil\STM32F1xx_DFP\2.1.0

<h2>Collection of Component Files used:</h2>
</pre>
</body>
</html>
