Component: ARM Compiler 5.05 update 1 (build 106) Tool: armlink [4d0efa]

==============================================================================

Section Cross References

    main.o(i.camera_refresh) refers to lcd.o(i.LCD_Scan_Dir) for LCD_Scan_Dir
    main.o(i.camera_refresh) refers to lcd.o(i.LCD_Set_Window) for LCD_Set_Window
    main.o(i.camera_refresh) refers to lcd.o(i.LCD_WriteRAM_Prepare) for LCD_WriteRAM_Prepare
    main.o(i.camera_refresh) refers to exti.o(.data) for ov_sta
    main.o(i.camera_refresh) refers to lcd.o(.bss) for lcddev
    main.o(i.camera_refresh) refers to timer.o(.data) for ov_frame
    main.o(i.main) refers to delay.o(i.delay_init) for delay_init
    main.o(i.main) refers to misc.o(i.NVIC_PriorityGroupConfig) for NVIC_PriorityGroupConfig
    main.o(i.main) refers to usart.o(i.uart_init) for uart_init
    main.o(i.main) refers to led.o(i.LED_Init) for LED_Init
    main.o(i.main) refers to key.o(i.KEY_Init) for KEY_Init
    main.o(i.main) refers to lcd.o(i.LCD_Init) for LCD_Init
    main.o(i.main) refers to tpad.o(i.TPAD_Init) for TPAD_Init
    main.o(i.main) refers to lcd.o(i.LCD_ShowString) for LCD_ShowString
    main.o(i.main) refers to delay.o(i.delay_ms) for delay_ms
    main.o(i.main) refers to lcd.o(i.LCD_Fill) for LCD_Fill
    main.o(i.main) refers to ov7670.o(i.OV7670_Init) for OV7670_Init
    main.o(i.main) refers to ov7670.o(i.OV7670_Light_Mode) for OV7670_Light_Mode
    main.o(i.main) refers to ov7670.o(i.OV7670_Color_Saturation) for OV7670_Color_Saturation
    main.o(i.main) refers to ov7670.o(i.OV7670_Brightness) for OV7670_Brightness
    main.o(i.main) refers to ov7670.o(i.OV7670_Contrast) for OV7670_Contrast
    main.o(i.main) refers to ov7670.o(i.OV7670_Special_Effects) for OV7670_Special_Effects
    main.o(i.main) refers to timer.o(i.TIM6_Int_Init) for TIM6_Int_Init
    main.o(i.main) refers to exti.o(i.EXTI8_Init) for EXTI8_Init
    main.o(i.main) refers to ov7670.o(i.OV7670_Window_Set) for OV7670_Window_Set
    main.o(i.main) refers to lcd.o(i.LCD_Clear) for LCD_Clear
    main.o(i.main) refers to main.o(i.camera_refresh) for camera_refresh
    main.o(i.main) refers to usmart_config.o(.data) for usmart_dev
    main.o(i.main) refers to lcd.o(.data) for POINT_COLOR
    main.o(.data) refers to main.o(.conststring) for .conststring
    main.o(.data) refers to main.o(.conststring) for .conststring
    system_stm32f10x.o(i.SystemCoreClockUpdate) refers to system_stm32f10x.o(.data) for .data
    system_stm32f10x.o(i.SystemInit) refers to system_stm32f10x.o(i.SetSysClockTo72) for SetSysClockTo72
    led.o(i.LED_Init) refers to stm32f10x_rcc.o(i.RCC_APB2PeriphClockCmd) for RCC_APB2PeriphClockCmd
    led.o(i.LED_Init) refers to stm32f10x_gpio.o(i.GPIO_Init) for GPIO_Init
    led.o(i.LED_Init) refers to stm32f10x_gpio.o(i.GPIO_SetBits) for GPIO_SetBits
    key.o(i.KEY_Init) refers to stm32f10x_rcc.o(i.RCC_APB2PeriphClockCmd) for RCC_APB2PeriphClockCmd
    key.o(i.KEY_Init) refers to stm32f10x_gpio.o(i.GPIO_Init) for GPIO_Init
    key.o(i.KEY_Scan) refers to stm32f10x_gpio.o(i.GPIO_ReadInputDataBit) for GPIO_ReadInputDataBit
    key.o(i.KEY_Scan) refers to delay.o(i.delay_ms) for delay_ms
    key.o(i.KEY_Scan) refers to key.o(.data) for .data
    lcd.o(i.LCD_Clear) refers to lcd.o(i.LCD_SetCursor) for LCD_SetCursor
    lcd.o(i.LCD_Clear) refers to lcd.o(i.LCD_WriteRAM_Prepare) for LCD_WriteRAM_Prepare
    lcd.o(i.LCD_Clear) refers to lcd.o(.bss) for .bss
    lcd.o(i.LCD_Color_Fill) refers to lcd.o(i.LCD_SetCursor) for LCD_SetCursor
    lcd.o(i.LCD_Color_Fill) refers to lcd.o(i.LCD_WriteRAM_Prepare) for LCD_WriteRAM_Prepare
    lcd.o(i.LCD_DisplayOff) refers to lcd.o(i.LCD_WriteReg) for LCD_WriteReg
    lcd.o(i.LCD_DisplayOff) refers to lcd.o(.bss) for .bss
    lcd.o(i.LCD_DisplayOn) refers to lcd.o(i.LCD_WriteReg) for LCD_WriteReg
    lcd.o(i.LCD_DisplayOn) refers to lcd.o(.bss) for .bss
    lcd.o(i.LCD_Display_Dir) refers to lcd.o(i.LCD_Scan_Dir) for LCD_Scan_Dir
    lcd.o(i.LCD_Display_Dir) refers to lcd.o(.bss) for .bss
    lcd.o(i.LCD_DrawLine) refers to lcd.o(i.LCD_DrawPoint) for LCD_DrawPoint
    lcd.o(i.LCD_DrawPoint) refers to lcd.o(i.LCD_SetCursor) for LCD_SetCursor
    lcd.o(i.LCD_DrawPoint) refers to lcd.o(i.LCD_WriteRAM_Prepare) for LCD_WriteRAM_Prepare
    lcd.o(i.LCD_DrawPoint) refers to lcd.o(.data) for .data
    lcd.o(i.LCD_DrawRectangle) refers to lcd.o(i.LCD_DrawLine) for LCD_DrawLine
    lcd.o(i.LCD_Draw_Circle) refers to lcd.o(i.LCD_DrawPoint) for LCD_DrawPoint
    lcd.o(i.LCD_Fast_DrawPoint) refers to lcd.o(i.LCD_WriteReg) for LCD_WriteReg
    lcd.o(i.LCD_Fast_DrawPoint) refers to lcd.o(.bss) for .bss
    lcd.o(i.LCD_Fill) refers to lcd.o(i.LCD_SetCursor) for LCD_SetCursor
    lcd.o(i.LCD_Fill) refers to lcd.o(i.LCD_WriteRAM_Prepare) for LCD_WriteRAM_Prepare
    lcd.o(i.LCD_Fill) refers to lcd.o(.bss) for .bss
    lcd.o(i.LCD_Init) refers to _printf_percent.o(.ARM.Collect$$_printf_percent$$00000000) for _printf_percent
[...]
    ../fplib/usenofp.s                       0x00000000   Number         0  usenofp.o ABSOLUTE
    ..\CORE\core_cm3.c                       0x00000000   Number         0  core_cm3.o ABSOLUTE
    ..\CORE\startup_stm32f10x_hd.s           0x00000000   Number         0  startup_stm32f10x_hd.o ABSOLUTE
    ..\HARDWARE\EXTI\exti.c                  0x00000000   Number         0  exti.o ABSOLUTE
    ..\HARDWARE\KEY\key.c                    0x00000000   Number         0  key.o ABSOLUTE
    ..\HARDWARE\LCD\lcd.c                    0x00000000   Number         0  lcd.o ABSOLUTE
    ..\HARDWARE\LED\led.c                    0x00000000   Number         0  led.o ABSOLUTE
    ..\HARDWARE\OV7670\ov7670.c              0x00000000   Number         0  ov7670.o ABSOLUTE
    ..\HARDWARE\OV7670\sccb.c                0x00000000   Number         0  sccb.o ABSOLUTE
    ..\HARDWARE\TIMER\timer.c                0x00000000   Number         0  timer.o ABSOLUTE
    ..\HARDWARE\TPAD\tpad.c                  0x00000000   Number         0  tpad.o ABSOLUTE
    ..\STM32F10x_FWLib\src\misc.c            0x00000000   Number         0  misc.o ABSOLUTE
    ..\STM32F10x_FWLib\src\stm32f10x_exti.c  0x00000000   Number         0  stm32f10x_exti.o ABSOLUTE
    ..\STM32F10x_FWLib\src\stm32f10x_fsmc.c  0x00000000   Number         0  stm32f10x_fsmc.o ABSOLUTE
    ..\STM32F10x_FWLib\src\stm32f10x_gpio.c  0x00000000   Number         0  stm32f10x_gpio.o ABSOLUTE
    ..\STM32F10x_FWLib\src\stm32f10x_rcc.c   0x00000000   Number         0  stm32f10x_rcc.o ABSOLUTE
    ..\STM32F10x_FWLib\src\stm32f10x_tim.c   0x00000000   Number         0  stm32f10x_tim.o ABSOLUTE
    ..\STM32F10x_FWLib\src\stm32f10x_usart.c 0x00000000   Number         0  stm32f10x_usart.o ABSOLUTE
    ..\SYSTEM\delay\delay.c                  0x00000000   Number         0  delay.o ABSOLUTE
    ..\SYSTEM\sys\sys.c                      0x00000000   Number         0  sys.o ABSOLUTE
    ..\SYSTEM\usart\usart.c                  0x00000000   Number         0  usart.o ABSOLUTE
    ..\USMART\usmart.c                       0x00000000   Number         0  usmart.o ABSOLUTE
    ..\USMART\usmart_config.c                0x00000000   Number         0  usmart_config.o ABSOLUTE
    ..\USMART\usmart_str.c                   0x00000000   Number         0  usmart_str.o ABSOLUTE
    ..\\CORE\\core_cm3.c                     0x00000000   Number         0  core_cm3.o ABSOLUTE
    ..\\SYSTEM\\sys\\sys.c                   0x00000000   Number         0  sys.o ABSOLUTE
    dc.s                                     0x00000000   Number         0  dc.o ABSOLUTE
    main.c                                   0x00000000   Number         0  main.o ABSOLUTE
    stm32f10x_it.c                           0x00000000   Number         0  stm32f10x_it.o ABSOLUTE
    system_stm32f10x.c                       0x00000000   Number         0  system_stm32f10x.o ABSOLUTE
    RESET                                    0x08000000   Section      304  startup_stm32f10x_hd.o(RESET)
    !!!main                                  0x08000130   Section        8  __main.o(!!!main)
    !!!scatter                               0x08000138   Section       52  __scatter.o(!!!scatter)
    !!dczerorl2                              0x0800016c   Section       90  __dczerorl2.o(!!dczerorl2)
    !!handler_zi                             0x080001c8   Section       28  __scatter_zi.o(!!handler_zi)
    .ARM.Collect$$_printf_percent$$00000000  0x080001e4   Section        0  _printf_percent.o(.ARM.Collect$$_printf_percent$$00000000)
    .ARM.Collect$$_printf_percent$$00000009  0x080001e4   Section        6  _printf_d.o(.ARM.Collect$$_printf_percent$$00000009)
    .ARM.Collect$$_printf_percent$$0000000A  0x080001ea   Section        6  _printf_u.o(.ARM.Collect$$_printf_percent$$0000000A)
    .ARM.Collect$$_printf_percent$$0000000C  0x080001f0   Section        6  _printf_x.o(.ARM.Collect$$_printf_percent$$0000000C)
    .ARM.Collect$$_printf_percent$$00000013  0x080001f6   Section        6  _printf_c.o(.ARM.Collect$$_printf_percent$$00000013)
    .ARM.Collect$$_printf_percent$$00000014  0x080001fc   Section        6  _printf_s.o(.ARM.Collect$$_printf_percent$$00000014)
    .ARM.Collect$$_printf_percent$$00000017  0x08000202   Section        4  _printf_percent_end.o(.ARM.Collect$$_printf_percent$$00000017)
    .ARM.Collect$$libinit$$00000000          0x08000206   Section        2  libinit.o(.ARM.Collect$$libinit$$00000000)
    .ARM.Collect$$libinit$$00000002          0x08000208   Section        0  libinit2.o(.ARM.Collect$$libinit$$00000002)
    .ARM.Collect$$libinit$$00000004          0x08000208   Section        0  libinit2.o(.ARM.Collect$$libinit$$00000004)
    .ARM.Collect$$libinit$$0000000A          0x08000208   Section        0  libinit2.o(.ARM.Collect$$libinit$$0000000A)
    .ARM.Collect$$libinit$$0000000C          0x08000208   Section        0  libinit2.o(.ARM.Collect$$libinit$$0000000C)
    .ARM.Collect$$libinit$$0000000E          0x08000208   Section        0  libinit2.o(.ARM.Collect$$libinit$$0000000E)
    .ARM.Collect$$libinit$$00000011          0x08000208   Section        0  libinit2.o(.ARM.Collect$$libinit$$00000011)
    .ARM.Collect$$libinit$$00000013          0x08000208   Section        0  libinit2.o(.ARM.Collect$$libinit$$00000013)
    .ARM.Collect$$libinit$$00000015          0x08000208   Section        0  libinit2.o(.ARM.Collect$$libinit$$00000015)
    .ARM.Collect$$libinit$$00000017          0x08000208   Section        0  libinit2.o(.ARM.Collect$$libinit$$00000017)
    .ARM.Collect$$libinit$$00000019          0x08000208   Section        0  libinit2.o(.ARM.Collect$$libinit$$00000019)
    .ARM.Collect$$libinit$$0000001B          0x08000208   Section        0  libinit2.o(.ARM.Collect$$libinit$$0000001B)
    .ARM.Collect$$libinit$$0000001D          0x08000208   Section        0  libinit2.o(.ARM.Collect$$libinit$$0000001D)
    .ARM.Collect$$libinit$$0000001F          0x08000208   Section        0  libinit2.o(.ARM.Collect$$libinit$$0000001F)
    .ARM.Collect$$libinit$$00000021          0x08000208   Section        0  libinit2.o(.ARM.Collect$$libinit$$00000021)
    .ARM.Collect$$libinit$$00000023          0x08000208   Section        0  libinit2.o(.ARM.Collect$$libinit$$00000023)
    .ARM.Collect$$libinit$$00000025          0x08000208   Section        0  libinit2.o(.ARM.Collect$$libinit$$00000025)
    .ARM.Collect$$libinit$$0000002C          0x08000208   Section        0  libinit2.o(.ARM.Collect$$libinit$$0000002C)
    .ARM.Collect$$libinit$$0000002E          0x08000208   Section        0  libinit2.o(.ARM.Collect$$libinit$$0000002E)
    .ARM.Collect$$libinit$$00000030          0x08000208   Section        0  libinit2.o(.ARM.Collect$$libinit$$00000030)
    .ARM.Collect$$libinit$$00000032          0x08000208   Section        0  libinit2.o(.ARM.Collect$$libinit$$00000032)
    .ARM.Collect$$libinit$$00000033          0x08000208   Section        2  libinit2.o(.ARM.Collect$$libinit$$00000033)
    .ARM.Collect$$libshutdown$$00000000      0x0800020a   Section        2  libshutdown.o(.ARM.Collect$$libshutdown$$00000000)
    .ARM.Collect$$libshutdown$$00000003      0x0800020c   Section        0  libshutdown2.o(.ARM.Collect$$libshutdown$$00000003)
    .ARM.Collect$$libshutdown$$00000006      0x0800020c   Section        0  libshutdown2.o(.ARM.Collect$$libshutdown$$00000006)
    .ARM.Collect$$libshutdown$$00000009      0x0800020c   Section        0  libshutdown2.o(.ARM.Collect$$libshutdown$$00000009)
    .ARM.Collect$$libshutdown$$0000000B      0x0800020c   Section        0  libshutdown2.o(.ARM.Collect$$libshutdown$$0000000B)
    .ARM.Collect$$libshutdown$$0000000E      0x0800020c   Section        0  libshutdown2.o(.ARM.Collect$$libshutdown$$0000000E)
    .ARM.Collect$$libshutdown$$0000000F      0x0800020c   Section        2  libshutdown2.o(.ARM.Collect$$libshutdown$$0000000F)
    .ARM.Collect$$rtentry$$00000000          0x0800020e   Section        0  __rtentry.o(.ARM.Collect$$rtentry$$00000000)
    .ARM.Collect$$rtentry$$00000002          0x0800020e   Section        0  __rtentry2.o(.ARM.Collect$$rtentry$$00000002)
    .ARM.Collect$$rtentry$$00000004          0x0800020e   Section        6  __rtentry4.o(.ARM.Collect$$rtentry$$00000004)
    .ARM.Collect$$rtentry$$00000009          0x08000214   Section        0  __rtentry2.o(.ARM.Collect$$rtentry$$00000009)
    .ARM.Collect$$rtentry$$0000000A          0x08000214   Section        4  __rtentry2.o(.ARM.Collect$$rtentry$$0000000A)
    .ARM.Collect$$rtentry$$0000000C          0x08000218   Section        0  __rtentry2.o(.ARM.Collect$$rtentry$$0000000C)
    .ARM.Collect$$rtentry$$0000000D          0x08000218   Section        8  __rtentry2.o(.ARM.Collect$$rtentry$$0000000D)
    .ARM.Collect$$rtexit$$00000000           0x08000220   Section        2  rtexit.o(.ARM.Collect$$rtexit$$00000000)
    .ARM.Collect$$rtexit$$00000002           0x08000222   Section        0  rtexit2.o(.ARM.Collect$$rtexit$$00000002)
    .ARM.Collect$$rtexit$$00000003           0x08000222   Section        4  rtexit2.o(.ARM.Collect$$rtexit$$00000003)
    .ARM.Collect$$rtexit$$00000004           0x08000226   Section        6  rtexit2.o(.ARM.Collect$$rtexit$$00000004)
    .text                                    0x0800022c   Section       60  startup_stm32f10x_hd.o(.text)
    .text                                    0x08000268   Section        2  use_no_semi_2.o(.text)
    .text                                    0x0800026c   Section        0  noretval__2printf.o(.text)
    .text                                    0x08000284   Section        0  _printf_pad.o(.text)
    .text                                    0x080002d2   Section        0  _printf_str.o(.text)
    .text                                    0x08000324   Section        0  _printf_dec.o(.text)
    .text                                    0x0800039c   Section        0  _printf_hex_int.o(.text)
    .text                                    0x080003f4   Section        0  __printf_flags_ss_wp.o(.text)
    .text                                    0x0800057c   Section        0  heapauxi.o(.text)
    .text                                    0x08000582   Section        2  use_no_semi.o(.text)
    .text                                    0x08000584   Section        0  _printf_intcommon.o(.text)
    .text                                    0x08000636   Section        0  _printf_char.o(.text)
    .text                                    0x08000664   Section        0  _printf_char_file.o(.text)
    .text                                    0x08000688   Section        0  _printf_char_common.o(.text)
    _printf_input_char                       0x08000689   Thumb Code    10  _printf_char_common.o(.text)
    .text                                    0x080006b8   Section        0  ferror.o(.text)
    .text                                    0x080006c0   Section       74  sys_stackheap_outer.o(.text)
    .text                                    0x0800070a   Section        0  exit.o(.text)
    .text                                    0x08000718   Section        8  libspace.o(.text)
    i.BusFault_Handler                       0x08000720   Section        0  stm32f10x_it.o(i.BusFault_Handler)
    i.DebugMon_Handler                       0x08000722   Section        0  stm32f10x_it.o(i.DebugMon_Handler)
    i.EXTI0_IRQHandler                       0x08000724   Section        0  exti.o(i.EXTI0_IRQHandler)
    i.EXTI2_IRQHandler                       0x0800075c   Section        0  exti.o(i.EXTI2_IRQHandler)
    i.EXTI3_IRQHandler                       0x08000794   Section        0  exti.o(i.EXTI3_IRQHandler)
    i.EXTI4_IRQHandler                       0x080007cc   Section        0  exti.o(i.EXTI4_IRQHandler)
    i.EXTI8_Init                             0x08000804   Section        0  exti.o(i.EXTI8_Init)
    i.EXTI9_5_IRQHandler                     0x08000848   Section        0  exti.o(i.EXTI9_5_IRQHandler)
    i.EXTI_ClearITPendingBit                 0x0800088c   Section        0  stm32f10x_exti.o(i.EXTI_ClearITPendingBit)
    i.EXTI_GetITStatus                       0x08000898   Section        0  stm32f10x_exti.o(i.EXTI_GetITStatus)
    i.EXTI_Init                              0x080008b8   Section        0  stm32f10x_exti.o(i.EXTI_Init)
    i.FSMC_NORSRAMCmd                        0x08000928   Section        0  stm32f10x_fsmc.o(i.FSMC_NORSRAMCmd)
    i.FSMC_NORSRAMInit                       0x08000948   Section        0  stm32f10x_fsmc.o(i.FSMC_NORSRAMInit)
    i.GPIO_EXTILineConfig                    0x08000a10   Section        0  stm32f10x_gpio.o(i.GPIO_EXTILineConfig)
    i.GPIO_Init                              0x08000a38   Section        0  stm32f10x_gpio.o(i.GPIO_Init)
    i.GPIO_PinRemapConfig                    0x08000ad4   Section        0  stm32f10x_gpio.o(i.GPIO_PinRemapConfig)
    i.GPIO_ReadInputDataBit                  0x08000b2c   Section        0  stm32f10x_gpio.o(i.GPIO_ReadInputDataBit)
    i.GPIO_ResetBits                         0x08000b3a   Section        0  stm32f10x_gpio.o(i.GPIO_ResetBits)
    i.GPIO_SetBits                           0x08000b3e   Section        0  stm32f10x_gpio.o(i.GPIO_SetBits)
    i.HardFault_Handler                      0x08000b42   Section        0  stm32f10x_it.o(i.HardFault_Handler)
    i.KEY_Init                               0x08000b44   Section        0  key.o(i.KEY_Init)
    i.LCD_Clear                              0x08000b80   Section        0  lcd.o(i.LCD_Clear)
    i.LCD_Display_Dir                        0x08000bec   Section        0  lcd.o(i.LCD_Display_Dir)
    i.LCD_Fast_DrawPoint                     0x08000d20   Section        0  lcd.o(i.LCD_Fast_DrawPoint)
    i.LCD_Fill                               0x08000e3c   Section        0  lcd.o(i.LCD_Fill)
    i.LCD_Init                               0x08000ec8   Section        0  lcd.o(i.LCD_Init)
    i.LCD_RD_DATA                            0x08003ce0   Section        0  lcd.o(i.LCD_RD_DATA)
    i.LCD_ReadReg                            0x08003cf4   Section        0  lcd.o(i.LCD_ReadReg)
    i.LCD_SSD_BackLightSet                   0x08003d0c   Section        0  lcd.o(i.LCD_SSD_BackLightSet)
    i.LCD_Scan_Dir                           0x08003d48   Section        0  lcd.o(i.LCD_Scan_Dir)
    i.LCD_SetCursor                          0x08003ef0   Section        0  lcd.o(i.LCD_SetCursor)
    i.LCD_Set_Window                         0x08004038   Section        0  lcd.o(i.LCD_Set_Window)
    i.LCD_ShowChar                           0x080041b4   Section        0  lcd.o(i.LCD_ShowChar)
    i.LCD_ShowString                         0x08004280   Section        0  lcd.o(i.LCD_ShowString)
    i.LCD_WriteRAM_Prepare                   0x080042d4   Section        0  lcd.o(i.LCD_WriteRAM_Prepare)
    i.LCD_WriteReg                           0x080042e8   Section        0  lcd.o(i.LCD_WriteReg)
    i.LED_Init                               0x080042f8   Section        0  led.o(i.LED_Init)
    i.MemManage_Handler                      0x08004348   Section        0  stm32f10x_it.o(i.MemManage_Handler)
    i.NMI_Handler                            0x0800434a   Section        0  stm32f10x_it.o(i.NMI_Handler)
    i.NVIC_Init                              0x0800434c   Section        0  misc.o(i.NVIC_Init)
    i.NVIC_PriorityGroupConfig               0x080043b0   Section        0  misc.o(i.NVIC_PriorityGroupConfig)
    i.OV7670_Brightness                      0x080043c4   Section        0  ov7670.o(i.OV7670_Brightness)
    i.OV7670_Color_Saturation                0x080043ea   Section        0  ov7670.o(i.OV7670_Color_Saturation)
    i.OV7670_Contrast                        0x0800445c   Section        0  ov7670.o(i.OV7670_Contrast)
    i.OV7670_Init                            0x08004484   Section        0  ov7670.o(i.OV7670_Init)
    i.OV7670_Light_Mode                      0x08004594   Section        0  ov7670.o(i.OV7670_Light_Mode)
    i.OV7670_Special_Effects                 0x080045e6   Section        0  ov7670.o(i.OV7670_Special_Effects)
    i.OV7670_Window_Set                      0x0800463a   Section        0  ov7670.o(i.OV7670_Window_Set)
    i.PendSV_Handler                         0x080046a8   Section        0  stm32f10x_it.o(i.PendSV_Handler)
    i.RCC_AHBPeriphClockCmd                  0x080046ac   Section        0  stm32f10x_rcc.o(i.RCC_AHBPeriphClockCmd)
    i.RCC_APB1PeriphClockCmd                 0x080046c4   Section        0  stm32f10x_rcc.o(i.RCC_APB1PeriphClockCmd)
    i.RCC_APB2PeriphClockCmd                 0x080046dc   Section        0  stm32f10x_rcc.o(i.RCC_APB2PeriphClockCmd)
    i.RCC_GetClocksFreq                      0x080046f4   Section        0  stm32f10x_rcc.o(i.RCC_GetClocksFreq)
    i.SCCB_Init                              0x08004788   Section        0  sccb.o(i.SCCB_Init)
    i.SCCB_No_Ack                            0x080047f4   Section        0  sccb.o(i.SCCB_No_Ack)
    i.SCCB_RD_Byte                           0x08004838   Section        0  sccb.o(i.SCCB_RD_Byte)
    i.SCCB_RD_Reg                            0x080048ac   Section        0  sccb.o(i.SCCB_RD_Reg)
    i.SCCB_Start                             0x080048f8   Section        0  sccb.o(i.SCCB_Start)
    i.SCCB_Stop                              0x0800492c   Section        0  sccb.o(i.SCCB_Stop)
    i.SCCB_WR_Byte                           0x08004964   Section        0  sccb.o(i.SCCB_WR_Byte)
    i.SCCB_WR_Reg                            0x080049f4   Section        0  sccb.o(i.SCCB_WR_Reg)
    i.SVC_Handler                            0x08004a32   Section        0  stm32f10x_it.o(i.SVC_Handler)
    i.SetSysClockTo72                        0x08004a34   Section        0  system_stm32f10x.o(i.SetSysClockTo72)
    SetSysClockTo72                          0x08004a35   Thumb Code   160  system_stm32f10x.o(i.SetSysClockTo72)
    i.SysTick_CLKSourceConfig                0x08004adc   Section        0  misc.o(i.SysTick_CLKSourceConfig)
    i.SysTick_Handler                        0x08004af4   Section        0  stm32f10x_it.o(i.SysTick_Handler)
    i.SystemInit                             0x08004af8   Section        0  system_stm32f10x.o(i.SystemInit)
    i.TI1_Config                             0x08004b48   Section        0  stm32f10x_tim.o(i.TI1_Config)
    TI1_Config                               0x08004b49   Thumb Code    88  stm32f10x_tim.o(i.TI1_Config)
    i.TI2_Config                             0x08004bb4   Section        0  stm32f10x_tim.o(i.TI2_Config)
    TI2_Config                               0x08004bb5   Thumb Code   102  stm32f10x_tim.o(i.TI2_Config)
    i.TIM3_IRQHandler                        0x08004c30   Section        0  timer.o(i.TIM3_IRQHandler)
    i.TIM4_IRQHandler                        0x08004c64   Section        0  usmart.o(i.TIM4_IRQHandler)
    i.TIM5_CH2_Cap_Init                      0x08004ca0   Section        0  tpad.o(i.TIM5_CH2_Cap_Init)
    i.TIM5_IRQHandler                        0x08004d20   Section        0  timer.o(i.TIM5_IRQHandler)
    i.TIM6_IRQHandler                        0x08004da8   Section        0  timer.o(i.TIM6_IRQHandler)
    i.TIM6_Int_Init                          0x08004de8   Section        0  timer.o(i.TIM6_Int_Init)
    i.TIM_ClearFlag                          0x08004e48   Section        0  stm32f10x_tim.o(i.TIM_ClearFlag)
    i.TIM_ClearITPendingBit                  0x08004e4e   Section        0  stm32f10x_tim.o(i.TIM_ClearITPendingBit)
    i.TIM_Cmd                                0x08004e54   Section        0  stm32f10x_tim.o(i.TIM_Cmd)
    i.TIM_GetCapture1                        0x08004e68   Section        0  stm32f10x_tim.o(i.TIM_GetCapture1)
    i.TIM_GetCapture2                        0x08004e6c   Section        0  stm32f10x_tim.o(i.TIM_GetCapture2)
    i.TIM_GetCounter                         0x08004e70   Section        0  stm32f10x_tim.o(i.TIM_GetCounter)
    i.TIM_GetFlagStatus                      0x08004e74   Section        0  stm32f10x_tim.o(i.TIM_GetFlagStatus)
    i.TIM_GetITStatus                        0x08004e82   Section        0  stm32f10x_tim.o(i.TIM_GetITStatus)
    i.TIM_ICInit                             0x08004e9c   Section        0  stm32f10x_tim.o(i.TIM_ICInit)
    i.TIM_ITConfig                           0x08004fc8   Section        0  stm32f10x_tim.o(i.TIM_ITConfig)
    i.TIM_OC1PolarityConfig                  0x08004fd8   Section        0  stm32f10x_tim.o(i.TIM_OC1PolarityConfig)
    i.TIM_SetAutoreload                      0x08004fe4   Section        0  stm32f10x_tim.o(i.TIM_SetAutoreload)
    i.TIM_SetCounter                         0x08004fe8   Section        0  stm32f10x_tim.o(i.TIM_SetCounter)
    i.TIM_SetIC1Prescaler                    0x08004fec   Section        0  stm32f10x_tim.o(i.TIM_SetIC1Prescaler)
    i.TIM_SetIC2Prescaler                    0x08004ffc   Section        0  stm32f10x_tim.o(i.TIM_SetIC2Prescaler)
    i.TIM_SetIC3Prescaler                    0x08005014   Section        0  stm32f10x_tim.o(i.TIM_SetIC3Prescaler)
    i.TIM_SetIC4Prescaler                    0x08005024   Section        0  stm32f10x_tim.o(i.TIM_SetIC4Prescaler)
    i.TIM_TimeBaseInit                       0x0800503c   Section        0  stm32f10x_tim.o(i.TIM_TimeBaseInit)
    i.TPAD_Get_Val                           0x080050d8   Section        0  tpad.o(i.TPAD_Get_Val)
    i.TPAD_Init                              0x08005114   Section        0  tpad.o(i.TPAD_Init)
    i.TPAD_Reset                             0x080051bc   Section        0  tpad.o(i.TPAD_Reset)
    i.Timer4_Init                            0x0800521c   Section        0  usmart.o(i.Timer4_Init)
    i.USART1_IRQHandler                      0x0800527c   Section        0  usart.o(i.USART1_IRQHandler)
    i.USART_Cmd                              0x080052e0   Section        0  stm32f10x_usart.o(i.USART_Cmd)
    i.USART_GetITStatus                      0x080052f4   Section        0  stm32f10x_usart.o(i.USART_GetITStatus)
    i.USART_ITConfig                         0x08005332   Section        0  stm32f10x_usart.o(i.USART_ITConfig)
    i.USART_Init                             0x08005364   Section        0  stm32f10x_usart.o(i.USART_Init)
    i.USART_ReceiveData                      0x08005410   Section        0  stm32f10x_usart.o(i.USART_ReceiveData)
    i.UsageFault_Handler                     0x08005418   Section        0  stm32f10x_it.o(i.UsageFault_Handler)
    i._is_digit                              0x0800541a   Section        0  __printf_wp.o(i._is_digit)
    i._sys_exit                              0x08005428   Section        0  usart.o(i._sys_exit)
    i.camera_refresh                         0x0800542c   Section        0  main.o(i.camera_refresh)
    i.delay_init                             0x080054e8   Section        0  delay.o(i.delay_init)
    i.delay_ms                               0x08005524   Section        0  delay.o(i.delay_ms)
    i.delay_us                               0x08005558   Section        0  delay.o(i.delay_us)
    i.fputc                                  0x0800558c   Section        0  usart.o(i.fputc)
    i.main                                   0x080055a4   Section        0  main.o(i.main)
    i.read_addr                              0x080056dc   Section        0  usmart.o(i.read_addr)
    i.uart_init                              0x080056e0   Section        0  usart.o(i.uart_init)
    i.usmart_cmd_rec                         0x08005780   Section        0  usmart.o(i.usmart_cmd_rec)
    i.usmart_exe                             0x08005814   Section        0  usmart.o(i.usmart_exe)
    i.usmart_get_aparm                       0x08005a74   Section        0  usmart_str.o(i.usmart_get_aparm)
    i.usmart_get_cmdname                     0x08005b10   Section        0  usmart_str.o(i.usmart_get_cmdname)
    i.usmart_get_fname                       0x08005b40   Section        0  usmart_str.o(i.usmart_get_fname)
    i.usmart_get_fparam                      0x08005ca8   Section        0  usmart_str.o(i.usmart_get_fparam)
    i.usmart_get_parmpos                     0x08005d78   Section        0  usmart_str.o(i.usmart_get_parmpos)
    i.usmart_get_runtime                     0x08005d9c   Section        0  usmart.o(i.usmart_get_runtime)
    i.usmart_init                            0x08005dd4   Section        0  usmart.o(i.usmart_init)
    i.usmart_pow                             0x08005dfc   Section        0  usmart_str.o(i.usmart_pow)
    i.usmart_reset_runtime                   0x08005e0c   Section        0  usmart.o(i.usmart_reset_runtime)
    i.usmart_scan                            0x08005e3c   Section        0  usmart.o(i.usmart_scan)
    i.usmart_search_nextc                    0x08005ee0   Section        0  usmart_str.o(i.usmart_search_nextc)
    i.usmart_str2num                         0x08005ef0   Section        0  usmart_str.o(i.usmart_str2num)
    i.usmart_strcmp                          0x08005f90   Section        0  usmart_str.o(i.usmart_strcmp)
    i.usmart_strcopy                         0x08005fa8   Section        0  usmart_str.o(i.usmart_strcopy)
    i.usmart_strlen                          0x08005fba   Section        0  usmart_str.o(i.usmart_strlen)
    i.usmart_sys_cmd_exe                     0x08005fcc   Section        0  usmart.o(i.usmart_sys_cmd_exe)
    i.write_addr                             0x0800663c   Section        0  usmart.o(i.write_addr)
    x$fpl$dfixu                              0x08006640   Section       90  dfixu.o(x$fpl$dfixu)
    x$fpl$dfltu                              0x0800669a   Section       38  dflt_clz.o(x$fpl$dfltu)
    x$fpl$dmul                               0x080066c0   Section      340  dmul.o(x$fpl$dmul)
    x$fpl$dnaninf                            0x08006814   Section      156  dnaninf.o(x$fpl$dnaninf)
    x$fpl$dretinf                            0x080068b0   Section       12  dretinf.o(x$fpl$dretinf)
    .constdata                               0x080068bc   Section     6080  lcd.o(.constdata)
    x$fpl$usenofp                            0x080068bc   Section        0  usenofp.o(x$fpl$usenofp)
    .constdata                               0x0800807c   Section      336  ov7670.o(.constdata)
    .constdata                               0x080081cc   Section       40  _printf_hex_int.o(.constdata)
    uc_hextab                                0x080081cc   Data          20  _printf_hex_int.o(.constdata)
    lc_hextab                                0x080081e0   Data          20  _printf_hex_int.o(.constdata)
    .constdata                               0x080081f4   Section       17  __printf_flags_ss_wp.o(.constdata)
    maptable                                 0x080081f4   Data          17  __printf_flags_ss_wp.o(.constdata)
    .conststring                             0x08008208   Section       40  usmart.o(.conststring)
    .conststring                             0x08008230   Section      223  usmart_config.o(.conststring)
    .data                                    0x20000000   Section       20  system_stm32f10x.o(.data)
    .data                                    0x20000014   Section        4  lcd.o(.data)
    .data                                    0x20000018   Section        4  tpad.o(.data)
    keyen                                    0x20000018   Data           1  tpad.o(.data)
    .data                                    0x2000001c   Section        1  exti.o(.data)
    .data                                    0x2000001e   Section        4  timer.o(.data)
    .data                                    0x20000022   Section        4  delay.o(.data)
    fac_us                                   0x20000022   Data           1  delay.o(.data)
    fac_ms                                   0x20000024   Data           2  delay.o(.data)
    .data                                    0x20000026   Section        2  usart.o(.data)
    .data                                    0x20000028   Section        4  usart.o(.data)
    .data                                    0x2000002c   Section       20  stm32f10x_rcc.o(.data)
    ADCPrescTable                            0x2000002c   Data           4  stm32f10x_rcc.o(.data)
    APBAHBPrescTable                         0x20000030   Data          16  stm32f10x_rcc.o(.data)
    .data                                    0x20000040   Section       28  usmart.o(.data)
    .data                                    0x2000005c   Section       56  usmart_config.o(.data)
    .data                                    0x20000094   Section      244  usmart_config.o(.data)
    .bss                                     0x20000188   Section       14  lcd.o(.bss)
    .bss                                     0x20000196   Section      200  usart.o(.bss)
    .bss                                     0x20000260   Section       96  libspace.o(.bss)
    HEAP                                     0x200002c0   Section        0  startup_stm32f10x_hd.o(HEAP)
    STACK                                    0x200002c0   Section     1024  startup_stm32f10x_hd.o(STACK)
    Heap_Mem                                 0x200002c0   Data           0  startup_stm32f10x_hd.o(HEAP)
    Stack_Mem                                0x200002c0   Data        1024  startup_stm32f10x_hd.o(STACK)
    __initial_sp                             0x200006c0   Data           0  startup_stm32f10x_hd.o(STACK)

    Global Symbols

    Symbol Name                              Value     Ov Type        Size  Object(Section)

    BuildAttributes$$THM_ISAv4$P$D$K$B$S$PE$A:L22UL41UL21$X:L11$S22US41US21$IEEE1$IW$USESV6$~STKCKD$USESV7$~SHL$OSPACE$ROPI$EBA8$UX$STANDARDLIB$REQ8$PRES8$EABIv2 0x00000000   Number         0  anon$$obj.o ABSOLUTE
    __ARM_use_no_argv                        0x00000000   Number         0  main.o ABSOLUTE
    _printf_flags                            0x00000000   Number         0  printf_stubs.o ABSOLUTE
    _printf_return_value                     0x00000000   Number         0  printf_stubs.o ABSOLUTE
    _printf_sizespec                         0x00000000   Number         0  printf_stubs.o ABSOLUTE
    _printf_widthprec                        0x00000000   Number         0  printf_stubs.o ABSOLUTE
    __ARM_exceptions_init                     - Undefined Weak Reference
    __alloca_initialize                       - Undefined Weak Reference
    __arm_preinit_                            - Undefined Weak Reference
    __cpp_initialize__aeabi_                  - Undefined Weak Reference
    __cxa_finalize                            - Undefined Weak Reference
    __rt_locale                               - Undefined Weak Reference
    __sigvec_lookup                           - Undefined Weak Reference
    _atexit_init                              - Undefined Weak Reference
    _call_atexit_fns                          - Undefined Weak Reference
    _clock_init                               - Undefined Weak Reference
    _fp_trap_init                             - Undefined Weak Reference
    _fp_trap_shutdown                         - Undefined Weak Reference
    _get_lc_collate                           - Undefined Weak Reference
    _get_lc_ctype                             - Undefined Weak Reference
    _get_lc_monetary                          - Undefined Weak Reference
    _get_lc_numeric                           - Undefined Weak Reference
    _get_lc_time                              - Undefined Weak Reference
    _getenv_init                              - Undefined Weak Reference
    _handle_redirection                       - Undefined Weak Reference
    _init_alloc                               - Undefined Weak Reference
    _init_user_alloc                          - Undefined Weak Reference
    _initio                                   - Undefined Weak Reference
    _mutex_acquire                            - Undefined Weak Reference
    _mutex_release                            - Undefined Weak Reference
    _printf_mbtowc                            - Undefined Weak Reference
    _printf_truncate_signed                   - Undefined Weak Reference
    _printf_truncate_unsigned                 - Undefined Weak Reference
    _rand_init                                - Undefined Weak Reference
    _signal_finish                            - Undefined Weak Reference
    _signal_init                              - Undefined Weak Reference
    _terminate_alloc                          - Undefined Weak Reference
    _terminate_user_alloc                     - Undefined Weak Reference
    _terminateio                              - Undefined Weak Reference
    __Vectors_Size                           0x00000130   Number         0  startup_stm32f10x_hd.o ABSOLUTE
    __Vectors                                0x08000000   Data           4  startup_stm32f10x_hd.o(RESET)
    __Vectors_End                            0x08000130   Data           0  startup_stm32f10x_hd.o(RESET)
    __main                                   0x08000131   Thumb Code     8  __main.o(!!!main)
    __scatterload                            0x08000139   Thumb Code     0  __scatter.o(!!!scatter)
    __scatterload_rt2                        0x08000139   Thumb Code    44  __scatter.o(!!!scatter)
    __scatterload_rt2_thumb_only             0x08000139   Thumb Code     0  __scatter.o(!!!scatter)
    __scatterload_null                       0x08000147   Thumb Code     0  __scatter.o(!!!scatter)
    __decompress                             0x0800016d   Thumb Code    90  __dczerorl2.o(!!dczerorl2)
    __decompress1                            0x0800016d   Thumb Code     0  __dczerorl2.o(!!dczerorl2)
    __scatterload_zeroinit                   0x080001c9   Thumb Code    28  __scatter_zi.o(!!handler_zi)
    _printf_d                                0x080001e5   Thumb Code     0  _printf_d.o(.ARM.Collect$$_printf_percent$$00000009)
    _printf_percent                          0x080001e5   Thumb Code     0  _printf_percent.o(.ARM.Collect$$_printf_percent$$00000000)
    _printf_u                                0x080001eb   Thumb Code     0  _printf_u.o(.ARM.Collect$$_printf_percent$$0000000A)
    _printf_x                                0x080001f1   Thumb Code     0  _printf_x.o(.ARM.Collect$$_printf_percent$$0000000C)
    _printf_c                                0x080001f7   Thumb Code     0  _printf_c.o(.ARM.Collect$$_printf_percent$$00000013)
    _printf_s                                0x080001fd   Thumb Code     0  _printf_s.o(.ARM.Collect$$_printf_percent$$00000014)
    _printf_percent_end                      0x08000203   Thumb Code     0  _printf_percent_end.o(.ARM.Collect$$_printf_percent$$00000017)
    __rt_lib_init                            0x08000207   Thumb Code     0  libinit.o(.ARM.Collect$$libinit$$00000000)
    __rt_lib_init_alloca_1                   0x08000209   Thumb Code     0  libinit2.o(.ARM.Collect$$libinit$$0000002E)
    __rt_lib_init_argv_1                     0x08000209   Thumb Code     0  libinit2.o(.ARM.Collect$$libinit$$0000002C)
    __rt_lib_init_atexit_1                   0x08000209   Thumb Code     0  libinit2.o(.ARM.Collect$$libinit$$0000001B)
    __rt_lib_init_clock_1                    0x08000209   Thumb Code     0  libinit2.o(.ARM.Collect$$libinit$$00000021)
    __rt_lib_init_cpp_1                      0x08000209   Thumb Code     0  libinit2.o(.ARM.Collect$$libinit$$00000032)
    __rt_lib_init_exceptions_1               0x08000209   Thumb Code     0  libinit2.o(.ARM.Collect$$libinit$$00000030)
    __rt_lib_init_fp_1                       0x08000209   Thumb Code     0  libinit2.o(.ARM.Collect$$libinit$$00000002)
    __rt_lib_init_fp_trap_1                  0x08000209   Thumb Code     0  libinit2.o(.ARM.Collect$$libinit$$0000001F)
    __rt_lib_init_getenv_1                   0x08000209   Thumb Code     0  libinit2.o(.ARM.Collect$$libinit$$00000023)
    __rt_lib_init_heap_1                     0x08000209   Thumb Code     0  libinit2.o(.ARM.Collect$$libinit$$0000000A)
    __rt_lib_init_lc_collate_1               0x08000209   Thumb Code     0  libinit2.o(.ARM.Collect$$libinit$$00000011)
    __rt_lib_init_lc_ctype_1                 0x08000209   Thumb Code     0  libinit2.o(.ARM.Collect$$libinit$$00000013)
    __rt_lib_init_lc_monetary_1              0x08000209   Thumb Code     0  libinit2.o(.ARM.Collect$$libinit$$00000015)
    __rt_lib_init_lc_numeric_1               0x08000209   Thumb Code     0  libinit2.o(.ARM.Collect$$libinit$$00000017)
    __rt_lib_init_lc_time_1                  0x08000209   Thumb Code     0  libinit2.o(.ARM.Collect$$libinit$$00000019)
    __rt_lib_init_preinit_1                  0x08000209   Thumb Code     0  libinit2.o(.ARM.Collect$$libinit$$00000004)
    __rt_lib_init_rand_1                     0x08000209   Thumb Code     0  libinit2.o(.ARM.Collect$$libinit$$0000000E)
    __rt_lib_init_return                     0x08000209   Thumb Code     0  libinit2.o(.ARM.Collect$$libinit$$00000033)
    __rt_lib_init_signal_1                   0x08000209   Thumb Code     0  libinit2.o(.ARM.Collect$$libinit$$0000001D)
    __rt_lib_init_stdio_1                    0x08000209   Thumb Code     0  libinit2.o(.ARM.Collect$$libinit$$00000025)
    __rt_lib_init_user_alloc_1               0x08000209   Thumb Code     0  libinit2.o(.ARM.Collect$$libinit$$0000000C)
    __rt_lib_shutdown                        0x0800020b   Thumb Code     0  libshutdown.o(.ARM.Collect$$libshutdown$$00000000)
    __rt_lib_shutdown_fp_trap_1              0x0800020d   Thumb Code     0  libshutdown2.o(.ARM.Collect$$libshutdown$$00000006)
    __rt_lib_shutdown_heap_1                 0x0800020d   Thumb Code     0  libshutdown2.o(.ARM.Collect$$libshutdown$$0000000E)
    __rt_lib_shutdown_return                 0x0800020d   Thumb Code     0  libshutdown2.o(.ARM.Collect$$libshutdown$$0000000F)
    __rt_lib_shutdown_signal_1               0x0800020d   Thumb Code     0  libshutdown2.o(.ARM.Collect$$libshutdown$$00000009)
    __rt_lib_shutdown_stdio_1                0x0800020d   Thumb Code     0  libshutdown2.o(.ARM.Collect$$libshutdown$$00000003)
    __rt_lib_shutdown_user_alloc_1           0x0800020d   Thumb Code     0  libshutdown2.o(.ARM.Collect$$libshutdown$$0000000B)
    __rt_entry                               0x0800020f   Thumb Code     0  __rtentry.o(.ARM.Collect$$rtentry$$00000000)
    __rt_entry_presh_1                       0x0800020f   Thumb Code     0  __rtentry2.o(.ARM.Collect$$rtentry$$00000002)
    __rt_entry_sh                            0x0800020f   Thumb Code     0  __rtentry4.o(.ARM.Collect$$rtentry$$00000004)
    __rt_entry_li                            0x08000215   Thumb Code     0  __rtentry2.o(.ARM.Collect$$rtentry$$0000000A)
    __rt_entry_postsh_1                      0x08000215   Thumb Code     0  __rtentry2.o(.ARM.Collect$$rtentry$$00000009)
    __rt_entry_main                          0x08000219   Thumb Code     0  __rtentry2.o(.ARM.Collect$$rtentry$$0000000D)
    __rt_entry_postli_1                      0x08000219   Thumb Code     0  __rtentry2.o(.ARM.Collect$$rtentry$$0000000C)
    __rt_exit                                0x08000221   Thumb Code     0  rtexit.o(.ARM.Collect$$rtexit$$00000000)
    __rt_exit_ls                             0x08000223   Thumb Code     0  rtexit2.o(.ARM.Collect$$rtexit$$00000003)
    __rt_exit_prels_1                        0x08000223   Thumb Code     0  rtexit2.o(.ARM.Collect$$rtexit$$00000002)
    __rt_exit_exit                           0x08000227   Thumb Code     0  rtexit2.o(.ARM.Collect$$rtexit$$00000004)
    Reset_Handler                            0x0800022d   Thumb Code     8  startup_stm32f10x_hd.o(.text)
    ADC1_2_IRQHandler                        0x08000247   Thumb Code     0  startup_stm32f10x_hd.o(.text)
    ADC3_IRQHandler                          0x08000247   Thumb Code     0  startup_stm32f10x_hd.o(.text)
    CAN1_RX1_IRQHandler                      0x08000247   Thumb Code     0  startup_stm32f10x_hd.o(.text)
    CAN1_SCE_IRQHandler                      0x08000247   Thumb Code     0  startup_stm32f10x_hd.o(.text)
    DMA1_Channel1_IRQHandler                 0x08000247   Thumb Code     0  startup_stm32f10x_hd.o(.text)
    DMA1_Channel2_IRQHandler                 0x08000247   Thumb Code     0  startup_stm32f10x_hd.o(.text)
    DMA1_Channel3_IRQHandler                 0x08000247   Thumb Code     0  startup_stm32f10x_hd.o(.text)
    DMA1_Channel4_IRQHandler                 0x08000247   Thumb Code     0  startup_stm32f10x_hd.o(.text)
    DMA1_Channel5_IRQHandler                 0x08000247   Thumb Code     0  startup_stm32f10x_hd.o(.text)
    DMA1_Channel6_IRQHandler                 0x08000247   Thumb Code     0  startup_stm32f10x_hd.o(.text)
    DMA1_Channel7_IRQHandler                 0x08000247   Thumb Code     0  startup_stm32f10x_hd.o(.text)
    DMA2_Channel1_IRQHandler                 0x08000247   Thumb Code     0  startup_stm32f10x_hd.o(.text)
    DMA2_Channel2_IRQHandler                 0x08000247   Thumb Code     0  startup_stm32f10x_hd.o(.text)
    DMA2_Channel3_IRQHandler                 0x08000247   Thumb Code     0  startup_stm32f10x_hd.o(.text)
    DMA2_Channel4_5_IRQHandler               0x08000247   Thumb Code     0  startup_stm32f10x_hd.o(.text)
    EXTI15_10_IRQHandler                     0x08000247   Thumb Code     0  startup_stm32f10x_hd.o(.text)
    EXTI1_IRQHandler                         0x08000247   Thumb Code     0  startup_stm32f10x_hd.o(.text)
    FLASH_IRQHandler                         0x08000247   Thumb Code     0  startup_stm32f10x_hd.o(.text)
    FSMC_IRQHandler                          0x08000247   Thumb Code     0  startup_stm32f10x_hd.o(.text)
    I2C1_ER_IRQHandler                       0x08000247   Thumb Code     0  startup_stm32f10x_hd.o(.text)
    I2C1_EV_IRQHandler                       0x08000247   Thumb Code     0  startup_stm32f10x_hd.o(.text)
    I2C2_ER_IRQHandler                       0x08000247   Thumb Code     0  startup_stm32f10x_hd.o(.text)
    I2C2_EV_IRQHandler                       0x08000247   Thumb Code     0  startup_stm32f10x_hd.o(.text)
    PVD_IRQHandler                           0x08000247   Thumb Code     0  startup_stm32f10x_hd.o(.text)
    RCC_IRQHandler                           0x08000247   Thumb Code     0  startup_stm32f10x_hd.o(.text)
    RTCAlarm_IRQHandler                      0x08000247   Thumb Code     0  startup_stm32f10x_hd.o(.text)
    RTC_IRQHandler                           0x08000247   Thumb Code     0  startup_stm32f10x_hd.o(.text)
    SDIO_IRQHandler                          0x08000247   Thumb Code     0  startup_stm32f10x_hd.o(.text)
    SPI1_IRQHandler                          0x08000247   Thumb Code     0  startup_stm32f10x_hd.o(.text)
    SPI2_IRQHandler                          0x08000247   Thumb Code     0  startup_stm32f10x_hd.o(.text)
    SPI3_IRQHandler                          0x08000247   Thumb Code     0  startup_stm32f10x_hd.o(.text)
    TAMPER_IRQHandler                        0x08000247   Thumb Code     0  startup_stm32f10x_hd.o(.text)
    TIM1_BRK_IRQHandler                      0x08000247   Thumb Code     0  startup_stm32f10x_hd.o(.text)
    TIM1_CC_IRQHandler                       0x08000247   Thumb Code     0  startup_stm32f10x_hd.o(.text)
    TIM1_TRG_COM_IRQHandler                  0x08000247   Thumb Code     0  startup_stm32f10x_hd.o(.text)
    TIM1_UP_IRQHandler                       0x08000247   Thumb Code     0  startup_stm32f10x_hd.o(.text)
    TIM2_IRQHandler                          0x08000247   Thumb Code     0  startup_stm32f10x_hd.o(.text)
    TIM7_IRQHandler                          0x08000247   Thumb Code     0  startup_stm32f10x_hd.o(.text)
    TIM8_BRK_IRQHandler                      0x08000247   Thumb Code     0  startup_stm32f10x_hd.o(.text)
    TIM8_CC_IRQHandler                       0x08000247   Thumb Code     0  startup_stm32f10x_hd.o(.text)
    TIM8_TRG_COM_IRQHandler                  0x08000247   Thumb Code     0  startup_stm32f10x_hd.o(.text)
    TIM8_UP_IRQHandler                       0x08000247   Thumb Code     0  startup_stm32f10x_hd.o(.text)
    UART4_IRQHandler                         0x08000247   Thumb Code     0  startup_stm32f10x_hd.o(.text)
    UART5_IRQHandler                         0x08000247   Thumb Code     0  startup_stm32f10x_hd.o(.text)
    USART2_IRQHandler                        0x08000247   Thumb Code     0  startup_stm32f10x_hd.o(.text)
    USART3_IRQHandler                        0x08000247   Thumb Code     0  startup_stm32f10x_hd.o(.text)
    USBWakeUp_IRQHandler                     0x08000247   Thumb Code     0  startup_stm32f10x_hd.o(.text)
    USB_HP_CAN1_TX_IRQHandler                0x08000247   Thumb Code     0  startup_stm32f10x_hd.o(.text)
    USB_LP_CAN1_RX0_IRQHandler               0x08000247   Thumb Code     0  startup_stm32f10x_hd.o(.text)
    WWDG_IRQHandler                          0x08000247   Thumb Code     0  startup_stm32f10x_hd.o(.text)
    __user_initial_stackheap                 0x08000249   Thumb Code     0  startup_stm32f10x_hd.o(.text)
    __use_no_semihosting                     0x08000269   Thumb Code     2  use_no_semi_2.o(.text)
    __2printf                                0x0800026d   Thumb Code    20  noretval__2printf.o(.text)
    _printf_pre_padding                      0x08000285   Thumb Code    44  _printf_pad.o(.text)
    _printf_post_padding                     0x080002b1   Thumb Code    34  _printf_pad.o(.text)
    _printf_str                              0x080002d3   Thumb Code    82  _printf_str.o(.text)
    _printf_int_dec                          0x08000325   Thumb Code   104  _printf_dec.o(.text)
    _printf_int_hex                          0x0800039d   Thumb Code    84  _printf_hex_int.o(.text)
    _printf_longlong_hex                     0x0800039d   Thumb Code     0  _printf_hex_int.o(.text)
    __printf                                 0x080003f5   Thumb Code   388  __printf_flags_ss_wp.o(.text)
    __use_two_region_memory                  0x0800057d   Thumb Code     2  heapauxi.o(.text)
    __rt_heap_escrow$2region                 0x0800057f   Thumb Code     2  heapauxi.o(.text)
    __rt_heap_expand$2region                 0x08000581   Thumb Code     2  heapauxi.o(.text)
    __I$use$semihosting                      0x08000583   Thumb Code     0  use_no_semi.o(.text)
    __use_no_semihosting_swi                 0x08000583   Thumb Code     2  use_no_semi.o(.text)
    _printf_int_common                       0x08000585   Thumb Code   178  _printf_intcommon.o(.text)
    _printf_cs_common                        0x08000637   Thumb Code    20  _printf_char.o(.text)
    _printf_char                             0x0800064b   Thumb Code    16  _printf_char.o(.text)
    _printf_string                           0x0800065b   Thumb Code     8  _printf_char.o(.text)
    _printf_char_file                        0x08000665   Thumb Code    32  _printf_char_file.o(.text)
    _printf_char_common                      0x08000693   Thumb Code    32  _printf_char_common.o(.text)
    ferror                                   0x080006b9   Thumb Code     8  ferror.o(.text)
    __user_setup_stackheap                   0x080006c1   Thumb Code    74  sys_stackheap_outer.o(.text)
    exit                                     0x0800070b   Thumb Code    12  exit.o(.text)
    __user_libspace                          0x08000719   Thumb Code     8  libspace.o(.text)
    __user_perproc_libspace                  0x08000719   Thumb Code     0  libspace.o(.text)
    __user_perthread_libspace                0x08000719   Thumb Code     0  libspace.o(.text)
    BusFault_Handler                         0x08000721   Thumb Code     2  stm32f10x_it.o(i.BusFault_Handler)
    DebugMon_Handler                         0x08000723   Thumb Code     2  stm32f10x_it.o(i.DebugMon_Handler)
    EXTI0_IRQHandler                         0x08000725   Thumb Code    48  exti.o(i.EXTI0_IRQHandler)
    EXTI2_IRQHandler                         0x0800075d   Thumb Code    46  exti.o(i.EXTI2_IRQHandler)
    EXTI3_IRQHandler                         0x08000795   Thumb Code    46  exti.o(i.EXTI3_IRQHandler)
    EXTI4_IRQHandler                         0x080007cd   Thumb Code    46  exti.o(i.EXTI4_IRQHandler)
    EXTI8_Init                               0x08000805   Thumb Code    66  exti.o(i.EXTI8_Init)
    EXTI9_5_IRQHandler                       0x08000849   Thumb Code    54  exti.o(i.EXTI9_5_IRQHandler)
    EXTI_ClearITPendingBit                   0x0800088d   Thumb Code     6  stm32f10x_exti.o(i.EXTI_ClearITPendingBit)
    EXTI_GetITStatus                         0x08000899   Thumb Code    28  stm32f10x_exti.o(i.EXTI_GetITStatus)
    EXTI_Init                                0x080008b9   Thumb Code   108  stm32f10x_exti.o(i.EXTI_Init)
    FSMC_NORSRAMCmd                          0x08000929   Thumb Code    26  stm32f10x_fsmc.o(i.FSMC_NORSRAMCmd)
    FSMC_NORSRAMInit                         0x08000949   Thumb Code   200  stm32f10x_fsmc.o(i.FSMC_NORSRAMInit)
    GPIO_EXTILineConfig                      0x08000a11   Thumb Code    34  stm32f10x_gpio.o(i.GPIO_EXTILineConfig)
    GPIO_Init                                0x08000a39   Thumb Code   156  stm32f10x_gpio.o(i.GPIO_Init)
    GPIO_PinRemapConfig                      0x08000ad5   Thumb Code    82  stm32f10x_gpio.o(i.GPIO_PinRemapConfig)
    GPIO_ReadInputDataBit                    0x08000b2d   Thumb Code    14  stm32f10x_gpio.o(i.GPIO_ReadInputDataBit)
    GPIO_ResetBits                           0x08000b3b   Thumb Code     4  stm32f10x_gpio.o(i.GPIO_ResetBits)
    GPIO_SetBits                             0x08000b3f   Thumb Code     4  stm32f10x_gpio.o(i.GPIO_SetBits)
    HardFault_Handler                        0x08000b43   Thumb Code     2  stm32f10x_it.o(i.HardFault_Handler)
    KEY_Init                                 0x08000b45   Thumb Code    52  key.o(i.KEY_Init)
    LCD_Clear                                0x08000b81   Thumb Code   100  lcd.o(i.LCD_Clear)
    LCD_Display_Dir                          0x08000bed   Thumb Code   304  lcd.o(i.LCD_Display_Dir)
    LCD_Fast_DrawPoint                       0x08000d21   Thumb Code   276  lcd.o(i.LCD_Fast_DrawPoint)
    LCD_Fill                                 0x08000e3d   Thumb Code   132  lcd.o(i.LCD_Fill)
    LCD_Init                                 0x08000ec9   Thumb Code 11794  lcd.o(i.LCD_Init)
    LCD_RD_DATA                              0x08003ce1   Thumb Code    16  lcd.o(i.LCD_RD_DATA)
    LCD_ReadReg                              0x08003cf5   Thumb Code    20  lcd.o(i.LCD_ReadReg)
    LCD_SSD_BackLightSet                     0x08003d0d   Thumb Code    50  lcd.o(i.LCD_SSD_BackLightSet)
    LCD_Scan_Dir                             0x08003d49   Thumb Code   414  lcd.o(i.LCD_Scan_Dir)
    LCD_SetCursor                            0x08003ef1   Thumb Code   320  lcd.o(i.LCD_SetCursor)
    LCD_Set_Window                           0x08004039   Thumb Code   370  lcd.o(i.LCD_Set_Window)
    LCD_ShowChar                             0x080041b5   Thumb Code   182  lcd.o(i.LCD_ShowChar)
    LCD_ShowString                           0x08004281   Thumb Code    84  lcd.o(i.LCD_ShowString)
    LCD_WriteRAM_Prepare                     0x080042d5   Thumb Code    10  lcd.o(i.LCD_WriteRAM_Prepare)
    LCD_WriteReg                             0x080042e9   Thumb Code    10  lcd.o(i.LCD_WriteReg)
    LED_Init                                 0x080042f9   Thumb Code    70  led.o(i.LED_Init)
    MemManage_Handler                        0x08004349   Thumb Code     2  stm32f10x_it.o(i.MemManage_Handler)
    NMI_Handler                              0x0800434b   Thumb Code     2  stm32f10x_it.o(i.NMI_Handler)
    NVIC_Init                                0x0800434d   Thumb Code    94  misc.o(i.NVIC_Init)
    NVIC_PriorityGroupConfig                 0x080043b1   Thumb Code    10  misc.o(i.NVIC_PriorityGroupConfig)
    OV7670_Brightness                        0x080043c5   Thumb Code    38  ov7670.o(i.OV7670_Brightness)
    OV7670_Color_Saturation                  0x080043eb   Thumb Code   114  ov7670.o(i.OV7670_Color_Saturation)
    OV7670_Contrast                          0x0800445d   Thumb Code    38  ov7670.o(i.OV7670_Contrast)
    OV7670_Init                              0x08004485   Thumb Code   242  ov7670.o(i.OV7670_Init)
    OV7670_Light_Mode                        0x08004595   Thumb Code    82  ov7670.o(i.OV7670_Light_Mode)
    OV7670_Special_Effects                   0x080045e7   Thumb Code    84  ov7670.o(i.OV7670_Special_Effects)
    OV7670_Window_Set                        0x0800463b   Thumb Code   110  ov7670.o(i.OV7670_Window_Set)
    PendSV_Handler                           0x080046a9   Thumb Code     2  stm32f10x_it.o(i.PendSV_Handler)
    RCC_AHBPeriphClockCmd                    0x080046ad   Thumb Code    18  stm32f10x_rcc.o(i.RCC_AHBPeriphClockCmd)
    RCC_APB1PeriphClockCmd                   0x080046c5   Thumb Code    18  stm32f10x_rcc.o(i.RCC_APB1PeriphClockCmd)
    RCC_APB2PeriphClockCmd                   0x080046dd   Thumb Code    18  stm32f10x_rcc.o(i.RCC_APB2PeriphClockCmd)
    RCC_GetClocksFreq                        0x080046f5   Thumb Code   132  stm32f10x_rcc.o(i.RCC_GetClocksFreq)
    SCCB_Init                                0x08004789   Thumb Code    98  sccb.o(i.SCCB_Init)
    SCCB_No_Ack                              0x080047f5   Thumb Code    58  sccb.o(i.SCCB_No_Ack)
    SCCB_RD_Byte                             0x08004839   Thumb Code   102  sccb.o(i.SCCB_RD_Byte)
    SCCB_RD_Reg                              0x080048ad   Thumb Code    76  sccb.o(i.SCCB_RD_Reg)
    SCCB_Start                               0x080048f9   Thumb Code    44  sccb.o(i.SCCB_Start)
    SCCB_Stop                                0x0800492d   Thumb Code    46  sccb.o(i.SCCB_Stop)
    SCCB_WR_Byte                             0x08004965   Thumb Code   130  sccb.o(i.SCCB_WR_Byte)
    SCCB_WR_Reg                              0x080049f5   Thumb Code    62  sccb.o(i.SCCB_WR_Reg)
    SVC_Handler                              0x08004a33   Thumb Code     2  stm32f10x_it.o(i.SVC_Handler)
    SysTick_CLKSourceConfig                  0x08004add   Thumb Code    24  misc.o(i.SysTick_CLKSourceConfig)
    SysTick_Handler                          0x08004af5   Thumb Code     2  stm32f10x_it.o(i.SysTick_Handler)
    SystemInit                               0x08004af9   Thumb Code    64  system_stm32f10x.o(i.SystemInit)
    TIM3_IRQHandler                          0x08004c31   Thumb Code    44  timer.o(i.TIM3_IRQHandler)
    TIM4_IRQHandler                          0x08004c65   Thumb Code    50  usmart.o(i.TIM4_IRQHandler)
    TIM5_CH2_Cap_Init                        0x08004ca1   Thumb Code   120  tpad.o(i.TIM5_CH2_Cap_Init)
    TIM5_IRQHandler                          0x08004d21   Thumb Code   128  timer.o(i.TIM5_IRQHandler)
    TIM6_IRQHandler                          0x08004da9   Thumb Code    40  timer.o(i.TIM6_IRQHandler)
    TIM6_Int_Init                            0x08004de9   Thumb Code    90  timer.o(i.TIM6_Int_Init)
    TIM_ClearFlag                            0x08004e49   Thumb Code     6  stm32f10x_tim.o(i.TIM_ClearFlag)
    TIM_ClearITPendingBit                    0x08004e4f   Thumb Code     6  stm32f10x_tim.o(i.TIM_ClearITPendingBit)
    TIM_Cmd                                  0x08004e55   Thumb Code    20  stm32f10x_tim.o(i.TIM_Cmd)
    TIM_GetCapture1                          0x08004e69   Thumb Code     4  stm32f10x_tim.o(i.TIM_GetCapture1)
    TIM_GetCapture2                          0x08004e6d   Thumb Code     4  stm32f10x_tim.o(i.TIM_GetCapture2)
    TIM_GetCounter                           0x08004e71   Thumb Code     4  stm32f10x_tim.o(i.TIM_GetCounter)
    TIM_GetFlagStatus                        0x08004e75   Thumb Code    14  stm32f10x_tim.o(i.TIM_GetFlagStatus)
    TIM_GetITStatus                          0x08004e83   Thumb Code    24  stm32f10x_tim.o(i.TIM_GetITStatus)
    TIM_ICInit                               0x08004e9d   Thumb Code   278  stm32f10x_tim.o(i.TIM_ICInit)
    TIM_ITConfig                             0x08004fc9   Thumb Code    16  stm32f10x_tim.o(i.TIM_ITConfig)
    TIM_OC1PolarityConfig                    0x08004fd9   Thumb Code    12  stm32f10x_tim.o(i.TIM_OC1PolarityConfig)
    TIM_SetAutoreload                        0x08004fe5   Thumb Code     4  stm32f10x_tim.o(i.TIM_SetAutoreload)
    TIM_SetCounter                           0x08004fe9   Thumb Code     4  stm32f10x_tim.o(i.TIM_SetCounter)
    TIM_SetIC1Prescaler                      0x08004fed   Thumb Code    16  stm32f10x_tim.o(i.TIM_SetIC1Prescaler)
    TIM_SetIC2Prescaler                      0x08004ffd   Thumb Code    24  stm32f10x_tim.o(i.TIM_SetIC2Prescaler)
    TIM_SetIC3Prescaler                      0x08005015   Thumb Code    16  stm32f10x_tim.o(i.TIM_SetIC3Prescaler)
    TIM_SetIC4Prescaler                      0x08005025   Thumb Code    24  stm32f10x_tim.o(i.TIM_SetIC4Prescaler)
    TIM_TimeBaseInit                         0x0800503d   Thumb Code   114  stm32f10x_tim.o(i.TIM_TimeBaseInit)
    TPAD_Get_Val                             0x080050d9   Thumb Code    54  tpad.o(i.TPAD_Get_Val)
    TPAD_Init                                0x08005115   Thumb Code   140  tpad.o(i.TPAD_Init)
    TPAD_Reset                               0x080051bd   Thumb Code    86  tpad.o(i.TPAD_Reset)
    Timer4_Init                              0x0800521d   Thumb Code    90  usmart.o(i.Timer4_Init)
    USART1_IRQHandler                        0x0800527d   Thumb Code    88  usart.o(i.USART1_IRQHandler)
    USART_Cmd                                0x080052e1   Thumb Code    20  stm32f10x_usart.o(i.USART_Cmd)
    USART_GetITStatus                        0x080052f5   Thumb Code    62  stm32f10x_usart.o(i.USART_GetITStatus)
    USART_ITConfig                           0x08005333   Thumb Code    48  stm32f10x_usart.o(i.USART_ITConfig)
    USART_Init                               0x08005365   Thumb Code   166  stm32f10x_usart.o(i.USART_Init)
    USART_ReceiveData                        0x08005411   Thumb Code     8  stm32f10x_usart.o(i.USART_ReceiveData)
    UsageFault_Handler                       0x08005419   Thumb Code     2  stm32f10x_it.o(i.UsageFault_Handler)
    _is_digit                                0x0800541b   Thumb Code    14  __printf_wp.o(i._is_digit)
    _sys_exit                                0x08005429   Thumb Code     2  usart.o(i._sys_exit)
    camera_refresh                           0x0800542d   Thumb Code   166  main.o(i.camera_refresh)
    delay_init                               0x080054e9   Thumb Code    46  delay.o(i.delay_init)
    delay_ms                                 0x08005525   Thumb Code    46  delay.o(i.delay_ms)
    delay_us                                 0x08005559   Thumb Code    46  delay.o(i.delay_us)
    fputc                                    0x0800558d   Thumb Code    18  usart.o(i.fputc)
    main                                     0x080055a5   Thumb Code   252  main.o(i.main)
    read_addr                                0x080056dd   Thumb Code     4  usmart.o(i.read_addr)
    uart_init                                0x080056e1   Thumb Code   152  usart.o(i.uart_init)
    usmart_cmd_rec                           0x08005781   Thumb Code   144  usmart.o(i.usmart_cmd_rec)
    usmart_exe                               0x08005815   Thumb Code   510  usmart.o(i.usmart_exe)
    usmart_get_aparm                         0x08005a75   Thumb Code   156  usmart_str.o(i.usmart_get_aparm)
    usmart_get_cmdname                       0x08005b11   Thumb Code    46  usmart_str.o(i.usmart_get_cmdname)
    usmart_get_fname                         0x08005b41   Thumb Code   352  usmart_str.o(i.usmart_get_fname)
    usmart_get_fparam                        0x08005ca9   Thumb Code   202  usmart_str.o(i.usmart_get_fparam)
    usmart_get_parmpos                       0x08005d79   Thumb Code    30  usmart_str.o(i.usmart_get_parmpos)
    usmart_get_runtime                       0x08005d9d   Thumb Code    48  usmart.o(i.usmart_get_runtime)
    usmart_init                              0x08005dd5   Thumb Code    36  usmart.o(i.usmart_init)
    usmart_pow                               0x08005dfd   Thumb Code    16  usmart_str.o(i.usmart_pow)
    usmart_reset_runtime                     0x08005e0d   Thumb Code    40  usmart.o(i.usmart_reset_runtime)
    usmart_scan                              0x08005e3d   Thumb Code    94  usmart.o(i.usmart_scan)
    usmart_search_nextc                      0x08005ee1   Thumb Code    16  usmart_str.o(i.usmart_search_nextc)
    usmart_str2num                           0x08005ef1   Thumb Code   160  usmart_str.o(i.usmart_str2num)
    usmart_strcmp                            0x08005f91   Thumb Code    24  usmart_str.o(i.usmart_strcmp)
    usmart_strcopy                           0x08005fa9   Thumb Code    18  usmart_str.o(i.usmart_strcopy)
    usmart_strlen                            0x08005fbb   Thumb Code    18  usmart_str.o(i.usmart_strlen)
    usmart_sys_cmd_exe                       0x08005fcd   Thumb Code  1442  usmart.o(i.usmart_sys_cmd_exe)
    write_addr                               0x0800663d   Thumb Code     4  usmart.o(i.write_addr)
    __aeabi_d2uiz                            0x08006641   Thumb Code     0  dfixu.o(x$fpl$dfixu)
    _dfixu                                   0x08006641   Thumb Code    90  dfixu.o(x$fpl$dfixu)
    __aeabi_ui2d                             0x0800669b   Thumb Code     0  dflt_clz.o(x$fpl$dfltu)
    _dfltu                                   0x0800669b   Thumb Code    38  dflt_clz.o(x$fpl$dfltu)
    __aeabi_dmul                             0x080066c1   Thumb Code     0  dmul.o(x$fpl$dmul)
    _dmul                                    0x080066c1   Thumb Code   332  dmul.o(x$fpl$dmul)
    __fpl_dnaninf                            0x08006815   Thumb Code   156  dnaninf.o(x$fpl$dnaninf)
    __fpl_dretinf                            0x080068b1   Thumb Code    12  dretinf.o(x$fpl$dretinf)
    __I$use$fp                               0x080068bc   Number         0  usenofp.o(x$fpl$usenofp)
    asc2_1206                                0x080068bc   Data        1140  lcd.o(.constdata)
    asc2_1608                                0x08006d30   Data        1520  lcd.o(.constdata)
    asc2_2412                                0x08007320   Data        3420  lcd.o(.constdata)
    ov7670_init_reg_tbl                      0x0800807c   Data         336  ov7670.o(.constdata)
    Region$$Table$$Base                      0x08008310   Number         0  anon$$obj.o(Region$$Table)
    Region$$Table$$Limit                     0x08008330   Number         0  anon$$obj.o(Region$$Table)
    SystemCoreClock                          0x20000000   Data           4  system_stm32f10x.o(.data)
    AHBPrescTable                            0x20000004   Data          16  system_stm32f10x.o(.data)
    POINT_COLOR                              0x20000014   Data           2  lcd.o(.data)
    BACK_COLOR                               0x20000016   Data           2  lcd.o(.data)
    tpad_default_val                         0x2000001a   Data           2  tpad.o(.data)
    ov_sta                                   0x2000001c   Data           1  exti.o(.data)
    TIM5CH1_CAPTURE_STA                      0x2000001e   Data           1  timer.o(.data)
    ov_frame                                 0x2000001f   Data           1  timer.o(.data)
    TIM5CH1_CAPTURE_VAL                      0x20000020   Data           2  timer.o(.data)
    USART_RX_STA                             0x20000026   Data           2  usart.o(.data)
    __stdout                                 0x20000028   Data           4  usart.o(.data)
    sys_cmd_tab                              0x20000040   Data          28  usmart.o(.data)
    usmart_nametab                           0x2000005c   Data          56  usmart_config.o(.data)
    usmart_dev                               0x20000094   Data         244  usmart_config.o(.data)
    lcddev                                   0x20000188   Data          14  lcd.o(.bss)
    USART_RX_BUF                             0x20000196   Data         200  usart.o(.bss)
    __libspace_start                         0x20000260   Data          96  libspace.o(.bss)
    __temporary_stack_top$libspace           0x200002c0   Data           0  libspace.o(.bss)



==============================================================================

Memory Map of the image

  Image Entry point : 0x08000131

  Load Region LR_IROM1 (Base: 0x08000000, Size: 0x000084b8, Max: 0x00080000, ABSOLUTE, COMPRESSED[0x000083a8])

    Execution Region ER_IROM1 (Base: 0x08000000, Size: 0x00008330, Max: 0x00080000, ABSOLUTE)

    Base Addr    Size         Type   Attr      Idx    E Section Name        Object

    0x08000000   0x00000130   Data   RO          840    RESET               startup_stm32f10x_hd.o
    0x08000130   0x00000008   Code   RO         2307  * !!!main             c_w.l(__main.o)
    0x08000138   0x00000034   Code   RO         2495    !!!scatter          c_w.l(__scatter.o)
    0x0800016c   0x0000005a   Code   RO         2493    !!dczerorl2         c_w.l(__dczerorl2.o)
    0x080001c6   0x00000002   PAD
    0x080001c8   0x0000001c   Code   RO         2497    !!handler_zi        c_w.l(__scatter_zi.o)
    0x080001e4   0x00000000   Code   RO         2304    .ARM.Collect$$_printf_percent$$00000000  c_w.l(_printf_percent.o)
    0x080001e4   0x00000006   Code   RO         2302    .ARM.Collect$$_printf_percent$$00000009  c_w.l(_printf_d.o)
    0x080001ea   0x00000006   Code   RO         2303    .ARM.Collect$$_printf_percent$$0000000A  c_w.l(_printf_u.o)
    0x080001f0   0x00000006   Code   RO         2301    .ARM.Collect$$_printf_percent$$0000000C  c_w.l(_printf_x.o)
    0x080001f6   0x00000006   Code   RO         2299    .ARM.Collect$$_printf_percent$$00000013  c_w.l(_printf_c.o)
    0x080001fc   0x00000006   Code   RO         2300    .ARM.Collect$$_printf_percent$$00000014  c_w.l(_printf_s.o)
    0x08000202   0x00000004   Code   RO         2330    .ARM.Collect$$_printf_percent$$00000017  c_w.l(_printf_percent_end.o)
    0x08000206   0x00000002   Code   RO         2368    .ARM.Collect$$libinit$$00000000  c_w.l(libinit.o)
    0x08000208   0x00000000   Code   RO         2375    .ARM.Collect$$libinit$$00000002  c_w.l(libinit2.o)
    0x08000208   0x00000000   Code   RO         2377    .ARM.Collect$$libinit$$00000004  c_w.l(libinit2.o)
    0x08000208   0x00000000   Code   RO         2380    .ARM.Collect$$libinit$$0000000A  c_w.l(libinit2.o)
    0x08000208   0x00000000   Code   RO         2382    .ARM.Collect$$libinit$$0000000C  c_w.l(libinit2.o)
    0x08000208   0x00000000   Code   RO         2384    .ARM.Collect$$libinit$$0000000E  c_w.l(libinit2.o)
    0x08000208   0x00000000   Code   RO         2387    .ARM.Collect$$libinit$$00000011  c_w.l(libinit2.o)
    0x08000208   0x00000000   Code   RO         2389    .ARM.Collect$$libinit$$00000013  c_w.l(libinit2.o)
    0x08000208   0x00000000   Code   RO         2391    .ARM.Collect$$libinit$$00000015  c_w.l(libinit2.o)
    0x08000208   0x00000000   Code   RO         2393    .ARM.Collect$$libinit$$00000017  c_w.l(libinit2.o)
    0x08000208   0x00000000   Code   RO         2395    .ARM.Collect$$libinit$$00000019  c_w.l(libinit2.o)
    0x08000208   0x00000000   Code   RO         2397    .ARM.Collect$$libinit$$0000001B  c_w.l(libinit2.o)
    0x08000208   0x00000000   Code   RO         2399    .ARM.Collect$$libinit$$0000001D  c_w.l(libinit2.o)
    0x08000208   0x00000000   Code   RO         2401    .ARM.Collect$$libinit$$0000001F  c_w.l(libinit2.o)
    0x08000208   0x00000000   Code   RO         2403    .ARM.Collect$$libinit$$00000021  c_w.l(libinit2.o)
    0x08000208   0x00000000   Code   RO         2405    .ARM.Collect$$libinit$$00000023  c_w.l(libinit2.o)
    0x08000208   0x00000000   Code   RO         2407    .ARM.Collect$$libinit$$00000025  c_w.l(libinit2.o)
    0x08000208   0x00000000   Code   RO         2411    .ARM.Collect$$libinit$$0000002C  c_w.l(libinit2.o)
    0x08000208   0x00000000   Code   RO         2413    .ARM.Collect$$libinit$$0000002E  c_w.l(libinit2.o)
    0x08000208   0x00000000   Code   RO         2415    .ARM.Collect$$libinit$$00000030  c_w.l(libinit2.o)
    0x08000208   0x00000000   Code   RO         2417    .ARM.Collect$$libinit$$00000032  c_w.l(libinit2.o)
    0x08000208   0x00000002   Code   RO         2418    .ARM.Collect$$libinit$$00000033  c_w.l(libinit2.o)
    0x0800020a   0x00000002   Code   RO         2436    .ARM.Collect$$libshutdown$$00000000  c_w.l(libshutdown.o)
    0x0800020c   0x00000000   Code   RO         2447    .ARM.Collect$$libshutdown$$00000003  c_w.l(libshutdown2.o)
    0x0800020c   0x00000000   Code   RO         2450    .ARM.Collect$$libshutdown$$00000006  c_w.l(libshutdown2.o)
    0x0800020c   0x00000000   Code   RO         2453    .ARM.Collect$$libshutdown$$00000009  c_w.l(libshutdown2.o)
    0x0800020c   0x00000000   Code   RO         2455    .ARM.Collect$$libshutdown$$0000000B  c_w.l(libshutdown2.o)
    0x0800020c   0x00000000   Code   RO         2458    .ARM.Collect$$libshutdown$$0000000E  c_w.l(libshutdown2.o)
    0x0800020c   0x00000002   Code   RO         2459    .ARM.Collect$$libshutdown$$0000000F  c_w.l(libshutdown2.o)
    0x0800020e   0x00000000   Code   RO         2323    .ARM.Collect$$rtentry$$00000000  c_w.l(__rtentry.o)
    0x0800020e   0x00000000   Code   RO         2337    .ARM.Collect$$rtentry$$00000002  c_w.l(__rtentry2.o)
    0x0800020e   0x00000006   Code   RO         2349    .ARM.Collect$$rtentry$$00000004  c_w.l(__rtentry4.o)
    0x08000214   0x00000000   Code   RO         2339    .ARM.Collect$$rtentry$$00000009  c_w.l(__rtentry2.o)
    0x08000214   0x00000004   Code   RO         2340    .ARM.Collect$$rtentry$$0000000A  c_w.l(__rtentry2.o)
    0x08000218   0x00000000   Code   RO         2342    .ARM.Collect$$rtentry$$0000000C  c_w.l(__rtentry2.o)
    0x08000218   0x00000008   Code   RO         2343    .ARM.Collect$$rtentry$$0000000D  c_w.l(__rtentry2.o)
    0x08000220   0x00000002   Code   RO         2372    .ARM.Collect$$rtexit$$00000000  c_w.l(rtexit.o)
    0x08000222   0x00000000   Code   RO         2420    .ARM.Collect$$rtexit$$00000002  c_w.l(rtexit2.o)
    0x08000222   0x00000004   Code   RO         2421    .ARM.Collect$$rtexit$$00000003  c_w.l(rtexit2.o)
    0x08000226   0x00000006   Code   RO         2422    .ARM.Collect$$rtexit$$00000004  c_w.l(rtexit2.o)
    0x0800022c   0x0000003c   Code   RO          841    .text               startup_stm32f10x_hd.o
    0x08000268   0x00000002   Code   RO         2244    .text               c_w.l(use_no_semi_2.o)
    0x0800026a   0x00000002   PAD
    0x0800026c   0x00000018   Code   RO         2248    .text               c_w.l(noretval__2printf.o)
    0x08000284   0x0000004e   Code   RO         2252    .text               c_w.l(_printf_pad.o)
    0x080002d2   0x00000052   Code   RO         2254    .text               c_w.l(_printf_str.o)
    0x08000324   0x00000078   Code   RO         2256    .text               c_w.l(_printf_dec.o)
    0x0800039c   0x00000058   Code   RO         2261    .text               c_w.l(_printf_hex_int.o)
    0x080003f4   0x00000188   Code   RO         2296    .text               c_w.l(__printf_flags_ss_wp.o)
    0x0800057c   0x00000006   Code   RO         2305    .text               c_w.l(heapauxi.o)
    0x08000582   0x00000002   Code   RO         2321    .text               c_w.l(use_no_semi.o)
    0x08000584   0x000000b2   Code   RO         2324    .text               c_w.l(_printf_intcommon.o)
    0x08000636   0x0000002c   Code   RO         2326    .text               c_w.l(_printf_char.o)
    0x08000662   0x00000002   PAD
    0x08000664   0x00000024   Code   RO         2328    .text               c_w.l(_printf_char_file.o)
    0x08000688   0x00000030   Code   RO         2351    .text               c_w.l(_printf_char_common.o)
    0x080006b8   0x00000008   Code   RO         2353    .text               c_w.l(ferror.o)
    0x080006c0   0x0000004a   Code   RO         2357    .text               c_w.l(sys_stackheap_outer.o)
    0x0800070a   0x0000000c   Code   RO         2361    .text               c_w.l(exit.o)
    0x08000716   0x00000002   PAD
    0x08000718   0x00000008   Code   RO         2369    .text               c_w.l(libspace.o)
    0x08000720   0x00000002   Code   RO          123    i.BusFault_Handler  stm32f10x_it.o
    0x08000722   0x00000002   Code   RO          124    i.DebugMon_Handler  stm32f10x_it.o
    0x08000724   0x00000038   Code   RO          512    i.EXTI0_IRQHandler  exti.o
    0x0800075c   0x00000038   Code   RO          513    i.EXTI2_IRQHandler  exti.o
    0x08000794   0x00000038   Code   RO          514    i.EXTI3_IRQHandler  exti.o
    0x080007cc   0x00000038   Code   RO          515    i.EXTI4_IRQHandler  exti.o
    0x08000804   0x00000042   Code   RO          516    i.EXTI8_Init        exti.o
    0x08000846   0x00000002   PAD
    0x08000848   0x00000044   Code   RO          517    i.EXTI9_5_IRQHandler  exti.o
    0x0800088c   0x0000000c   Code   RO         1496    i.EXTI_ClearITPendingBit  stm32f10x_exti.o
    0x08000898   0x00000020   Code   RO         1500    i.EXTI_GetITStatus  stm32f10x_exti.o
    0x080008b8   0x00000070   Code   RO         1501    i.EXTI_Init         stm32f10x_exti.o
    0x08000928   0x00000020   Code   RO          892    i.FSMC_NORSRAMCmd   stm32f10x_fsmc.o
    0x08000948   0x000000c8   Code   RO          894    i.FSMC_NORSRAMInit  stm32f10x_fsmc.o
    0x08000a10   0x00000028   Code   RO         1004    i.GPIO_EXTILineConfig  stm32f10x_gpio.o
    0x08000a38   0x0000009c   Code   RO         1007    i.GPIO_Init         stm32f10x_gpio.o
    0x08000ad4   0x00000058   Code   RO         1009    i.GPIO_PinRemapConfig  stm32f10x_gpio.o
    0x08000b2c   0x0000000e   Code   RO         1011    i.GPIO_ReadInputDataBit  stm32f10x_gpio.o
    0x08000b3a   0x00000004   Code   RO         1014    i.GPIO_ResetBits    stm32f10x_gpio.o
    0x08000b3e   0x00000004   Code   RO         1015    i.GPIO_SetBits      stm32f10x_gpio.o
    0x08000b42   0x00000002   Code   RO          125    i.HardFault_Handler  stm32f10x_it.o
    0x08000b44   0x0000003c   Code   RO          247    i.KEY_Init          key.o
    0x08000b80   0x0000006c   Code   RO          267    i.LCD_Clear         lcd.o
    0x08000bec   0x00000134   Code   RO          271    i.LCD_Display_Dir   lcd.o
    0x08000d20   0x0000011c   Code   RO          276    i.LCD_Fast_DrawPoint  lcd.o
    0x08000e3c   0x0000008c   Code   RO          277    i.LCD_Fill          lcd.o
    0x08000ec8   0x00002e18   Code   RO          278    i.LCD_Init          lcd.o
    0x08003ce0   0x00000014   Code   RO          280    i.LCD_RD_DATA       lcd.o
    0x08003cf4   0x00000018   Code   RO          282    i.LCD_ReadReg       lcd.o
    0x08003d0c   0x0000003c   Code   RO          283    i.LCD_SSD_BackLightSet  lcd.o
    0x08003d48   0x000001a8   Code   RO          284    i.LCD_Scan_Dir      lcd.o
    0x08003ef0   0x00000148   Code   RO          285    i.LCD_SetCursor     lcd.o
    0x08004038   0x0000017c   Code   RO          286    i.LCD_Set_Window    lcd.o
    0x080041b4   0x000000cc   Code   RO          287    i.LCD_ShowChar      lcd.o
    0x08004280   0x00000054   Code   RO          289    i.LCD_ShowString    lcd.o
    0x080042d4   0x00000014   Code   RO          294    i.LCD_WriteRAM_Prepare  lcd.o
    0x080042e8   0x00000010   Code   RO          295    i.LCD_WriteReg      lcd.o
    0x080042f8   0x00000050   Code   RO          235    i.LED_Init          led.o
    0x08004348   0x00000002   Code   RO          126    i.MemManage_Handler  stm32f10x_it.o
    0x0800434a   0x00000002   Code   RO          127    i.NMI_Handler       stm32f10x_it.o
    0x0800434c   0x00000064   Code   RO          845    i.NVIC_Init         misc.o
    0x080043b0   0x00000014   Code   RO          846    i.NVIC_PriorityGroupConfig  misc.o
    0x080043c4   0x00000026   Code   RO          624    i.OV7670_Brightness  ov7670.o
    0x080043ea   0x00000072   Code   RO          625    i.OV7670_Color_Saturation  ov7670.o
    0x0800445c   0x00000026   Code   RO          626    i.OV7670_Contrast   ov7670.o
    0x08004482   0x00000002   PAD
    0x08004484   0x00000110   Code   RO          627    i.OV7670_Init       ov7670.o
    0x08004594   0x00000052   Code   RO          628    i.OV7670_Light_Mode  ov7670.o
    0x080045e6   0x00000054   Code   RO          629    i.OV7670_Special_Effects  ov7670.o
    0x0800463a   0x0000006e   Code   RO          630    i.OV7670_Window_Set  ov7670.o
    0x080046a8   0x00000002   Code   RO          128    i.PendSV_Handler    stm32f10x_it.o
    0x080046aa   0x00000002   PAD
    0x080046ac   0x00000018   Code   RO         1116    i.RCC_AHBPeriphClockCmd  stm32f10x_rcc.o
    0x080046c4   0x00000018   Code   RO         1117    i.RCC_APB1PeriphClockCmd  stm32f10x_rcc.o
    0x080046dc   0x00000018   Code   RO         1119    i.RCC_APB2PeriphClockCmd  stm32f10x_rcc.o
    0x080046f4   0x00000094   Code   RO         1127    i.RCC_GetClocksFreq  stm32f10x_rcc.o
    0x08004788   0x0000006c   Code   RO          678    i.SCCB_Init         sccb.o
    0x080047f4   0x00000044   Code   RO          679    i.SCCB_No_Ack       sccb.o
    0x08004838   0x00000074   Code   RO          680    i.SCCB_RD_Byte      sccb.o
    0x080048ac   0x0000004c   Code   RO          681    i.SCCB_RD_Reg       sccb.o
    0x080048f8   0x00000034   Code   RO          682    i.SCCB_Start        sccb.o
    0x0800492c   0x00000038   Code   RO          683    i.SCCB_Stop         sccb.o
    0x08004964   0x00000090   Code   RO          684    i.SCCB_WR_Byte      sccb.o
    0x080049f4   0x0000003e   Code   RO          685    i.SCCB_WR_Reg       sccb.o
    0x08004a32   0x00000002   Code   RO          129    i.SVC_Handler       stm32f10x_it.o
    0x08004a34   0x000000a8   Code   RO          206    i.SetSysClockTo72   system_stm32f10x.o
    0x08004adc   0x00000018   Code   RO          849    i.SysTick_CLKSourceConfig  misc.o
    0x08004af4   0x00000002   Code   RO          130    i.SysTick_Handler   stm32f10x_it.o
    0x08004af6   0x00000002   PAD
    0x08004af8   0x00000050   Code   RO          208    i.SystemInit        system_stm32f10x.o
    0x08004b48   0x0000006c   Code   RO         1549    i.TI1_Config        stm32f10x_tim.o
    0x08004bb4   0x0000007c   Code   RO         1550    i.TI2_Config        stm32f10x_tim.o
    0x08004c30   0x00000034   Code   RO          567    i.TIM3_IRQHandler   timer.o
    0x08004c64   0x0000003c   Code   RO         2082    i.TIM4_IRQHandler   usmart.o
    0x08004ca0   0x00000080   Code   RO          460    i.TIM5_CH2_Cap_Init  tpad.o
    0x08004d20   0x00000088   Code   RO          571    i.TIM5_IRQHandler   timer.o
    0x08004da8   0x00000040   Code   RO          572    i.TIM6_IRQHandler   timer.o
    0x08004de8   0x00000060   Code   RO          573    i.TIM6_Int_Init     timer.o
    0x08004e48   0x00000006   Code   RO         1557    i.TIM_ClearFlag     stm32f10x_tim.o
    0x08004e4e   0x00000006   Code   RO         1558    i.TIM_ClearITPendingBit  stm32f10x_tim.o
    0x08004e54   0x00000014   Code   RO         1563    i.TIM_Cmd           stm32f10x_tim.o
    0x08004e68   0x00000004   Code   RO         1578    i.TIM_GetCapture1   stm32f10x_tim.o
    0x08004e6c   0x00000004   Code   RO         1579    i.TIM_GetCapture2   stm32f10x_tim.o
    0x08004e70   0x00000004   Code   RO         1582    i.TIM_GetCounter    stm32f10x_tim.o
    0x08004e74   0x0000000e   Code   RO         1583    i.TIM_GetFlagStatus  stm32f10x_tim.o
    0x08004e82   0x00000018   Code   RO         1584    i.TIM_GetITStatus   stm32f10x_tim.o
    0x08004e9a   0x00000002   PAD
    0x08004e9c   0x0000012c   Code   RO         1586    i.TIM_ICInit        stm32f10x_tim.o
    0x08004fc8   0x00000010   Code   RO         1588    i.TIM_ITConfig      stm32f10x_tim.o
    0x08004fd8   0x0000000c   Code   RO         1594    i.TIM_OC1PolarityConfig  stm32f10x_tim.o
    0x08004fe4   0x00000004   Code   RO         1622    i.TIM_SetAutoreload  stm32f10x_tim.o
    0x08004fe8   0x00000004   Code   RO         1628    i.TIM_SetCounter    stm32f10x_tim.o
    0x08004fec   0x00000010   Code   RO         1629    i.TIM_SetIC1Prescaler  stm32f10x_tim.o
    0x08004ffc   0x00000018   Code   RO         1630    i.TIM_SetIC2Prescaler  stm32f10x_tim.o
    0x08005014   0x00000010   Code   RO         1631    i.TIM_SetIC3Prescaler  stm32f10x_tim.o
    0x08005024   0x00000018   Code   RO         1632    i.TIM_SetIC4Prescaler  stm32f10x_tim.o
    0x0800503c   0x0000009c   Code   RO         1634    i.TIM_TimeBaseInit  stm32f10x_tim.o
    0x080050d8   0x0000003c   Code   RO          462    i.TPAD_Get_Val      tpad.o
    0x08005114   0x000000a8   Code   RO          463    i.TPAD_Init         tpad.o
    0x080051bc   0x00000060   Code   RO          464    i.TPAD_Reset        tpad.o
    0x0800521c   0x00000060   Code   RO         2083    i.Timer4_Init       usmart.o
    0x0800527c   0x00000064   Code   RO          786    i.USART1_IRQHandler  usart.o
    0x080052e0   0x00000014   Code   RO         1319    i.USART_Cmd         stm32f10x_usart.o
    0x080052f4   0x0000003e   Code   RO         1323    i.USART_GetITStatus  stm32f10x_usart.o
    0x08005332   0x00000030   Code   RO         1325    i.USART_ITConfig    stm32f10x_usart.o
    0x08005362   0x00000002   PAD
    0x08005364   0x000000ac   Code   RO         1326    i.USART_Init        stm32f10x_usart.o
    0x08005410   0x00000008   Code   RO         1333    i.USART_ReceiveData  stm32f10x_usart.o
    0x08005418   0x00000002   Code   RO          131    i.UsageFault_Handler  stm32f10x_it.o
    0x0800541a   0x0000000e   Code   RO         2289    i._is_digit         c_w.l(__printf_wp.o)
    0x08005428   0x00000002   Code   RO          787    i._sys_exit         usart.o
    0x0800542a   0x00000002   PAD
    0x0800542c   0x000000bc   Code   RO            1    i.camera_refresh    main.o
    0x080054e8   0x0000003c   Code   RO          731    i.delay_init        delay.o
    0x08005524   0x00000034   Code   RO          732    i.delay_ms          delay.o
    0x08005558   0x00000034   Code   RO          733    i.delay_us          delay.o
    0x0800558c   0x00000018   Code   RO          788    i.fputc             usart.o
    0x080055a4   0x00000138   Code   RO            2    i.main              main.o
    0x080056dc   0x00000004   Code   RO         2084    i.read_addr         usmart.o
    0x080056e0   0x000000a0   Code   RO          789    i.uart_init         usart.o
    0x08005780   0x00000094   Code   RO         2085    i.usmart_cmd_rec    usmart.o
    0x08005814   0x00000260   Code   RO         2086    i.usmart_exe        usmart.o
    0x08005a74   0x0000009c   Code   RO         2175    i.usmart_get_aparm  usmart_str.o
    0x08005b10   0x0000002e   Code   RO         2176    i.usmart_get_cmdname  usmart_str.o
    0x08005b3e   0x00000002   PAD
    0x08005b40   0x00000168   Code   RO         2177    i.usmart_get_fname  usmart_str.o
    0x08005ca8   0x000000d0   Code   RO         2178    i.usmart_get_fparam  usmart_str.o
    0x08005d78   0x00000024   Code   RO         2179    i.usmart_get_parmpos  usmart_str.o
    0x08005d9c   0x00000038   Code   RO         2087    i.usmart_get_runtime  usmart.o
    0x08005dd4   0x00000028   Code   RO         2088    i.usmart_init       usmart.o
    0x08005dfc   0x00000010   Code   RO         2180    i.usmart_pow        usmart_str.o
    0x08005e0c   0x00000030   Code   RO         2089    i.usmart_reset_runtime  usmart.o
    0x08005e3c   0x000000a4   Code   RO         2090    i.usmart_scan       usmart.o
    0x08005ee0   0x00000010   Code   RO         2181    i.usmart_search_nextc  usmart_str.o
    0x08005ef0   0x000000a0   Code   RO         2182    i.usmart_str2num    usmart_str.o
    0x08005f90   0x00000018   Code   RO         2183    i.usmart_strcmp     usmart_str.o
    0x08005fa8   0x00000012   Code   RO         2184    i.usmart_strcopy    usmart_str.o
    0x08005fba   0x00000012   Code   RO         2185    i.usmart_strlen     usmart_str.o
    0x08005fcc   0x00000670   Code   RO         2091    i.usmart_sys_cmd_exe  usmart.o
    0x0800663c   0x00000004   Code   RO         2092    i.write_addr        usmart.o
    0x08006640   0x0000005a   Code   RO         2309    x$fpl$dfixu         fz_ws.l(dfixu.o)
    0x0800669a   0x00000026   Code   RO         2313    x$fpl$dfltu         fz_ws.l(dflt_clz.o)
    0x080066c0   0x00000154   Code   RO         2319    x$fpl$dmul          fz_ws.l(dmul.o)
    0x08006814   0x0000009c   Code   RO         2331    x$fpl$dnaninf       fz_ws.l(dnaninf.o)
    0x080068b0   0x0000000c   Code   RO         2333    x$fpl$dretinf       fz_ws.l(dretinf.o)
    0x080068bc   0x00000000   Code   RO         2335    x$fpl$usenofp       fz_ws.l(usenofp.o)
    0x080068bc   0x000017c0   Data   RO          298    .constdata          lcd.o
    0x0800807c   0x00000150   Data   RO          631    .constdata          ov7670.o
    0x080081cc   0x00000028   Data   RO         2262    .constdata          c_w.l(_printf_hex_int.o)
    0x080081f4   0x00000011   Data   RO         2297    .constdata          c_w.l(__printf_flags_ss_wp.o)
    0x08008205   0x00000003   PAD
    0x08008208   0x00000028   Data   RO         2093    .conststring        usmart.o
    0x08008230   0x000000df   Data   RO         2158    .conststring        usmart_config.o
    0x0800830f   0x00000001   PAD
    0x08008310   0x00000020   Data   RO         2491    Region$$Table       anon$$obj.o


    Execution Region RW_IRAM1 (Base: 0x20000000, Size: 0x000006c0, Max: 0x00010000, ABSOLUTE, COMPRESSED[0x00000078])

    Base Addr    Size         Type   Attr      Idx    E Section Name        Object

    0x20000000   0x00000014   Data   RW          209    .data               system_stm32f10x.o
    0x20000014   0x00000004   Data   RW          299    .data               lcd.o
    0x20000018   0x00000004   Data   RW          466    .data               tpad.o
    0x2000001c   0x00000001   Data   RW          519    .data               exti.o
    0x2000001d   0x00000001   PAD
    0x2000001e   0x00000004   Data   RW          575    .data               timer.o
    0x20000022   0x00000004   Data   RW          734    .data               delay.o
    0x20000026   0x00000002   Data   RW          791    .data               usart.o
    0x20000028   0x00000004   Data   RW          792    .data               usart.o
    0x2000002c   0x00000014   Data   RW         1147    .data               stm32f10x_rcc.o
    0x20000040   0x0000001c   Data   RW         2094    .data               usmart.o
    0x2000005c   0x00000038   Data   RW         2159    .data               usmart_config.o
    0x20000094   0x000000f4   Data   RW         2160    .data               usmart_config.o
    0x20000188   0x0000000e   Zero   RW          297    .bss                lcd.o
    0x20000196   0x000000c8   Zero   RW          790    .bss                usart.o
    0x2000025e   0x00000002   PAD
    0x20000260   0x00000060   Zero   RW         2370    .bss                c_w.l(libspace.o)
    0x200002c0   0x00000000   Zero   RW          839    HEAP                startup_stm32f10x_hd.o
    0x200002c0   0x00000400   Zero   RW          838    STACK               startup_stm32f10x_hd.o


==============================================================================

Image component sizes


      Code (inc. data)   RO Data    RW Data    ZI Data      Debug   Object Name

       164         26          0          4          0       1843   delay.o
       358         52          0          1          0       3699   exti.o
        60          8          0          0          0        547   key.o
     14200        182       6080          4         14      53661   lcd.o
        80         10          0          0          0        559   led.o
       500         82          0          0          0     264772   main.o
       144         16          0          0          0       2173   misc.o
       738         38        336          0          0       5345   ov7670.o
       682         66          0          0          0       5211   sccb.o
        60         22        304          0       1024        832   startup_stm32f10x_hd.o
       156         14          0          0          0       2268   stm32f10x_exti.o
       232          6          0          0          0       1969   stm32f10x_fsmc.o
       306         12          0          0          0       4972   stm32f10x_gpio.o
        18          0          0          0          0       4170   stm32f10x_it.o
       220         34          0         20          0       5214   stm32f10x_rcc.o
       886        106          0          0          0      13416   stm32f10x_tim.o
       310          6          0          0          0       4922   stm32f10x_usart.o
         0          0          0          0          0         32   sys.o
       248         24          0         20          0       1937   system_stm32f10x.o
       348         46          0          4          0       2854   timer.o
       452         52          0          4          0       3651   tpad.o
       286         26          0          6        200       4356   usart.o
      2876       1332         40         28          0       8026   usmart.o
         0          0        223        300          0       1804   usmart_config.o
      1058         20          0          0          0       8231   usmart_str.o

    ----------------------------------------------------------------------
     24398       2180       7016        392       1240     406464   Object Totals
         0          0         32          0          0          0   (incl. Generated)
        16          0          1          1          2          0   (incl. Padding)

    ----------------------------------------------------------------------

      Code (inc. data)   RO Data    RW Data    ZI Data      Debug   Library Member Name

        90          0          0          0          0          0   __dczerorl2.o
         8          0          0          0          0         68   __main.o
       392          4         17          0          0         92   __printf_flags_ss_wp.o
        14          0          0          0          0         68   __printf_wp.o
         0          0          0          0          0          0   __rtentry.o
        12          0          0          0          0          0   __rtentry2.o
         6          0          0          0          0          0   __rtentry4.o
        52          8          0          0          0          0   __scatter.o
        28          0          0          0          0          0   __scatter_zi.o
         6          0          0          0          0          0   _printf_c.o
        44          0          0          0          0        108   _printf_char.o
        48          6          0          0          0         96   _printf_char_common.o
        36          4          0          0          0         80   _printf_char_file.o
         6          0          0          0          0          0   _printf_d.o
       120         16          0          0          0         92   _printf_dec.o
        88          4         40          0          0         88   _printf_hex_int.o
       178          0          0          0          0         88   _printf_intcommon.o
        78          0          0          0          0        108   _printf_pad.o
         0          0          0          0          0          0   _printf_percent.o
         4          0          0          0          0          0   _printf_percent_end.o
         6          0          0          0          0          0   _printf_s.o
        82          0          0          0          0         80   _printf_str.o
         6          0          0          0          0          0   _printf_u.o
         6          0          0          0          0          0   _printf_x.o
        12          0          0          0          0         72   exit.o
         8          0          0          0          0         68   ferror.o
         6          0          0          0          0        152   heapauxi.o
         2          0          0          0          0          0   libinit.o
         2          0          0          0          0          0   libinit2.o
         2          0          0          0          0          0   libshutdown.o
         2          0          0          0          0          0   libshutdown2.o
         8          4          0          0         96         68   libspace.o
        24          4          0          0          0         84   noretval__2printf.o
         2          0          0          0          0          0   rtexit.o
        10          0          0          0          0          0   rtexit2.o
        74          0          0          0          0         80   sys_stackheap_outer.o
         2          0          0          0          0         68   use_no_semi.o
         2          0          0          0          0         68   use_no_semi_2.o
        90          4          0          0          0         92   dfixu.o
        38          0          0          0          0         68   dflt_clz.o
       340         12          0          0          0        104   dmul.o
       156          4          0          0          0         92   dnaninf.o
        12          0          0          0          0         68   dretinf.o
         0          0          0          0          0          0   usenofp.o

    ----------------------------------------------------------------------
      2110         70         60          0         96       2052   Library Totals
         8          0          3          0          0          0   (incl. Padding)

    ----------------------------------------------------------------------

      Code (inc. data)   RO Data    RW Data    ZI Data      Debug   Library Name

      1466         50         57          0         96       1628   c_w.l
       636         20          0          0          0        424   fz_ws.l

    ----------------------------------------------------------------------
      2110         70         60          0         96       2052   Library Totals

    ----------------------------------------------------------------------

==============================================================================


      Code (inc. data)   RO Data    RW Data    ZI Data      Debug   

     26508       2250       7076        392       1336     400972   Grand Totals
     26508       2250       7076        120       1336     400972   ELF Image Totals (compressed)
     26508       2250       7076        120          0          0   ROM Totals

==============================================================================

    Total RO  Size (Code + RO Data)                33584 (  32.80kB)
    Total RW  Size (RW Data + ZI Data)              1728 (   1.69kB)
    Total ROM Size (Code + RO Data + RW Data)      33704 (  32.91kB)

==============================================================================

