<html>
<body>
<pre>
<h1>礦ision Build Log</h1>
<h2>Tool Versions:</h2>
IDE-Version: μVision V5.14.0.0
Copyright (C) 2015 ARM Ltd and ARM Germany GmbH. All rights reserved.
License Information: che che, chehongshu, LIC=AK1VE-59V17-76JQT-RUZ0P-CGL9N-W87AW
 
Tool Versions:
Toolchain:       MDK-ARM Professional  Version: 5.14.0.0
Toolchain Path:  D:\Keil_v5\ARM\ARMCC\Bin
C Compiler:      Armcc.exe V5.05 update 1 (build 106)
Assembler:       Armasm.exe V5.05 update 1 (build 106)
Linker/Locator:  ArmLink.exe V5.05 update 1 (build 106)
Library Manager: ArmAr.exe V5.05 update 1 (build 106)
Hex Converter:   FromElf.exe V5.05 update 1 (build 106)
CPU DLL:         SARMCM3.DLL V5.14.0.0
Dialog DLL:      DARMSTM.DLL V1.65.0.0
Target DLL:      STLink\ST-LINKIII-KEIL_SWO.dll V2.0.14.0_KEIL
Dialog DLL:      TARMSTM.DLL V1.64.0.0
 
<h2>Project:</h2>
E:\集训，比赛各种代码和资料\基本代码\1314循迹小车第9版能拐歪好用 检测硬币最终版\1314循迹小车第四版能拐歪 加速曲线\USER\TIMER.uvprojx
Project File Date:  03/24/2017

<h2>Output:</h2>
Build target 'Target 1'
compiling main.c...
..\HARDWARE\steppermotor\steppermotor.h(18): warning:  #1295-D: Deprecated declaration steppermotor_init - give arg types
  void steppermotor_init();
..\HARDWARE\steppermotor\steppermotor.h(20): warning:  #1295-D: Deprecated declaration go_straight - give arg types
  void go_straight();
..\HARDWARE\steppermotor\steppermotor.h(22): warning:  #1295-D: Deprecated declaration stop_motor - give arg types
  void stop_motor();
..\HARDWARE\steppermotor\steppermotor.h(24): warning:  #1295-D: Deprecated declaration start_motor - give arg types
  void start_motor();
..\HARDWARE\steppermotor\steppermotor.h(26): warning:  #1295-D: Deprecated declaration turn_left - give arg types
  void  turn_left();
..\HARDWARE\steppermotor\steppermotor.h(28): warning:  #1295-D: Deprecated declaration turn_right - give arg types
  void  turn_right();
..\HARDWARE\steppermotor\steppermotor.h(31): warning:  #1-D: last line of file ends without a newline
  #endif
..\HARDWARE\function\function.h(21): warning:  #1295-D: Deprecated declaration gain_sign - give arg types
  void gain_sign();
..\HARDWARE\function\function.h(24): warning:  #1-D: last line of file ends without a newline
  #endif
..\HARDWARE\KEY\key.h(23): warning:  #1295-D: Deprecated declaration buzzer_Init - give arg types
  void buzzer_Init() ;
main.c: 10 warnings, 0 errors
linking...
Program Size: Code=16296 RO-data=824 RW-data=260 ZI-data=1836  
FromELF: creating hex file...
"..\OBJ\TIMER.axf" - 0 Error(s), 10 Warning(s).

<h2>Collection of Component include folders:</h2>
  E:\集训，比赛各种代码和资料\基本代码\1314循迹小车第9版能拐歪好用 检测硬币最终版\1314循迹小车第四版能拐歪 加速曲线\USER\RTE
  D:\Keil_v5\ARM\PACK\Keil\STM32F1xx_DFP\2.1.0

<h2>Collection of Component Files used:</h2>
</pre>
</body>
</html>
