<html>
<body>
<pre>
<h1>礦ision Build Log</h1>
<h2>Tool Versions:</h2>
IDE-Version: μVision V5.14.0.0
Copyright (C) 2015 ARM Ltd and ARM Germany GmbH. All rights reserved.
License Information: che che, chehongshu, LIC=AK1VE-59V17-76JQT-RUZ0P-CGL9N-W87AW
 
Tool Versions:
Toolchain:       MDK-ARM Professional  Version: 5.14.0.0
Toolchain Path:  D:\Keil_v5\ARM\ARMCC\Bin
C Compiler:      Armcc.exe V5.05 update 1 (build 106)
Assembler:       Armasm.exe V5.05 update 1 (build 106)
Linker/Locator:  ArmLink.exe V5.05 update 1 (build 106)
Library Manager: ArmAr.exe V5.05 update 1 (build 106)
Hex Converter:   FromElf.exe V5.05 update 1 (build 106)
CPU DLL:         SARMCM3.DLL V5.14.0.0
Dialog DLL:      DARMSTM.DLL V1.65.0.0
Target DLL:      STLink\ST-LINKIII-KEIL_SWO.dll V2.0.14.0_KEIL
Dialog DLL:      TARMSTM.DLL V1.64.0.0
 
<h2>Project:</h2>
C:\Users\che\Desktop\机械设计比赛\Mechanical design zet6\Mechanical_design\USER\Mechanical_design.uvprojx
Project File Date:  05/23/2017

<h2>Output:</h2>
Build target 'Mechanical_design'
compiling main.c...
main.c(238): warning:  #111-D: statement is unreachable
                                                                                                                                                                         break;
main.c: 1 warning, 0 errors
linking...
Program Size: Code=7364 RO-data=336 RW-data=236 ZI-data=1732  
FromELF: creating hex file...
"..\OBJ\Mechanical_design.axf" - 0 Error(s), 1 Warning(s).

<h2>Collection of Component include folders:</h2>
  C:\Users\che\Desktop\机械设计比赛\Mechanical design zet6\Mechanical_design\USER\RTE
  D:\Keil_v5\ARM\PACK\Keil\STM32F1xx_DFP\2.1.0

<h2>Collection of Component Files used:</h2>
</pre>
</body>
</html>
