<html>
<body>
<pre>
<h1>礦ision Build Log</h1>
<h2>Tool Versions:</h2>
IDE-Version: μVision V5.14.0.0
Copyright (C) 2015 ARM Ltd and ARM Germany GmbH. All rights reserved.
License Information: che che, chehongshu, LIC=AK1VE-59V17-76JQT-RUZ0P-CGL9N-W87AW
 
Tool Versions:
Toolchain:       MDK-ARM Professional  Version: 5.14.0.0
Toolchain Path:  D:\Keil_v5\ARM\ARMCC\Bin
C Compiler:      Armcc.exe V5.05 update 1 (build 106)
Assembler:       Armasm.exe V5.05 update 1 (build 106)
Linker/Locator:  ArmLink.exe V5.05 update 1 (build 106)
Library Manager: ArmAr.exe V5.05 update 1 (build 106)
Hex Converter:   FromElf.exe V5.05 update 1 (build 106)
CPU DLL:         SARMCM3.DLL V5.14.0.0
Dialog DLL:      DARMSTM.DLL V1.65.0.0
Target DLL:      STLink\ST-LINKIII-KEIL_SWO.dll V2.0.14.0_KEIL
Dialog DLL:      TARMSTM.DLL V1.64.0.0
 
<h2>Project:</h2>
E:\STM32mini\各种资料\单片机模块\1.OV7670模块\2，程序源码\1，战舰板\实验35 摄像头实验\USER\OV7670.uvprojx
Project File Date:  06/29/2017

<h2>Output:</h2>
Build target 'OV7670'
compiling main.c...
main.c(29): warning:  #177-D: variable "x" was declared but never referenced
                u32 x;
main.c(30): warning:  #177-D: variable "y" was declared but never referenced
      u32 y;
main.c(33): warning:  #177-D: variable "color" was declared but never referenced
           u16 color;
main.c(34): warning:  #177-D: variable "number" was declared but never referenced
      u16 number = 2000;    
main.c(116): warning:  #177-D: variable "key" was declared but never referenced
        u8 key;
main.c(119): warning:  #177-D: variable "i" was declared but never referenced
        u8 i=0;     
main.c(120): warning:  #177-D: variable "msgbuf" was declared but never referenced
        u8 msgbuf[15];                          //消息缓存区
main.c(121): warning:  #177-D: variable "tm" was declared but never referenced
        u8 tm=0; 
main.c: 8 warnings, 0 errors
linking...
Program Size: Code=26508 RO-data=7076 RW-data=392 ZI-data=1336  
FromELF: creating hex file...
"..\OBJ\OV7670.axf" - 0 Error(s), 8 Warning(s).

<h2>Collection of Component include folders:</h2>
  E:\STM32mini\各种资料\单片机模块\1.OV7670模块\2，程序源码\1，战舰板\实验35 摄像头实验\USER\RTE
  D:\Keil_v5\ARM\PACK\Keil\STM32F1xx_DFP\2.1.0

<h2>Collection of Component Files used:</h2>
</pre>
</body>
</html>
