Component: ARM Compiler 5.05 update 1 (build 106) Tool: armlink [4d0efa]

==============================================================================

Section Cross References

    main.o(i.getXY) refers to lcd.o(i.LCD_Scan_Dir) for LCD_Scan_Dir
    main.o(i.getXY) refers to lcd.o(i.LCD_Set_Window) for LCD_Set_Window
    main.o(i.getXY) refers to lcd.o(i.LCD_WriteRAM_Prepare) for LCD_WriteRAM_Prepare
    main.o(i.getXY) refers to exti.o(.data) for ov_sta
    main.o(i.getXY) refers to lcd.o(.bss) for lcddev
    main.o(i.getXY) refers to timer.o(.data) for ov_frame
    main.o(i.main) refers to delay.o(i.delay_init) for delay_init
    main.o(i.main) refers to misc.o(i.NVIC_PriorityGroupConfig) for NVIC_PriorityGroupConfig
    main.o(i.main) refers to usart.o(i.uart_init) for uart_init
    main.o(i.main) refers to led.o(i.LED_Init) for LED_Init
    main.o(i.main) refers to key.o(i.KEY_Init) for KEY_Init
    main.o(i.main) refers to lcd.o(i.LCD_Init) for LCD_Init
    main.o(i.main) refers to movemotor.o(i.motorInit) for motorInit
    main.o(i.main) refers to timer.o(i.TIM2_Int_Init) for TIM2_Int_Init
    main.o(i.main) refers to timer.o(i.TIM3_Int_Init) for TIM3_Int_Init
    main.o(i.main) refers to lcd.o(i.LCD_ShowString) for LCD_ShowString
    main.o(i.main) refers to delay.o(i.delay_ms) for delay_ms
    main.o(i.main) refers to lcd.o(i.LCD_Fill) for LCD_Fill
    main.o(i.main) refers to ov7670.o(i.OV7670_Init) for OV7670_Init
    main.o(i.main) refers to timer.o(i.TIM6_Int_Init) for TIM6_Int_Init
    main.o(i.main) refers to exti.o(i.EXTI8_Init) for EXTI8_Init
    main.o(i.main) refers to ov7670.o(i.OV7670_Window_Set) for OV7670_Window_Set
    main.o(i.main) refers to lcd.o(i.LCD_Clear) for LCD_Clear
    main.o(i.main) refers to stm32f10x_gpio.o(i.GPIO_SetBits) for GPIO_SetBits
    main.o(i.main) refers to noretval__2printf.o(.text) for __2printf
    main.o(i.main) refers to screen.o(i.stop) for stop
    main.o(i.main) refers to screen.o(i.centerAdjustFun) for centerAdjustFun
    main.o(i.main) refers to screen.o(i.borderAdjustFun) for borderAdjustFun
    main.o(i.main) refers to screen.o(i.base3Fun) for base3Fun
    main.o(i.main) refers to screen.o(i.improve1Fun) for improve1Fun
    main.o(i.main) refers to stm32f10x_gpio.o(i.GPIO_ResetBits) for GPIO_ResetBits
    main.o(i.main) refers to screen.o(i.getCurrentPoint) for getCurrentPoint
    main.o(i.main) refers to screen.o(i.improve3Fun) for improve3Fun
    main.o(i.main) refers to screen.o(i.improve2Fun) for improve2Fun
    main.o(i.main) refers to usmart_config.o(.data) for usmart_dev
    main.o(i.main) refers to lcd.o(.data) for POINT_COLOR
    main.o(i.main) refers to main.o(.data) for .data
    system_stm32f10x.o(i.SystemCoreClockUpdate) refers to system_stm32f10x.o(.data) for .data
    system_stm32f10x.o(i.SystemInit) refers to system_stm32f10x.o(i.SetSysClockTo72) for SetSysClockTo72
    led.o(i.LED_Init) refers to stm32f10x_rcc.o(i.RCC_APB2PeriphClockCmd) for RCC_APB2PeriphClockCmd
    led.o(i.LED_Init) refers to stm32f10x_gpio.o(i.GPIO_Init) for GPIO_Init
    key.o(i.KEY_Init) refers to stm32f10x_rcc.o(i.RCC_APB2PeriphClockCmd) for RCC_APB2PeriphClockCmd
    key.o(i.KEY_Init) refers to stm32f10x_gpio.o(i.GPIO_Init) for GPIO_Init
    key.o(i.KEY_Scan) refers to stm32f10x_gpio.o(i.GPIO_ReadInputDataBit) for GPIO_ReadInputDataBit
    key.o(i.KEY_Scan) refers to delay.o(i.delay_ms) for delay_ms
    key.o(i.KEY_Scan) refers to key.o(.data) for .data
    lcd.o(i.LCD_Clear) refers to lcd.o(i.LCD_SetCursor) for LCD_SetCursor
    lcd.o(i.LCD_Clear) refers to lcd.o(i.LCD_WriteRAM_Prepare) for LCD_WriteRAM_Prepare
    lcd.o(i.LCD_Clear) refers to lcd.o(.bss) for .bss
    lcd.o(i.LCD_Color_Fill) refers to lcd.o(i.LCD_SetCursor) for LCD_SetCursor
    lcd.o(i.LCD_Color_Fill) refers to lcd.o(i.LCD_WriteRAM_Prepare) for LCD_WriteRAM_Prepare
    lcd.o(i.LCD_DisplayOff) refers to lcd.o(i.LCD_WriteReg) for LCD_WriteReg
    lcd.o(i.LCD_DisplayOff) refers to lcd.o(.bss) for .bss
    lcd.o(i.LCD_DisplayOn) refers to lcd.o(i.LCD_WriteReg) for LCD_WriteReg
    lcd.o(i.LCD_DisplayOn) refers to lcd.o(.bss) for .bss
    lcd.o(i.LCD_Display_Dir) refers to lcd.o(i.LCD_Scan_Dir) for LCD_Scan_Dir
    lcd.o(i.LCD_Display_Dir) refers to lcd.o(.bss) for .bss
    lcd.o(i.LCD_DrawLine) refers to lcd.o(i.LCD_DrawPoint) for LCD_DrawPoint
    lcd.o(i.LCD_DrawPoint) refers to lcd.o(i.LCD_SetCursor) for LCD_SetCursor
    lcd.o(i.LCD_DrawPoint) refers to lcd.o(i.LCD_WriteRAM_Prepare) for LCD_WriteRAM_Prepare
    lcd.o(i.LCD_DrawPoint) refers to lcd.o(.data) for .data
    lcd.o(i.LCD_DrawRectangle) refers to lcd.o(i.LCD_DrawLine) for LCD_DrawLine
    lcd.o(i.LCD_Draw_Circle) refers to lcd.o(i.LCD_DrawPoint) for LCD_DrawPoint
    lcd.o(i.LCD_Fast_DrawPoint) refers to lcd.o(i.LCD_WriteReg) for LCD_WriteReg
    lcd.o(i.LCD_Fast_DrawPoint) refers to lcd.o(.bss) for .bss
    lcd.o(i.LCD_Fill) refers to lcd.o(i.LCD_SetCursor) for LCD_SetCursor
[...]
    .ARM.Collect$$libshutdown$$0000000B      0x0800020c   Section        0  libshutdown2.o(.ARM.Collect$$libshutdown$$0000000B)
    .ARM.Collect$$libshutdown$$0000000E      0x0800020c   Section        0  libshutdown2.o(.ARM.Collect$$libshutdown$$0000000E)
    .ARM.Collect$$libshutdown$$0000000F      0x0800020c   Section        2  libshutdown2.o(.ARM.Collect$$libshutdown$$0000000F)
    .ARM.Collect$$rtentry$$00000000          0x0800020e   Section        0  __rtentry.o(.ARM.Collect$$rtentry$$00000000)
    .ARM.Collect$$rtentry$$00000002          0x0800020e   Section        0  __rtentry2.o(.ARM.Collect$$rtentry$$00000002)
    .ARM.Collect$$rtentry$$00000004          0x0800020e   Section        6  __rtentry4.o(.ARM.Collect$$rtentry$$00000004)
    .ARM.Collect$$rtentry$$00000009          0x08000214   Section        0  __rtentry2.o(.ARM.Collect$$rtentry$$00000009)
    .ARM.Collect$$rtentry$$0000000A          0x08000214   Section        4  __rtentry2.o(.ARM.Collect$$rtentry$$0000000A)
    .ARM.Collect$$rtentry$$0000000C          0x08000218   Section        0  __rtentry2.o(.ARM.Collect$$rtentry$$0000000C)
    .ARM.Collect$$rtentry$$0000000D          0x08000218   Section        8  __rtentry2.o(.ARM.Collect$$rtentry$$0000000D)
    .ARM.Collect$$rtexit$$00000000           0x08000220   Section        2  rtexit.o(.ARM.Collect$$rtexit$$00000000)
    .ARM.Collect$$rtexit$$00000002           0x08000222   Section        0  rtexit2.o(.ARM.Collect$$rtexit$$00000002)
    .ARM.Collect$$rtexit$$00000003           0x08000222   Section        4  rtexit2.o(.ARM.Collect$$rtexit$$00000003)
    .ARM.Collect$$rtexit$$00000004           0x08000226   Section        6  rtexit2.o(.ARM.Collect$$rtexit$$00000004)
    .text                                    0x0800022c   Section       60  startup_stm32f10x_hd.o(.text)
    .text                                    0x08000268   Section        2  use_no_semi_2.o(.text)
    .text                                    0x0800026c   Section        0  noretval__2printf.o(.text)
    .text                                    0x08000284   Section        0  _printf_pad.o(.text)
    .text                                    0x080002d2   Section        0  _printf_str.o(.text)
    .text                                    0x08000324   Section        0  _printf_dec.o(.text)
    .text                                    0x0800039c   Section        0  _printf_hex_int.o(.text)
    .text                                    0x080003f4   Section        0  __printf_flags_ss_wp.o(.text)
    .text                                    0x0800057c   Section      100  rt_memcpy_w.o(.text)
    .text                                    0x080005e0   Section        0  heapauxi.o(.text)
    .text                                    0x080005e6   Section        2  use_no_semi.o(.text)
    .text                                    0x080005e8   Section        0  _rserrno.o(.text)
    .text                                    0x080005fe   Section        0  _printf_intcommon.o(.text)
    .text                                    0x080006b0   Section        0  _printf_char.o(.text)
    .text                                    0x080006dc   Section        0  _printf_char_file.o(.text)
    .text                                    0x08000700   Section        8  rt_errno_addr_intlibspace.o(.text)
    .text                                    0x08000708   Section        0  _printf_char_common.o(.text)
    _printf_input_char                       0x08000709   Thumb Code    10  _printf_char_common.o(.text)
    .text                                    0x08000738   Section        0  ferror.o(.text)
    .text                                    0x08000740   Section        8  libspace.o(.text)
    .text                                    0x08000748   Section       74  sys_stackheap_outer.o(.text)
    .text                                    0x08000792   Section        0  exit.o(.text)
    i.BusFault_Handler                       0x0800079e   Section        0  stm32f10x_it.o(i.BusFault_Handler)
    i.DebugMon_Handler                       0x080007a0   Section        0  stm32f10x_it.o(i.DebugMon_Handler)
    i.EXTI8_Init                             0x080007a2   Section        0  exti.o(i.EXTI8_Init)
    i.EXTI9_5_IRQHandler                     0x080007e4   Section        0  exti.o(i.EXTI9_5_IRQHandler)
    i.EXTI_ClearITPendingBit                 0x08000828   Section        0  stm32f10x_exti.o(i.EXTI_ClearITPendingBit)
    i.EXTI_GetITStatus                       0x08000834   Section        0  stm32f10x_exti.o(i.EXTI_GetITStatus)
    i.EXTI_Init                              0x08000854   Section        0  stm32f10x_exti.o(i.EXTI_Init)
    i.FSMC_NORSRAMCmd                        0x080008c4   Section        0  stm32f10x_fsmc.o(i.FSMC_NORSRAMCmd)
    i.FSMC_NORSRAMInit                       0x080008e4   Section        0  stm32f10x_fsmc.o(i.FSMC_NORSRAMInit)
    i.GPIO_EXTILineConfig                    0x080009ac   Section        0  stm32f10x_gpio.o(i.GPIO_EXTILineConfig)
    i.GPIO_Init                              0x080009d4   Section        0  stm32f10x_gpio.o(i.GPIO_Init)
    i.GPIO_PinRemapConfig                    0x08000a70   Section        0  stm32f10x_gpio.o(i.GPIO_PinRemapConfig)
    i.GPIO_ReadInputDataBit                  0x08000ac8   Section        0  stm32f10x_gpio.o(i.GPIO_ReadInputDataBit)
    i.GPIO_ResetBits                         0x08000ad6   Section        0  stm32f10x_gpio.o(i.GPIO_ResetBits)
    i.GPIO_SetBits                           0x08000ada   Section        0  stm32f10x_gpio.o(i.GPIO_SetBits)
    i.HardFault_Handler                      0x08000ade   Section        0  stm32f10x_it.o(i.HardFault_Handler)
    i.KEY_Init                               0x08000ae0   Section        0  key.o(i.KEY_Init)
    i.KEY_Scan                               0x08000b1c   Section        0  key.o(i.KEY_Scan)
    i.LCD_Clear                              0x08000be8   Section        0  lcd.o(i.LCD_Clear)
    i.LCD_Display_Dir                        0x08000c54   Section        0  lcd.o(i.LCD_Display_Dir)
    i.LCD_Fast_DrawPoint                     0x08000d88   Section        0  lcd.o(i.LCD_Fast_DrawPoint)
    i.LCD_Fill                               0x08000ea4   Section        0  lcd.o(i.LCD_Fill)
    i.LCD_Init                               0x08000f30   Section        0  lcd.o(i.LCD_Init)
    i.LCD_RD_DATA                            0x08003d48   Section        0  lcd.o(i.LCD_RD_DATA)
    i.LCD_ReadReg                            0x08003d5c   Section        0  lcd.o(i.LCD_ReadReg)
    i.LCD_SSD_BackLightSet                   0x08003d74   Section        0  lcd.o(i.LCD_SSD_BackLightSet)
    i.LCD_Scan_Dir                           0x08003db0   Section        0  lcd.o(i.LCD_Scan_Dir)
    i.LCD_SetCursor                          0x08003f58   Section        0  lcd.o(i.LCD_SetCursor)
    i.LCD_Set_Window                         0x080040a0   Section        0  lcd.o(i.LCD_Set_Window)
    i.LCD_ShowChar                           0x0800421c   Section        0  lcd.o(i.LCD_ShowChar)
    i.LCD_ShowString                         0x080042e8   Section        0  lcd.o(i.LCD_ShowString)
    i.LCD_WriteRAM_Prepare                   0x0800433c   Section        0  lcd.o(i.LCD_WriteRAM_Prepare)
    i.LCD_WriteReg                           0x08004350   Section        0  lcd.o(i.LCD_WriteReg)
    i.LED_Init                               0x08004360   Section        0  led.o(i.LED_Init)
    i.MemManage_Handler                      0x0800438c   Section        0  stm32f10x_it.o(i.MemManage_Handler)
    i.NMI_Handler                            0x0800438e   Section        0  stm32f10x_it.o(i.NMI_Handler)
    i.NVIC_Init                              0x08004390   Section        0  misc.o(i.NVIC_Init)
    i.NVIC_PriorityGroupConfig               0x080043f4   Section        0  misc.o(i.NVIC_PriorityGroupConfig)
    i.OV7670_Init                            0x08004408   Section        0  ov7670.o(i.OV7670_Init)
    i.OV7670_Window_Set                      0x08004518   Section        0  ov7670.o(i.OV7670_Window_Set)
    i.PendSV_Handler                         0x08004586   Section        0  stm32f10x_it.o(i.PendSV_Handler)
    i.RCC_AHBPeriphClockCmd                  0x08004588   Section        0  stm32f10x_rcc.o(i.RCC_AHBPeriphClockCmd)
    i.RCC_APB1PeriphClockCmd                 0x080045a0   Section        0  stm32f10x_rcc.o(i.RCC_APB1PeriphClockCmd)
    i.RCC_APB2PeriphClockCmd                 0x080045b8   Section        0  stm32f10x_rcc.o(i.RCC_APB2PeriphClockCmd)
    i.RCC_GetClocksFreq                      0x080045d0   Section        0  stm32f10x_rcc.o(i.RCC_GetClocksFreq)
    i.SCCB_Init                              0x08004664   Section        0  sccb.o(i.SCCB_Init)
    i.SCCB_No_Ack                            0x080046d0   Section        0  sccb.o(i.SCCB_No_Ack)
    i.SCCB_RD_Byte                           0x08004714   Section        0  sccb.o(i.SCCB_RD_Byte)
    i.SCCB_RD_Reg                            0x08004788   Section        0  sccb.o(i.SCCB_RD_Reg)
    i.SCCB_Start                             0x080047d4   Section        0  sccb.o(i.SCCB_Start)
    i.SCCB_Stop                              0x08004808   Section        0  sccb.o(i.SCCB_Stop)
    i.SCCB_WR_Byte                           0x08004840   Section        0  sccb.o(i.SCCB_WR_Byte)
    i.SCCB_WR_Reg                            0x080048d0   Section        0  sccb.o(i.SCCB_WR_Reg)
    i.SVC_Handler                            0x0800490e   Section        0  stm32f10x_it.o(i.SVC_Handler)
    i.SetSysClockTo72                        0x08004910   Section        0  system_stm32f10x.o(i.SetSysClockTo72)
    SetSysClockTo72                          0x08004911   Thumb Code   160  system_stm32f10x.o(i.SetSysClockTo72)
    i.SysTick_CLKSourceConfig                0x080049b8   Section        0  misc.o(i.SysTick_CLKSourceConfig)
    i.SysTick_Handler                        0x080049d0   Section        0  stm32f10x_it.o(i.SysTick_Handler)
    i.SystemInit                             0x080049d4   Section        0  system_stm32f10x.o(i.SystemInit)
    i.TIM2_IRQHandler                        0x08004a24   Section        0  timer.o(i.TIM2_IRQHandler)
    i.TIM2_Int_Init                          0x08004a70   Section        0  timer.o(i.TIM2_Int_Init)
    i.TIM3_IRQHandler                        0x08004acc   Section        0  timer.o(i.TIM3_IRQHandler)
    i.TIM3_Int_Init                          0x08004b18   Section        0  timer.o(i.TIM3_Int_Init)
    i.TIM4_IRQHandler                        0x08004b78   Section        0  usmart.o(i.TIM4_IRQHandler)
    i.TIM6_IRQHandler                        0x08004bb4   Section        0  timer.o(i.TIM6_IRQHandler)
    i.TIM6_Int_Init                          0x08004bfc   Section        0  timer.o(i.TIM6_Int_Init)
    i.TIM_ClearFlag                          0x08004c5c   Section        0  stm32f10x_tim.o(i.TIM_ClearFlag)
    i.TIM_ClearITPendingBit                  0x08004c62   Section        0  stm32f10x_tim.o(i.TIM_ClearITPendingBit)
    i.TIM_Cmd                                0x08004c68   Section        0  stm32f10x_tim.o(i.TIM_Cmd)
    i.TIM_GetCounter                         0x08004c7c   Section        0  stm32f10x_tim.o(i.TIM_GetCounter)
    i.TIM_GetFlagStatus                      0x08004c80   Section        0  stm32f10x_tim.o(i.TIM_GetFlagStatus)
    i.TIM_GetITStatus                        0x08004c8e   Section        0  stm32f10x_tim.o(i.TIM_GetITStatus)
    i.TIM_ITConfig                           0x08004ca6   Section        0  stm32f10x_tim.o(i.TIM_ITConfig)
    i.TIM_SetAutoreload                      0x08004cb6   Section        0  stm32f10x_tim.o(i.TIM_SetAutoreload)
    i.TIM_SetCounter                         0x08004cba   Section        0  stm32f10x_tim.o(i.TIM_SetCounter)
    i.TIM_TimeBaseInit                       0x08004cc0   Section        0  stm32f10x_tim.o(i.TIM_TimeBaseInit)
    i.Timer4_Init                            0x08004d5c   Section        0  usmart.o(i.Timer4_Init)
    i.USART1_IRQHandler                      0x08004dbc   Section        0  usart.o(i.USART1_IRQHandler)
    i.USART_Cmd                              0x08004e20   Section        0  stm32f10x_usart.o(i.USART_Cmd)
    i.USART_GetFlagStatus                    0x08004e34   Section        0  stm32f10x_usart.o(i.USART_GetFlagStatus)
    i.USART_GetITStatus                      0x08004e42   Section        0  stm32f10x_usart.o(i.USART_GetITStatus)
    i.USART_ITConfig                         0x08004e80   Section        0  stm32f10x_usart.o(i.USART_ITConfig)
    i.USART_Init                             0x08004eb0   Section        0  stm32f10x_usart.o(i.USART_Init)
    i.USART_ReceiveData                      0x08004f5c   Section        0  stm32f10x_usart.o(i.USART_ReceiveData)
    i.USART_SendData                         0x08004f64   Section        0  stm32f10x_usart.o(i.USART_SendData)
    i.UsageFault_Handler                     0x08004f6c   Section        0  stm32f10x_it.o(i.UsageFault_Handler)
    i._is_digit                              0x08004f6e   Section        0  __printf_wp.o(i._is_digit)
    i._sys_exit                              0x08004f7c   Section        0  usart.o(i._sys_exit)
    i.base3Fun                               0x08004f80   Section        0  screen.o(i.base3Fun)
    i.borderAdjustFun                        0x08005288   Section        0  screen.o(i.borderAdjustFun)
    i.centerAdjustFun                        0x080052fc   Section        0  screen.o(i.centerAdjustFun)
    i.delay_init                             0x08005390   Section        0  delay.o(i.delay_init)
    i.delay_ms                               0x080053cc   Section        0  delay.o(i.delay_ms)
    i.delay_us                               0x08005400   Section        0  delay.o(i.delay_us)
    i.fputc                                  0x08005434   Section        0  usart.o(i.fputc)
    i.getCurrentPoint                        0x0800544c   Section        0  screen.o(i.getCurrentPoint)
    i.getXY                                  0x080054b4   Section        0  main.o(i.getXY)
    i.improve1Fun                            0x08005634   Section        0  screen.o(i.improve1Fun)
    i.improve2Fun                            0x08005728   Section        0  screen.o(i.improve2Fun)
    i.improve3Fun                            0x0800580c   Section        0  screen.o(i.improve3Fun)
    i.main                                   0x08005a80   Section        0  main.o(i.main)
    i.motorInit                              0x08005c28   Section        0  movemotor.o(i.motorInit)
    i.moveX                                  0x08005c5c   Section        0  movemotor.o(i.moveX)
    i.moveY                                  0x08005ca4   Section        0  movemotor.o(i.moveY)
    i.read_addr                              0x08005ce8   Section        0  usmart.o(i.read_addr)
    i.sqrt                                   0x08005cec   Section        0  sqrt.o(i.sqrt)
    i.stop                                   0x08005d38   Section        0  screen.o(i.stop)
    i.uart_init                              0x08005d6c   Section        0  usart.o(i.uart_init)
    i.usmart_cmd_rec                         0x08005e0c   Section        0  usmart.o(i.usmart_cmd_rec)
    i.usmart_exe                             0x08005ea0   Section        0  usmart.o(i.usmart_exe)
    i.usmart_get_aparm                       0x08006100   Section        0  usmart_str.o(i.usmart_get_aparm)
    i.usmart_get_cmdname                     0x0800619c   Section        0  usmart_str.o(i.usmart_get_cmdname)
    i.usmart_get_fname                       0x080061cc   Section        0  usmart_str.o(i.usmart_get_fname)
    i.usmart_get_fparam                      0x08006334   Section        0  usmart_str.o(i.usmart_get_fparam)
    i.usmart_get_parmpos                     0x08006404   Section        0  usmart_str.o(i.usmart_get_parmpos)
    i.usmart_get_runtime                     0x08006428   Section        0  usmart.o(i.usmart_get_runtime)
    i.usmart_init                            0x08006460   Section        0  usmart.o(i.usmart_init)
    i.usmart_pow                             0x08006488   Section        0  usmart_str.o(i.usmart_pow)
    i.usmart_reset_runtime                   0x08006498   Section        0  usmart.o(i.usmart_reset_runtime)
    i.usmart_scan                            0x080064c8   Section        0  usmart.o(i.usmart_scan)
    i.usmart_search_nextc                    0x0800656c   Section        0  usmart_str.o(i.usmart_search_nextc)
    i.usmart_str2num                         0x0800657c   Section        0  usmart_str.o(i.usmart_str2num)
    i.usmart_strcmp                          0x0800661c   Section        0  usmart_str.o(i.usmart_strcmp)
    i.usmart_strcopy                         0x08006634   Section        0  usmart_str.o(i.usmart_strcopy)
    i.usmart_strlen                          0x08006646   Section        0  usmart_str.o(i.usmart_strlen)
    i.usmart_sys_cmd_exe                     0x08006658   Section        0  usmart.o(i.usmart_sys_cmd_exe)
    i.write_addr                             0x08006cc8   Section        0  usmart.o(i.write_addr)
    x$fpl$dadd                               0x08006ccc   Section      336  daddsub_clz.o(x$fpl$dadd)
    _dadd1                                   0x08006cdd   Thumb Code     0  daddsub_clz.o(x$fpl$dadd)
    x$fpl$dcheck1                            0x08006e1c   Section       16  dcheck1.o(x$fpl$dcheck1)
    x$fpl$dcmpinf                            0x08006e2c   Section       24  dcmpi.o(x$fpl$dcmpinf)
    x$fpl$ddiv                               0x08006e44   Section      688  ddiv.o(x$fpl$ddiv)
    ddiv_entry                               0x08006e4b   Thumb Code     0  ddiv.o(x$fpl$ddiv)
    x$fpl$dfix                               0x080070f4   Section       94  dfix.o(x$fpl$dfix)
    x$fpl$dfixu                              0x08007154   Section       90  dfixu.o(x$fpl$dfixu)
    x$fpl$dflt                               0x080071ae   Section       46  dflt_clz.o(x$fpl$dflt)
    x$fpl$dfltu                              0x080071dc   Section       38  dflt_clz.o(x$fpl$dfltu)
    x$fpl$dleqf                              0x08007204   Section      120  dleqf.o(x$fpl$dleqf)
    x$fpl$dmul                               0x0800727c   Section      340  dmul.o(x$fpl$dmul)
    x$fpl$dnaninf                            0x080073d0   Section      156  dnaninf.o(x$fpl$dnaninf)
    x$fpl$dretinf                            0x0800746c   Section       12  dretinf.o(x$fpl$dretinf)
    x$fpl$drleqf                             0x08007478   Section      108  drleqf.o(x$fpl$drleqf)
    x$fpl$drsb                               0x080074e4   Section       22  daddsub_clz.o(x$fpl$drsb)
    x$fpl$dsqrt                              0x080074fc   Section      460  dsqrt_noumaal.o(x$fpl$dsqrt)
    x$fpl$dsub                               0x080076c8   Section      468  daddsub_clz.o(x$fpl$dsub)
    _dsub1                                   0x080076d9   Thumb Code     0  daddsub_clz.o(x$fpl$dsub)
    x$fpl$retnan                             0x0800789c   Section      100  retnan.o(x$fpl$retnan)
    x$fpl$scalbn                             0x08007900   Section       92  scalbn.o(x$fpl$scalbn)
    x$fpl$trapveneer                         0x0800795c   Section       48  trapv.o(x$fpl$trapveneer)
    .constdata                               0x0800798c   Section     6080  lcd.o(.constdata)
    x$fpl$usenofp                            0x0800798c   Section        0  usenofp.o(x$fpl$usenofp)
    .constdata                               0x0800914c   Section      336  ov7670.o(.constdata)
    .constdata                               0x0800929c   Section       80  screen.o(.constdata)
    .constdata                               0x080092ec   Section       40  _printf_hex_int.o(.constdata)
    uc_hextab                                0x080092ec   Data          20  _printf_hex_int.o(.constdata)
    lc_hextab                                0x08009300   Data          20  _printf_hex_int.o(.constdata)
    .constdata                               0x08009314   Section       17  __printf_flags_ss_wp.o(.constdata)
    maptable                                 0x08009314   Data          17  __printf_flags_ss_wp.o(.constdata)
    .conststring                             0x08009328   Section       40  usmart.o(.conststring)
    .conststring                             0x08009350   Section      223  usmart_config.o(.conststring)
    .data                                    0x20000000   Section        4  main.o(.data)
    .data                                    0x20000004   Section       20  system_stm32f10x.o(.data)
    .data                                    0x20000018   Section        1  key.o(.data)
    key_up                                   0x20000018   Data           1  key.o(.data)
    .data                                    0x2000001a   Section        4  lcd.o(.data)
    .data                                    0x2000001e   Section        1  exti.o(.data)
    .data                                    0x2000001f   Section        1  timer.o(.data)
    .data                                    0x20000020   Section       32  screen.o(.data)
    .data                                    0x20000040   Section        4  delay.o(.data)
    fac_us                                   0x20000040   Data           1  delay.o(.data)
    fac_ms                                   0x20000042   Data           2  delay.o(.data)
    .data                                    0x20000044   Section        2  usart.o(.data)
    .data                                    0x20000048   Section        4  usart.o(.data)
    .data                                    0x2000004c   Section       20  stm32f10x_rcc.o(.data)
    ADCPrescTable                            0x2000004c   Data           4  stm32f10x_rcc.o(.data)
    APBAHBPrescTable                         0x20000050   Data          16  stm32f10x_rcc.o(.data)
    .data                                    0x20000060   Section       28  usmart.o(.data)
    .data                                    0x2000007c   Section       56  usmart_config.o(.data)
    .data                                    0x200000b4   Section      244  usmart_config.o(.data)
    .bss                                     0x200001a8   Section       16  main.o(.bss)
    .bss                                     0x200001b8   Section       14  lcd.o(.bss)
    .bss                                     0x200001c6   Section      200  usart.o(.bss)
    .bss                                     0x20000290   Section       96  libspace.o(.bss)
    HEAP                                     0x200002f0   Section        0  startup_stm32f10x_hd.o(HEAP)
    STACK                                    0x200002f0   Section     1024  startup_stm32f10x_hd.o(STACK)
    Heap_Mem                                 0x200002f0   Data           0  startup_stm32f10x_hd.o(HEAP)
    Stack_Mem                                0x200002f0   Data        1024  startup_stm32f10x_hd.o(STACK)
    __initial_sp                             0x200006f0   Data           0  startup_stm32f10x_hd.o(STACK)

    Global Symbols

    Symbol Name                              Value     Ov Type        Size  Object(Section)

    BuildAttributes$$THM_ISAv4$P$D$K$B$S$PE$A:L22UL41UL21$X:L11$S22US41US21$IEEE1$IW$USESV6$~STKCKD$USESV7$~SHL$OTIME$ROPI$IEEEJ$EBA8$UX$STANDARDLIB$REQ8$PRES8$EABIv2 0x00000000   Number         0  anon$$obj.o ABSOLUTE
    __ARM_use_no_argv                        0x00000000   Number         0  main.o ABSOLUTE
    _printf_flags                            0x00000000   Number         0  printf_stubs.o ABSOLUTE
    _printf_return_value                     0x00000000   Number         0  printf_stubs.o ABSOLUTE
    _printf_sizespec                         0x00000000   Number         0  printf_stubs.o ABSOLUTE
    _printf_widthprec                        0x00000000   Number         0  printf_stubs.o ABSOLUTE
    __ARM_exceptions_init                     - Undefined Weak Reference
    __alloca_initialize                       - Undefined Weak Reference
    __arm_preinit_                            - Undefined Weak Reference
    __cpp_initialize__aeabi_                  - Undefined Weak Reference
    __cxa_finalize                            - Undefined Weak Reference
    __rt_locale                               - Undefined Weak Reference
    __sigvec_lookup                           - Undefined Weak Reference
    _atexit_init                              - Undefined Weak Reference
    _call_atexit_fns                          - Undefined Weak Reference
    _clock_init                               - Undefined Weak Reference
    _fp_trap_init                             - Undefined Weak Reference
    _fp_trap_shutdown                         - Undefined Weak Reference
    _get_lc_collate                           - Undefined Weak Reference
    _get_lc_ctype                             - Undefined Weak Reference
    _get_lc_monetary                          - Undefined Weak Reference
    _get_lc_numeric                           - Undefined Weak Reference
    _get_lc_time                              - Undefined Weak Reference
    _getenv_init                              - Undefined Weak Reference
    _handle_redirection                       - Undefined Weak Reference
    _init_alloc                               - Undefined Weak Reference
    _init_user_alloc                          - Undefined Weak Reference
    _initio                                   - Undefined Weak Reference
    _mutex_acquire                            - Undefined Weak Reference
    _mutex_release                            - Undefined Weak Reference
    _printf_mbtowc                            - Undefined Weak Reference
    _printf_truncate_signed                   - Undefined Weak Reference
    _printf_truncate_unsigned                 - Undefined Weak Reference
    _rand_init                                - Undefined Weak Reference
    _signal_finish                            - Undefined Weak Reference
    _signal_init                              - Undefined Weak Reference
    _terminate_alloc                          - Undefined Weak Reference
    _terminate_user_alloc                     - Undefined Weak Reference
    _terminateio                              - Undefined Weak Reference
    __Vectors_Size                           0x00000130   Number         0  startup_stm32f10x_hd.o ABSOLUTE
    __Vectors                                0x08000000   Data           4  startup_stm32f10x_hd.o(RESET)
    __Vectors_End                            0x08000130   Data           0  startup_stm32f10x_hd.o(RESET)
    __main                                   0x08000131   Thumb Code     8  __main.o(!!!main)
    __scatterload                            0x08000139   Thumb Code     0  __scatter.o(!!!scatter)
    __scatterload_rt2                        0x08000139   Thumb Code    44  __scatter.o(!!!scatter)
    __scatterload_rt2_thumb_only             0x08000139   Thumb Code     0  __scatter.o(!!!scatter)
    __scatterload_null                       0x08000147   Thumb Code     0  __scatter.o(!!!scatter)
    __decompress                             0x0800016d   Thumb Code    90  __dczerorl2.o(!!dczerorl2)
    __decompress1                            0x0800016d   Thumb Code     0  __dczerorl2.o(!!dczerorl2)
    __scatterload_zeroinit                   0x080001c9   Thumb Code    28  __scatter_zi.o(!!handler_zi)
    _printf_d                                0x080001e5   Thumb Code     0  _printf_d.o(.ARM.Collect$$_printf_percent$$00000009)
    _printf_percent                          0x080001e5   Thumb Code     0  _printf_percent.o(.ARM.Collect$$_printf_percent$$00000000)
    _printf_u                                0x080001eb   Thumb Code     0  _printf_u.o(.ARM.Collect$$_printf_percent$$0000000A)
    _printf_x                                0x080001f1   Thumb Code     0  _printf_x.o(.ARM.Collect$$_printf_percent$$0000000C)
    _printf_c                                0x080001f7   Thumb Code     0  _printf_c.o(.ARM.Collect$$_printf_percent$$00000013)
    _printf_s                                0x080001fd   Thumb Code     0  _printf_s.o(.ARM.Collect$$_printf_percent$$00000014)
    _printf_percent_end                      0x08000203   Thumb Code     0  _printf_percent_end.o(.ARM.Collect$$_printf_percent$$00000017)
    __rt_lib_init                            0x08000207   Thumb Code     0  libinit.o(.ARM.Collect$$libinit$$00000000)
    __rt_lib_init_alloca_1                   0x08000209   Thumb Code     0  libinit2.o(.ARM.Collect$$libinit$$0000002E)
    __rt_lib_init_argv_1                     0x08000209   Thumb Code     0  libinit2.o(.ARM.Collect$$libinit$$0000002C)
    __rt_lib_init_atexit_1                   0x08000209   Thumb Code     0  libinit2.o(.ARM.Collect$$libinit$$0000001B)
    __rt_lib_init_clock_1                    0x08000209   Thumb Code     0  libinit2.o(.ARM.Collect$$libinit$$00000021)
    __rt_lib_init_cpp_1                      0x08000209   Thumb Code     0  libinit2.o(.ARM.Collect$$libinit$$00000032)
    __rt_lib_init_exceptions_1               0x08000209   Thumb Code     0  libinit2.o(.ARM.Collect$$libinit$$00000030)
    __rt_lib_init_fp_1                       0x08000209   Thumb Code     0  libinit2.o(.ARM.Collect$$libinit$$00000002)
    __rt_lib_init_fp_trap_1                  0x08000209   Thumb Code     0  libinit2.o(.ARM.Collect$$libinit$$0000001F)
    __rt_lib_init_getenv_1                   0x08000209   Thumb Code     0  libinit2.o(.ARM.Collect$$libinit$$00000023)
    __rt_lib_init_heap_1                     0x08000209   Thumb Code     0  libinit2.o(.ARM.Collect$$libinit$$0000000A)
    __rt_lib_init_lc_collate_1               0x08000209   Thumb Code     0  libinit2.o(.ARM.Collect$$libinit$$00000011)
    __rt_lib_init_lc_ctype_1                 0x08000209   Thumb Code     0  libinit2.o(.ARM.Collect$$libinit$$00000013)
    __rt_lib_init_lc_monetary_1              0x08000209   Thumb Code     0  libinit2.o(.ARM.Collect$$libinit$$00000015)
    __rt_lib_init_lc_numeric_1               0x08000209   Thumb Code     0  libinit2.o(.ARM.Collect$$libinit$$00000017)
    __rt_lib_init_lc_time_1                  0x08000209   Thumb Code     0  libinit2.o(.ARM.Collect$$libinit$$00000019)
    __rt_lib_init_preinit_1                  0x08000209   Thumb Code     0  libinit2.o(.ARM.Collect$$libinit$$00000004)
    __rt_lib_init_rand_1                     0x08000209   Thumb Code     0  libinit2.o(.ARM.Collect$$libinit$$0000000E)
    __rt_lib_init_return                     0x08000209   Thumb Code     0  libinit2.o(.ARM.Collect$$libinit$$00000033)
    __rt_lib_init_signal_1                   0x08000209   Thumb Code     0  libinit2.o(.ARM.Collect$$libinit$$0000001D)
    __rt_lib_init_stdio_1                    0x08000209   Thumb Code     0  libinit2.o(.ARM.Collect$$libinit$$00000025)
    __rt_lib_init_user_alloc_1               0x08000209   Thumb Code     0  libinit2.o(.ARM.Collect$$libinit$$0000000C)
    __rt_lib_shutdown                        0x0800020b   Thumb Code     0  libshutdown.o(.ARM.Collect$$libshutdown$$00000000)
    __rt_lib_shutdown_fp_trap_1              0x0800020d   Thumb Code     0  libshutdown2.o(.ARM.Collect$$libshutdown$$00000006)
    __rt_lib_shutdown_heap_1                 0x0800020d   Thumb Code     0  libshutdown2.o(.ARM.Collect$$libshutdown$$0000000E)
    __rt_lib_shutdown_return                 0x0800020d   Thumb Code     0  libshutdown2.o(.ARM.Collect$$libshutdown$$0000000F)
    __rt_lib_shutdown_signal_1               0x0800020d   Thumb Code     0  libshutdown2.o(.ARM.Collect$$libshutdown$$00000009)
    __rt_lib_shutdown_stdio_1                0x0800020d   Thumb Code     0  libshutdown2.o(.ARM.Collect$$libshutdown$$00000003)
    __rt_lib_shutdown_user_alloc_1           0x0800020d   Thumb Code     0  libshutdown2.o(.ARM.Collect$$libshutdown$$0000000B)
    __rt_entry                               0x0800020f   Thumb Code     0  __rtentry.o(.ARM.Collect$$rtentry$$00000000)
    __rt_entry_presh_1                       0x0800020f   Thumb Code     0  __rtentry2.o(.ARM.Collect$$rtentry$$00000002)
    __rt_entry_sh                            0x0800020f   Thumb Code     0  __rtentry4.o(.ARM.Collect$$rtentry$$00000004)
    __rt_entry_li                            0x08000215   Thumb Code     0  __rtentry2.o(.ARM.Collect$$rtentry$$0000000A)
    __rt_entry_postsh_1                      0x08000215   Thumb Code     0  __rtentry2.o(.ARM.Collect$$rtentry$$00000009)
    __rt_entry_main                          0x08000219   Thumb Code     0  __rtentry2.o(.ARM.Collect$$rtentry$$0000000D)
    __rt_entry_postli_1                      0x08000219   Thumb Code     0  __rtentry2.o(.ARM.Collect$$rtentry$$0000000C)
    __rt_exit                                0x08000221   Thumb Code     0  rtexit.o(.ARM.Collect$$rtexit$$00000000)
    __rt_exit_ls                             0x08000223   Thumb Code     0  rtexit2.o(.ARM.Collect$$rtexit$$00000003)
    __rt_exit_prels_1                        0x08000223   Thumb Code     0  rtexit2.o(.ARM.Collect$$rtexit$$00000002)
    __rt_exit_exit                           0x08000227   Thumb Code     0  rtexit2.o(.ARM.Collect$$rtexit$$00000004)
    Reset_Handler                            0x0800022d   Thumb Code     8  startup_stm32f10x_hd.o(.text)
    ADC1_2_IRQHandler                        0x08000247   Thumb Code     0  startup_stm32f10x_hd.o(.text)
    ADC3_IRQHandler                          0x08000247   Thumb Code     0  startup_stm32f10x_hd.o(.text)
    CAN1_RX1_IRQHandler                      0x08000247   Thumb Code     0  startup_stm32f10x_hd.o(.text)
    CAN1_SCE_IRQHandler                      0x08000247   Thumb Code     0  startup_stm32f10x_hd.o(.text)
    DMA1_Channel1_IRQHandler                 0x08000247   Thumb Code     0  startup_stm32f10x_hd.o(.text)
    DMA1_Channel2_IRQHandler                 0x08000247   Thumb Code     0  startup_stm32f10x_hd.o(.text)
    DMA1_Channel3_IRQHandler                 0x08000247   Thumb Code     0  startup_stm32f10x_hd.o(.text)
    DMA1_Channel4_IRQHandler                 0x08000247   Thumb Code     0  startup_stm32f10x_hd.o(.text)
    DMA1_Channel5_IRQHandler                 0x08000247   Thumb Code     0  startup_stm32f10x_hd.o(.text)
    DMA1_Channel6_IRQHandler                 0x08000247   Thumb Code     0  startup_stm32f10x_hd.o(.text)
    DMA1_Channel7_IRQHandler                 0x08000247   Thumb Code     0  startup_stm32f10x_hd.o(.text)
    DMA2_Channel1_IRQHandler                 0x08000247   Thumb Code     0  startup_stm32f10x_hd.o(.text)
    DMA2_Channel2_IRQHandler                 0x08000247   Thumb Code     0  startup_stm32f10x_hd.o(.text)
    DMA2_Channel3_IRQHandler                 0x08000247   Thumb Code     0  startup_stm32f10x_hd.o(.text)
    DMA2_Channel4_5_IRQHandler               0x08000247   Thumb Code     0  startup_stm32f10x_hd.o(.text)
    EXTI0_IRQHandler                         0x08000247   Thumb Code     0  startup_stm32f10x_hd.o(.text)
    EXTI15_10_IRQHandler                     0x08000247   Thumb Code     0  startup_stm32f10x_hd.o(.text)
    EXTI1_IRQHandler                         0x08000247   Thumb Code     0  startup_stm32f10x_hd.o(.text)
    EXTI2_IRQHandler                         0x08000247   Thumb Code     0  startup_stm32f10x_hd.o(.text)
    EXTI3_IRQHandler                         0x08000247   Thumb Code     0  startup_stm32f10x_hd.o(.text)
    EXTI4_IRQHandler                         0x08000247   Thumb Code     0  startup_stm32f10x_hd.o(.text)
    FLASH_IRQHandler                         0x08000247   Thumb Code     0  startup_stm32f10x_hd.o(.text)
    FSMC_IRQHandler                          0x08000247   Thumb Code     0  startup_stm32f10x_hd.o(.text)
    I2C1_ER_IRQHandler                       0x08000247   Thumb Code     0  startup_stm32f10x_hd.o(.text)
    I2C1_EV_IRQHandler                       0x08000247   Thumb Code     0  startup_stm32f10x_hd.o(.text)
    I2C2_ER_IRQHandler                       0x08000247   Thumb Code     0  startup_stm32f10x_hd.o(.text)
    I2C2_EV_IRQHandler                       0x08000247   Thumb Code     0  startup_stm32f10x_hd.o(.text)
    PVD_IRQHandler                           0x08000247   Thumb Code     0  startup_stm32f10x_hd.o(.text)
    RCC_IRQHandler                           0x08000247   Thumb Code     0  startup_stm32f10x_hd.o(.text)
    RTCAlarm_IRQHandler                      0x08000247   Thumb Code     0  startup_stm32f10x_hd.o(.text)
    RTC_IRQHandler                           0x08000247   Thumb Code     0  startup_stm32f10x_hd.o(.text)
    SDIO_IRQHandler                          0x08000247   Thumb Code     0  startup_stm32f10x_hd.o(.text)
    SPI1_IRQHandler                          0x08000247   Thumb Code     0  startup_stm32f10x_hd.o(.text)
    SPI2_IRQHandler                          0x08000247   Thumb Code     0  startup_stm32f10x_hd.o(.text)
    SPI3_IRQHandler                          0x08000247   Thumb Code     0  startup_stm32f10x_hd.o(.text)
    TAMPER_IRQHandler                        0x08000247   Thumb Code     0  startup_stm32f10x_hd.o(.text)
    TIM1_BRK_IRQHandler                      0x08000247   Thumb Code     0  startup_stm32f10x_hd.o(.text)
    TIM1_CC_IRQHandler                       0x08000247   Thumb Code     0  startup_stm32f10x_hd.o(.text)
    TIM1_TRG_COM_IRQHandler                  0x08000247   Thumb Code     0  startup_stm32f10x_hd.o(.text)
    TIM1_UP_IRQHandler                       0x08000247   Thumb Code     0  startup_stm32f10x_hd.o(.text)
    TIM5_IRQHandler                          0x08000247   Thumb Code     0  startup_stm32f10x_hd.o(.text)
    TIM7_IRQHandler                          0x08000247   Thumb Code     0  startup_stm32f10x_hd.o(.text)
    TIM8_BRK_IRQHandler                      0x08000247   Thumb Code     0  startup_stm32f10x_hd.o(.text)
    TIM8_CC_IRQHandler                       0x08000247   Thumb Code     0  startup_stm32f10x_hd.o(.text)
    TIM8_TRG_COM_IRQHandler                  0x08000247   Thumb Code     0  startup_stm32f10x_hd.o(.text)
    TIM8_UP_IRQHandler                       0x08000247   Thumb Code     0  startup_stm32f10x_hd.o(.text)
    UART4_IRQHandler                         0x08000247   Thumb Code     0  startup_stm32f10x_hd.o(.text)
    UART5_IRQHandler                         0x08000247   Thumb Code     0  startup_stm32f10x_hd.o(.text)
    USART2_IRQHandler                        0x08000247   Thumb Code     0  startup_stm32f10x_hd.o(.text)
    USART3_IRQHandler                        0x08000247   Thumb Code     0  startup_stm32f10x_hd.o(.text)
    USBWakeUp_IRQHandler                     0x08000247   Thumb Code     0  startup_stm32f10x_hd.o(.text)
    USB_HP_CAN1_TX_IRQHandler                0x08000247   Thumb Code     0  startup_stm32f10x_hd.o(.text)
    USB_LP_CAN1_RX0_IRQHandler               0x08000247   Thumb Code     0  startup_stm32f10x_hd.o(.text)
    WWDG_IRQHandler                          0x08000247   Thumb Code     0  startup_stm32f10x_hd.o(.text)
    __user_initial_stackheap                 0x08000249   Thumb Code     0  startup_stm32f10x_hd.o(.text)
    __use_no_semihosting                     0x08000269   Thumb Code     2  use_no_semi_2.o(.text)
    __2printf                                0x0800026d   Thumb Code    20  noretval__2printf.o(.text)
    _printf_pre_padding                      0x08000285   Thumb Code    44  _printf_pad.o(.text)
    _printf_post_padding                     0x080002b1   Thumb Code    34  _printf_pad.o(.text)
    _printf_str                              0x080002d3   Thumb Code    82  _printf_str.o(.text)
    _printf_int_dec                          0x08000325   Thumb Code   104  _printf_dec.o(.text)
    _printf_int_hex                          0x0800039d   Thumb Code    84  _printf_hex_int.o(.text)
    _printf_longlong_hex                     0x0800039d   Thumb Code     0  _printf_hex_int.o(.text)
    __printf                                 0x080003f5   Thumb Code   388  __printf_flags_ss_wp.o(.text)
    __aeabi_memcpy4                          0x0800057d   Thumb Code     0  rt_memcpy_w.o(.text)
    __aeabi_memcpy8                          0x0800057d   Thumb Code     0  rt_memcpy_w.o(.text)
    __rt_memcpy_w                            0x0800057d   Thumb Code   100  rt_memcpy_w.o(.text)
    _memcpy_lastbytes_aligned                0x080005c5   Thumb Code     0  rt_memcpy_w.o(.text)
    __use_two_region_memory                  0x080005e1   Thumb Code     2  heapauxi.o(.text)
    __rt_heap_escrow$2region                 0x080005e3   Thumb Code     2  heapauxi.o(.text)
    __rt_heap_expand$2region                 0x080005e5   Thumb Code     2  heapauxi.o(.text)
    __I$use$semihosting                      0x080005e7   Thumb Code     0  use_no_semi.o(.text)
    __use_no_semihosting_swi                 0x080005e7   Thumb Code     2  use_no_semi.o(.text)
    __read_errno                             0x080005e9   Thumb Code    10  _rserrno.o(.text)
    __set_errno                              0x080005f3   Thumb Code    12  _rserrno.o(.text)
    _printf_int_common                       0x080005ff   Thumb Code   178  _printf_intcommon.o(.text)
    _printf_cs_common                        0x080006b1   Thumb Code    20  _printf_char.o(.text)
    _printf_char                             0x080006c5   Thumb Code    16  _printf_char.o(.text)
    _printf_string                           0x080006d5   Thumb Code     8  _printf_char.o(.text)
    _printf_char_file                        0x080006dd   Thumb Code    32  _printf_char_file.o(.text)
    __aeabi_errno_addr                       0x08000701   Thumb Code     8  rt_errno_addr_intlibspace.o(.text)
    __errno$intlibspace                      0x08000701   Thumb Code     0  rt_errno_addr_intlibspace.o(.text)
    __rt_errno_addr$intlibspace              0x08000701   Thumb Code     0  rt_errno_addr_intlibspace.o(.text)
    _printf_char_common                      0x08000713   Thumb Code    32  _printf_char_common.o(.text)
    ferror                                   0x08000739   Thumb Code     8  ferror.o(.text)
    __user_libspace                          0x08000741   Thumb Code     8  libspace.o(.text)
    __user_perproc_libspace                  0x08000741   Thumb Code     0  libspace.o(.text)
    __user_perthread_libspace                0x08000741   Thumb Code     0  libspace.o(.text)
    __user_setup_stackheap                   0x08000749   Thumb Code    74  sys_stackheap_outer.o(.text)
    exit                                     0x08000793   Thumb Code    12  exit.o(.text)
    BusFault_Handler                         0x0800079f   Thumb Code     2  stm32f10x_it.o(i.BusFault_Handler)
    DebugMon_Handler                         0x080007a1   Thumb Code     2  stm32f10x_it.o(i.DebugMon_Handler)
    EXTI8_Init                               0x080007a3   Thumb Code    66  exti.o(i.EXTI8_Init)
    EXTI9_5_IRQHandler                       0x080007e5   Thumb Code    54  exti.o(i.EXTI9_5_IRQHandler)
    EXTI_ClearITPendingBit                   0x08000829   Thumb Code     6  stm32f10x_exti.o(i.EXTI_ClearITPendingBit)
    EXTI_GetITStatus                         0x08000835   Thumb Code    28  stm32f10x_exti.o(i.EXTI_GetITStatus)
    EXTI_Init                                0x08000855   Thumb Code   108  stm32f10x_exti.o(i.EXTI_Init)
    FSMC_NORSRAMCmd                          0x080008c5   Thumb Code    26  stm32f10x_fsmc.o(i.FSMC_NORSRAMCmd)
    FSMC_NORSRAMInit                         0x080008e5   Thumb Code   200  stm32f10x_fsmc.o(i.FSMC_NORSRAMInit)
    GPIO_EXTILineConfig                      0x080009ad   Thumb Code    34  stm32f10x_gpio.o(i.GPIO_EXTILineConfig)
    GPIO_Init                                0x080009d5   Thumb Code   156  stm32f10x_gpio.o(i.GPIO_Init)
    GPIO_PinRemapConfig                      0x08000a71   Thumb Code    82  stm32f10x_gpio.o(i.GPIO_PinRemapConfig)
    GPIO_ReadInputDataBit                    0x08000ac9   Thumb Code    14  stm32f10x_gpio.o(i.GPIO_ReadInputDataBit)
    GPIO_ResetBits                           0x08000ad7   Thumb Code     4  stm32f10x_gpio.o(i.GPIO_ResetBits)
    GPIO_SetBits                             0x08000adb   Thumb Code     4  stm32f10x_gpio.o(i.GPIO_SetBits)
    HardFault_Handler                        0x08000adf   Thumb Code     2  stm32f10x_it.o(i.HardFault_Handler)
    KEY_Init                                 0x08000ae1   Thumb Code    52  key.o(i.KEY_Init)
    KEY_Scan                                 0x08000b1d   Thumb Code   190  key.o(i.KEY_Scan)
    LCD_Clear                                0x08000be9   Thumb Code   100  lcd.o(i.LCD_Clear)
    LCD_Display_Dir                          0x08000c55   Thumb Code   304  lcd.o(i.LCD_Display_Dir)
    LCD_Fast_DrawPoint                       0x08000d89   Thumb Code   276  lcd.o(i.LCD_Fast_DrawPoint)
    LCD_Fill                                 0x08000ea5   Thumb Code   132  lcd.o(i.LCD_Fill)
    LCD_Init                                 0x08000f31   Thumb Code 11794  lcd.o(i.LCD_Init)
    LCD_RD_DATA                              0x08003d49   Thumb Code    16  lcd.o(i.LCD_RD_DATA)
    LCD_ReadReg                              0x08003d5d   Thumb Code    20  lcd.o(i.LCD_ReadReg)
    LCD_SSD_BackLightSet                     0x08003d75   Thumb Code    50  lcd.o(i.LCD_SSD_BackLightSet)
    LCD_Scan_Dir                             0x08003db1   Thumb Code   414  lcd.o(i.LCD_Scan_Dir)
    LCD_SetCursor                            0x08003f59   Thumb Code   320  lcd.o(i.LCD_SetCursor)
    LCD_Set_Window                           0x080040a1   Thumb Code   370  lcd.o(i.LCD_Set_Window)
    LCD_ShowChar                             0x0800421d   Thumb Code   182  lcd.o(i.LCD_ShowChar)
    LCD_ShowString                           0x080042e9   Thumb Code    84  lcd.o(i.LCD_ShowString)
    LCD_WriteRAM_Prepare                     0x0800433d   Thumb Code    10  lcd.o(i.LCD_WriteRAM_Prepare)
    LCD_WriteReg                             0x08004351   Thumb Code    10  lcd.o(i.LCD_WriteReg)
    LED_Init                                 0x08004361   Thumb Code    38  led.o(i.LED_Init)
    MemManage_Handler                        0x0800438d   Thumb Code     2  stm32f10x_it.o(i.MemManage_Handler)
    NMI_Handler                              0x0800438f   Thumb Code     2  stm32f10x_it.o(i.NMI_Handler)
    NVIC_Init                                0x08004391   Thumb Code    94  misc.o(i.NVIC_Init)
    NVIC_PriorityGroupConfig                 0x080043f5   Thumb Code    10  misc.o(i.NVIC_PriorityGroupConfig)
    OV7670_Init                              0x08004409   Thumb Code   242  ov7670.o(i.OV7670_Init)
    OV7670_Window_Set                        0x08004519   Thumb Code   110  ov7670.o(i.OV7670_Window_Set)
    PendSV_Handler                           0x08004587   Thumb Code     2  stm32f10x_it.o(i.PendSV_Handler)
    RCC_AHBPeriphClockCmd                    0x08004589   Thumb Code    18  stm32f10x_rcc.o(i.RCC_AHBPeriphClockCmd)
    RCC_APB1PeriphClockCmd                   0x080045a1   Thumb Code    18  stm32f10x_rcc.o(i.RCC_APB1PeriphClockCmd)
    RCC_APB2PeriphClockCmd                   0x080045b9   Thumb Code    18  stm32f10x_rcc.o(i.RCC_APB2PeriphClockCmd)
    RCC_GetClocksFreq                        0x080045d1   Thumb Code   132  stm32f10x_rcc.o(i.RCC_GetClocksFreq)
    SCCB_Init                                0x08004665   Thumb Code    98  sccb.o(i.SCCB_Init)
    SCCB_No_Ack                              0x080046d1   Thumb Code    58  sccb.o(i.SCCB_No_Ack)
    SCCB_RD_Byte                             0x08004715   Thumb Code   102  sccb.o(i.SCCB_RD_Byte)
    SCCB_RD_Reg                              0x08004789   Thumb Code    76  sccb.o(i.SCCB_RD_Reg)
    SCCB_Start                               0x080047d5   Thumb Code    44  sccb.o(i.SCCB_Start)
    SCCB_Stop                                0x08004809   Thumb Code    46  sccb.o(i.SCCB_Stop)
    SCCB_WR_Byte                             0x08004841   Thumb Code   130  sccb.o(i.SCCB_WR_Byte)
    SCCB_WR_Reg                              0x080048d1   Thumb Code    62  sccb.o(i.SCCB_WR_Reg)
    SVC_Handler                              0x0800490f   Thumb Code     2  stm32f10x_it.o(i.SVC_Handler)
    SysTick_CLKSourceConfig                  0x080049b9   Thumb Code    24  misc.o(i.SysTick_CLKSourceConfig)
    SysTick_Handler                          0x080049d1   Thumb Code     2  stm32f10x_it.o(i.SysTick_Handler)
    SystemInit                               0x080049d5   Thumb Code    64  system_stm32f10x.o(i.SystemInit)
    TIM2_IRQHandler                          0x08004a25   Thumb Code    64  timer.o(i.TIM2_IRQHandler)
    TIM2_Int_Init                            0x08004a71   Thumb Code    92  timer.o(i.TIM2_Int_Init)
    TIM3_IRQHandler                          0x08004acd   Thumb Code    70  timer.o(i.TIM3_IRQHandler)
    TIM3_Int_Init                            0x08004b19   Thumb Code    90  timer.o(i.TIM3_Int_Init)
    TIM4_IRQHandler                          0x08004b79   Thumb Code    50  usmart.o(i.TIM4_IRQHandler)
    TIM6_IRQHandler                          0x08004bb5   Thumb Code    56  timer.o(i.TIM6_IRQHandler)
    TIM6_Int_Init                            0x08004bfd   Thumb Code    90  timer.o(i.TIM6_Int_Init)
    TIM_ClearFlag                            0x08004c5d   Thumb Code     6  stm32f10x_tim.o(i.TIM_ClearFlag)
    TIM_ClearITPendingBit                    0x08004c63   Thumb Code     6  stm32f10x_tim.o(i.TIM_ClearITPendingBit)
    TIM_Cmd                                  0x08004c69   Thumb Code    20  stm32f10x_tim.o(i.TIM_Cmd)
    TIM_GetCounter                           0x08004c7d   Thumb Code     4  stm32f10x_tim.o(i.TIM_GetCounter)
    TIM_GetFlagStatus                        0x08004c81   Thumb Code    14  stm32f10x_tim.o(i.TIM_GetFlagStatus)
    TIM_GetITStatus                          0x08004c8f   Thumb Code    24  stm32f10x_tim.o(i.TIM_GetITStatus)
    TIM_ITConfig                             0x08004ca7   Thumb Code    16  stm32f10x_tim.o(i.TIM_ITConfig)
    TIM_SetAutoreload                        0x08004cb7   Thumb Code     4  stm32f10x_tim.o(i.TIM_SetAutoreload)
    TIM_SetCounter                           0x08004cbb   Thumb Code     4  stm32f10x_tim.o(i.TIM_SetCounter)
    TIM_TimeBaseInit                         0x08004cc1   Thumb Code   114  stm32f10x_tim.o(i.TIM_TimeBaseInit)
    Timer4_Init                              0x08004d5d   Thumb Code    90  usmart.o(i.Timer4_Init)
    USART1_IRQHandler                        0x08004dbd   Thumb Code    88  usart.o(i.USART1_IRQHandler)
    USART_Cmd                                0x08004e21   Thumb Code    20  stm32f10x_usart.o(i.USART_Cmd)
    USART_GetFlagStatus                      0x08004e35   Thumb Code    14  stm32f10x_usart.o(i.USART_GetFlagStatus)
    USART_GetITStatus                        0x08004e43   Thumb Code    62  stm32f10x_usart.o(i.USART_GetITStatus)
    USART_ITConfig                           0x08004e81   Thumb Code    48  stm32f10x_usart.o(i.USART_ITConfig)
    USART_Init                               0x08004eb1   Thumb Code   166  stm32f10x_usart.o(i.USART_Init)
    USART_ReceiveData                        0x08004f5d   Thumb Code     8  stm32f10x_usart.o(i.USART_ReceiveData)
    USART_SendData                           0x08004f65   Thumb Code     8  stm32f10x_usart.o(i.USART_SendData)
    UsageFault_Handler                       0x08004f6d   Thumb Code     2  stm32f10x_it.o(i.UsageFault_Handler)
    _is_digit                                0x08004f6f   Thumb Code    14  __printf_wp.o(i._is_digit)
    _sys_exit                                0x08004f7d   Thumb Code     2  usart.o(i._sys_exit)
    base3Fun                                 0x08004f81   Thumb Code   684  screen.o(i.base3Fun)
    borderAdjustFun                          0x08005289   Thumb Code    90  screen.o(i.borderAdjustFun)
    centerAdjustFun                          0x080052fd   Thumb Code   120  screen.o(i.centerAdjustFun)
    delay_init                               0x08005391   Thumb Code    46  delay.o(i.delay_init)
    delay_ms                                 0x080053cd   Thumb Code    46  delay.o(i.delay_ms)
    delay_us                                 0x08005401   Thumb Code    46  delay.o(i.delay_us)
    fputc                                    0x08005435   Thumb Code    18  usart.o(i.fputc)
    getCurrentPoint                          0x0800544d   Thumb Code    76  screen.o(i.getCurrentPoint)
    getXY                                    0x080054b5   Thumb Code   356  main.o(i.getXY)
    improve1Fun                              0x08005635   Thumb Code   192  screen.o(i.improve1Fun)
    improve2Fun                              0x08005729   Thumb Code   208  screen.o(i.improve2Fun)
    improve3Fun                              0x0800580d   Thumb Code   586  screen.o(i.improve3Fun)
    main                                     0x08005a81   Thumb Code   360  main.o(i.main)
    motorInit                                0x08005c29   Thumb Code    48  movemotor.o(i.motorInit)
    moveX                                    0x08005c5d   Thumb Code    66  movemotor.o(i.moveX)
    moveY                                    0x08005ca5   Thumb Code    62  movemotor.o(i.moveY)
    read_addr                                0x08005ce9   Thumb Code     4  usmart.o(i.read_addr)
    sqrt                                     0x08005ced   Thumb Code    76  sqrt.o(i.sqrt)
    stop                                     0x08005d39   Thumb Code    42  screen.o(i.stop)
    uart_init                                0x08005d6d   Thumb Code   152  usart.o(i.uart_init)
    usmart_cmd_rec                           0x08005e0d   Thumb Code   144  usmart.o(i.usmart_cmd_rec)
    usmart_exe                               0x08005ea1   Thumb Code   510  usmart.o(i.usmart_exe)
    usmart_get_aparm                         0x08006101   Thumb Code   156  usmart_str.o(i.usmart_get_aparm)
    usmart_get_cmdname                       0x0800619d   Thumb Code    46  usmart_str.o(i.usmart_get_cmdname)
    usmart_get_fname                         0x080061cd   Thumb Code   352  usmart_str.o(i.usmart_get_fname)
    usmart_get_fparam                        0x08006335   Thumb Code   202  usmart_str.o(i.usmart_get_fparam)
    usmart_get_parmpos                       0x08006405   Thumb Code    30  usmart_str.o(i.usmart_get_parmpos)
    usmart_get_runtime                       0x08006429   Thumb Code    48  usmart.o(i.usmart_get_runtime)
    usmart_init                              0x08006461   Thumb Code    36  usmart.o(i.usmart_init)
    usmart_pow                               0x08006489   Thumb Code    16  usmart_str.o(i.usmart_pow)
    usmart_reset_runtime                     0x08006499   Thumb Code    40  usmart.o(i.usmart_reset_runtime)
    usmart_scan                              0x080064c9   Thumb Code    94  usmart.o(i.usmart_scan)
    usmart_search_nextc                      0x0800656d   Thumb Code    16  usmart_str.o(i.usmart_search_nextc)
    usmart_str2num                           0x0800657d   Thumb Code   160  usmart_str.o(i.usmart_str2num)
    usmart_strcmp                            0x0800661d   Thumb Code    24  usmart_str.o(i.usmart_strcmp)
    usmart_strcopy                           0x08006635   Thumb Code    18  usmart_str.o(i.usmart_strcopy)
    usmart_strlen                            0x08006647   Thumb Code    18  usmart_str.o(i.usmart_strlen)
    usmart_sys_cmd_exe                       0x08006659   Thumb Code  1442  usmart.o(i.usmart_sys_cmd_exe)
    write_addr                               0x08006cc9   Thumb Code     4  usmart.o(i.write_addr)
    __aeabi_dadd                             0x08006ccd   Thumb Code     0  daddsub_clz.o(x$fpl$dadd)
    _dadd                                    0x08006ccd   Thumb Code   332  daddsub_clz.o(x$fpl$dadd)
    __fpl_dcheck_NaN1                        0x08006e1d   Thumb Code    10  dcheck1.o(x$fpl$dcheck1)
    __fpl_dcmp_Inf                           0x08006e2d   Thumb Code    24  dcmpi.o(x$fpl$dcmpinf)
    __aeabi_ddiv                             0x08006e45   Thumb Code     0  ddiv.o(x$fpl$ddiv)
    _ddiv                                    0x08006e45   Thumb Code   552  ddiv.o(x$fpl$ddiv)
    __aeabi_d2iz                             0x080070f5   Thumb Code     0  dfix.o(x$fpl$dfix)
    _dfix                                    0x080070f5   Thumb Code    94  dfix.o(x$fpl$dfix)
    __aeabi_d2uiz                            0x08007155   Thumb Code     0  dfixu.o(x$fpl$dfixu)
    _dfixu                                   0x08007155   Thumb Code    90  dfixu.o(x$fpl$dfixu)
    __aeabi_i2d                              0x080071af   Thumb Code     0  dflt_clz.o(x$fpl$dflt)
    _dflt                                    0x080071af   Thumb Code    46  dflt_clz.o(x$fpl$dflt)
    __aeabi_ui2d                             0x080071dd   Thumb Code     0  dflt_clz.o(x$fpl$dfltu)
    _dfltu                                   0x080071dd   Thumb Code    38  dflt_clz.o(x$fpl$dfltu)
    __aeabi_cdcmple                          0x08007205   Thumb Code     0  dleqf.o(x$fpl$dleqf)
    _dcmple                                  0x08007205   Thumb Code   120  dleqf.o(x$fpl$dleqf)
    __fpl_dcmple_InfNaN                      0x08007267   Thumb Code     0  dleqf.o(x$fpl$dleqf)
    __aeabi_dmul                             0x0800727d   Thumb Code     0  dmul.o(x$fpl$dmul)
    _dmul                                    0x0800727d   Thumb Code   332  dmul.o(x$fpl$dmul)
    __fpl_dnaninf                            0x080073d1   Thumb Code   156  dnaninf.o(x$fpl$dnaninf)
    __fpl_dretinf                            0x0800746d   Thumb Code    12  dretinf.o(x$fpl$dretinf)
    __aeabi_cdrcmple                         0x08007479   Thumb Code     0  drleqf.o(x$fpl$drleqf)
    _drcmple                                 0x08007479   Thumb Code   108  drleqf.o(x$fpl$drleqf)
    __aeabi_drsub                            0x080074e5   Thumb Code     0  daddsub_clz.o(x$fpl$drsb)
    _drsb                                    0x080074e5   Thumb Code    22  daddsub_clz.o(x$fpl$drsb)
    _dsqrt                                   0x080074fd   Thumb Code   456  dsqrt_noumaal.o(x$fpl$dsqrt)
    __aeabi_dsub                             0x080076c9   Thumb Code     0  daddsub_clz.o(x$fpl$dsub)
    _dsub                                    0x080076c9   Thumb Code   464  daddsub_clz.o(x$fpl$dsub)
    __fpl_return_NaN                         0x0800789d   Thumb Code   100  retnan.o(x$fpl$retnan)
    __ARM_scalbn                             0x08007901   Thumb Code    92  scalbn.o(x$fpl$scalbn)
    __fpl_cmpreturn                          0x0800795d   Thumb Code    48  trapv.o(x$fpl$trapveneer)
    __I$use$fp                               0x0800798c   Number         0  usenofp.o(x$fpl$usenofp)
    asc2_1206                                0x0800798c   Data        1140  lcd.o(.constdata)
    asc2_1608                                0x08007e00   Data        1520  lcd.o(.constdata)
    asc2_2412                                0x080083f0   Data        3420  lcd.o(.constdata)
    ov7670_init_reg_tbl                      0x0800914c   Data         336  ov7670.o(.constdata)
    Region$$Table$$Base                      0x08009430   Number         0  anon$$obj.o(Region$$Table)
    Region$$Table$$Limit                     0x08009450   Number         0  anon$$obj.o(Region$$Table)
    uartReceiveData                          0x20000000   Data           4  main.o(.data)
    SystemCoreClock                          0x20000004   Data           4  system_stm32f10x.o(.data)
    AHBPrescTable                            0x20000008   Data          16  system_stm32f10x.o(.data)
    POINT_COLOR                              0x2000001a   Data           2  lcd.o(.data)
    BACK_COLOR                               0x2000001c   Data           2  lcd.o(.data)
    ov_sta                                   0x2000001e   Data           1  exti.o(.data)
    ov_frame                                 0x2000001f   Data           1  timer.o(.data)
    cntFlag                                  0x20000020   Data           4  screen.o(.data)
    currentPoint                             0x20000024   Data           8  screen.o(.data)
    tempSlightPoint                          0x2000002c   Data           8  screen.o(.data)
    adjustPointDis                           0x20000038   Data           8  screen.o(.data)
    USART_RX_STA                             0x20000044   Data           2  usart.o(.data)
    __stdout                                 0x20000048   Data           4  usart.o(.data)
    sys_cmd_tab                              0x20000060   Data          28  usmart.o(.data)
    usmart_nametab                           0x2000007c   Data          56  usmart_config.o(.data)
    usmart_dev                               0x200000b4   Data         244  usmart_config.o(.data)
    adjustPoint                              0x200001a8   Data          16  main.o(.bss)
    lcddev                                   0x200001b8   Data          14  lcd.o(.bss)
    USART_RX_BUF                             0x200001c6   Data         200  usart.o(.bss)
    __libspace_start                         0x20000290   Data          96  libspace.o(.bss)
    __temporary_stack_top$libspace           0x200002f0   Data           0  libspace.o(.bss)



==============================================================================

Memory Map of the image

  Image Entry point : 0x08000131

  Load Region LR_IROM1 (Base: 0x08000000, Size: 0x000095f8, Max: 0x00080000, ABSOLUTE, COMPRESSED[0x000094cc])

    Execution Region ER_IROM1 (Base: 0x08000000, Size: 0x00009450, Max: 0x00080000, ABSOLUTE)

    Base Addr    Size         Type   Attr      Idx    E Section Name        Object

    0x08000000   0x00000130   Data   RO          849    RESET               startup_stm32f10x_hd.o
    0x08000130   0x00000008   Code   RO         2318  * !!!main             c_w.l(__main.o)
    0x08000138   0x00000034   Code   RO         2551    !!!scatter          c_w.l(__scatter.o)
    0x0800016c   0x0000005a   Code   RO         2549    !!dczerorl2         c_w.l(__dczerorl2.o)
    0x080001c6   0x00000002   PAD
    0x080001c8   0x0000001c   Code   RO         2553    !!handler_zi        c_w.l(__scatter_zi.o)
    0x080001e4   0x00000000   Code   RO         2313    .ARM.Collect$$_printf_percent$$00000000  c_w.l(_printf_percent.o)
    0x080001e4   0x00000006   Code   RO         2311    .ARM.Collect$$_printf_percent$$00000009  c_w.l(_printf_d.o)
    0x080001ea   0x00000006   Code   RO         2312    .ARM.Collect$$_printf_percent$$0000000A  c_w.l(_printf_u.o)
    0x080001f0   0x00000006   Code   RO         2310    .ARM.Collect$$_printf_percent$$0000000C  c_w.l(_printf_x.o)
    0x080001f6   0x00000006   Code   RO         2308    .ARM.Collect$$_printf_percent$$00000013  c_w.l(_printf_c.o)
    0x080001fc   0x00000006   Code   RO         2309    .ARM.Collect$$_printf_percent$$00000014  c_w.l(_printf_s.o)
    0x08000202   0x00000004   Code   RO         2371    .ARM.Collect$$_printf_percent$$00000017  c_w.l(_printf_percent_end.o)
    0x08000206   0x00000002   Code   RO         2425    .ARM.Collect$$libinit$$00000000  c_w.l(libinit.o)
    0x08000208   0x00000000   Code   RO         2431    .ARM.Collect$$libinit$$00000002  c_w.l(libinit2.o)
    0x08000208   0x00000000   Code   RO         2433    .ARM.Collect$$libinit$$00000004  c_w.l(libinit2.o)
    0x08000208   0x00000000   Code   RO         2436    .ARM.Collect$$libinit$$0000000A  c_w.l(libinit2.o)
    0x08000208   0x00000000   Code   RO         2438    .ARM.Collect$$libinit$$0000000C  c_w.l(libinit2.o)
    0x08000208   0x00000000   Code   RO         2440    .ARM.Collect$$libinit$$0000000E  c_w.l(libinit2.o)
    0x08000208   0x00000000   Code   RO         2443    .ARM.Collect$$libinit$$00000011  c_w.l(libinit2.o)
    0x08000208   0x00000000   Code   RO         2445    .ARM.Collect$$libinit$$00000013  c_w.l(libinit2.o)
    0x08000208   0x00000000   Code   RO         2447    .ARM.Collect$$libinit$$00000015  c_w.l(libinit2.o)
    0x08000208   0x00000000   Code   RO         2449    .ARM.Collect$$libinit$$00000017  c_w.l(libinit2.o)
    0x08000208   0x00000000   Code   RO         2451    .ARM.Collect$$libinit$$00000019  c_w.l(libinit2.o)
    0x08000208   0x00000000   Code   RO         2453    .ARM.Collect$$libinit$$0000001B  c_w.l(libinit2.o)
    0x08000208   0x00000000   Code   RO         2455    .ARM.Collect$$libinit$$0000001D  c_w.l(libinit2.o)
    0x08000208   0x00000000   Code   RO         2457    .ARM.Collect$$libinit$$0000001F  c_w.l(libinit2.o)
    0x08000208   0x00000000   Code   RO         2459    .ARM.Collect$$libinit$$00000021  c_w.l(libinit2.o)
    0x08000208   0x00000000   Code   RO         2461    .ARM.Collect$$libinit$$00000023  c_w.l(libinit2.o)
    0x08000208   0x00000000   Code   RO         2463    .ARM.Collect$$libinit$$00000025  c_w.l(libinit2.o)
    0x08000208   0x00000000   Code   RO         2467    .ARM.Collect$$libinit$$0000002C  c_w.l(libinit2.o)
    0x08000208   0x00000000   Code   RO         2469    .ARM.Collect$$libinit$$0000002E  c_w.l(libinit2.o)
    0x08000208   0x00000000   Code   RO         2471    .ARM.Collect$$libinit$$00000030  c_w.l(libinit2.o)
    0x08000208   0x00000000   Code   RO         2473    .ARM.Collect$$libinit$$00000032  c_w.l(libinit2.o)
    0x08000208   0x00000002   Code   RO         2474    .ARM.Collect$$libinit$$00000033  c_w.l(libinit2.o)
    0x0800020a   0x00000002   Code   RO         2492    .ARM.Collect$$libshutdown$$00000000  c_w.l(libshutdown.o)
    0x0800020c   0x00000000   Code   RO         2503    .ARM.Collect$$libshutdown$$00000003  c_w.l(libshutdown2.o)
    0x0800020c   0x00000000   Code   RO         2506    .ARM.Collect$$libshutdown$$00000006  c_w.l(libshutdown2.o)
    0x0800020c   0x00000000   Code   RO         2509    .ARM.Collect$$libshutdown$$00000009  c_w.l(libshutdown2.o)
    0x0800020c   0x00000000   Code   RO         2511    .ARM.Collect$$libshutdown$$0000000B  c_w.l(libshutdown2.o)
    0x0800020c   0x00000000   Code   RO         2514    .ARM.Collect$$libshutdown$$0000000E  c_w.l(libshutdown2.o)
    0x0800020c   0x00000002   Code   RO         2515    .ARM.Collect$$libshutdown$$0000000F  c_w.l(libshutdown2.o)
    0x0800020e   0x00000000   Code   RO         2362    .ARM.Collect$$rtentry$$00000000  c_w.l(__rtentry.o)
    0x0800020e   0x00000000   Code   RO         2384    .ARM.Collect$$rtentry$$00000002  c_w.l(__rtentry2.o)
    0x0800020e   0x00000006   Code   RO         2396    .ARM.Collect$$rtentry$$00000004  c_w.l(__rtentry4.o)
    0x08000214   0x00000000   Code   RO         2386    .ARM.Collect$$rtentry$$00000009  c_w.l(__rtentry2.o)
    0x08000214   0x00000004   Code   RO         2387    .ARM.Collect$$rtentry$$0000000A  c_w.l(__rtentry2.o)
    0x08000218   0x00000000   Code   RO         2389    .ARM.Collect$$rtentry$$0000000C  c_w.l(__rtentry2.o)
    0x08000218   0x00000008   Code   RO         2390    .ARM.Collect$$rtentry$$0000000D  c_w.l(__rtentry2.o)
    0x08000220   0x00000002   Code   RO         2428    .ARM.Collect$$rtexit$$00000000  c_w.l(rtexit.o)
    0x08000222   0x00000000   Code   RO         2476    .ARM.Collect$$rtexit$$00000002  c_w.l(rtexit2.o)
    0x08000222   0x00000004   Code   RO         2477    .ARM.Collect$$rtexit$$00000003  c_w.l(rtexit2.o)
    0x08000226   0x00000006   Code   RO         2478    .ARM.Collect$$rtexit$$00000004  c_w.l(rtexit2.o)
    0x0800022c   0x0000003c   Code   RO          850    .text               startup_stm32f10x_hd.o
    0x08000268   0x00000002   Code   RO         2253    .text               c_w.l(use_no_semi_2.o)
    0x0800026a   0x00000002   PAD
    0x0800026c   0x00000018   Code   RO         2257    .text               c_w.l(noretval__2printf.o)
    0x08000284   0x0000004e   Code   RO         2261    .text               c_w.l(_printf_pad.o)
    0x080002d2   0x00000052   Code   RO         2263    .text               c_w.l(_printf_str.o)
    0x08000324   0x00000078   Code   RO         2265    .text               c_w.l(_printf_dec.o)
    0x0800039c   0x00000058   Code   RO         2270    .text               c_w.l(_printf_hex_int.o)
    0x080003f4   0x00000188   Code   RO         2305    .text               c_w.l(__printf_flags_ss_wp.o)
    0x0800057c   0x00000064   Code   RO         2314    .text               c_w.l(rt_memcpy_w.o)
    0x080005e0   0x00000006   Code   RO         2316    .text               c_w.l(heapauxi.o)
    0x080005e6   0x00000002   Code   RO         2360    .text               c_w.l(use_no_semi.o)
    0x080005e8   0x00000016   Code   RO         2363    .text               c_w.l(_rserrno.o)
    0x080005fe   0x000000b2   Code   RO         2365    .text               c_w.l(_printf_intcommon.o)
    0x080006b0   0x0000002c   Code   RO         2367    .text               c_w.l(_printf_char.o)
    0x080006dc   0x00000024   Code   RO         2369    .text               c_w.l(_printf_char_file.o)
    0x08000700   0x00000008   Code   RO         2401    .text               c_w.l(rt_errno_addr_intlibspace.o)
    0x08000708   0x00000030   Code   RO         2403    .text               c_w.l(_printf_char_common.o)
    0x08000738   0x00000008   Code   RO         2405    .text               c_w.l(ferror.o)
    0x08000740   0x00000008   Code   RO         2411    .text               c_w.l(libspace.o)
    0x08000748   0x0000004a   Code   RO         2414    .text               c_w.l(sys_stackheap_outer.o)
    0x08000792   0x0000000c   Code   RO         2418    .text               c_w.l(exit.o)
    0x0800079e   0x00000002   Code   RO          123    i.BusFault_Handler  stm32f10x_it.o
    0x080007a0   0x00000002   Code   RO          124    i.DebugMon_Handler  stm32f10x_it.o
    0x080007a2   0x00000042   Code   RO          518    i.EXTI8_Init        exti.o
    0x080007e4   0x00000044   Code   RO          519    i.EXTI9_5_IRQHandler  exti.o
    0x08000828   0x0000000c   Code   RO         1505    i.EXTI_ClearITPendingBit  stm32f10x_exti.o
    0x08000834   0x00000020   Code   RO         1509    i.EXTI_GetITStatus  stm32f10x_exti.o
    0x08000854   0x00000070   Code   RO         1510    i.EXTI_Init         stm32f10x_exti.o
    0x080008c4   0x00000020   Code   RO          901    i.FSMC_NORSRAMCmd   stm32f10x_fsmc.o
    0x080008e4   0x000000c8   Code   RO          903    i.FSMC_NORSRAMInit  stm32f10x_fsmc.o
    0x080009ac   0x00000028   Code   RO         1013    i.GPIO_EXTILineConfig  stm32f10x_gpio.o
    0x080009d4   0x0000009c   Code   RO         1016    i.GPIO_Init         stm32f10x_gpio.o
    0x08000a70   0x00000058   Code   RO         1018    i.GPIO_PinRemapConfig  stm32f10x_gpio.o
    0x08000ac8   0x0000000e   Code   RO         1020    i.GPIO_ReadInputDataBit  stm32f10x_gpio.o
    0x08000ad6   0x00000004   Code   RO         1023    i.GPIO_ResetBits    stm32f10x_gpio.o
    0x08000ada   0x00000004   Code   RO         1024    i.GPIO_SetBits      stm32f10x_gpio.o
    0x08000ade   0x00000002   Code   RO          125    i.HardFault_Handler  stm32f10x_it.o
    0x08000ae0   0x0000003c   Code   RO          247    i.KEY_Init          key.o
    0x08000b1c   0x000000cc   Code   RO          248    i.KEY_Scan          key.o
    0x08000be8   0x0000006c   Code   RO          267    i.LCD_Clear         lcd.o
    0x08000c54   0x00000134   Code   RO          271    i.LCD_Display_Dir   lcd.o
    0x08000d88   0x0000011c   Code   RO          276    i.LCD_Fast_DrawPoint  lcd.o
    0x08000ea4   0x0000008c   Code   RO          277    i.LCD_Fill          lcd.o
    0x08000f30   0x00002e18   Code   RO          278    i.LCD_Init          lcd.o
    0x08003d48   0x00000014   Code   RO          280    i.LCD_RD_DATA       lcd.o
    0x08003d5c   0x00000018   Code   RO          282    i.LCD_ReadReg       lcd.o
    0x08003d74   0x0000003c   Code   RO          283    i.LCD_SSD_BackLightSet  lcd.o
    0x08003db0   0x000001a8   Code   RO          284    i.LCD_Scan_Dir      lcd.o
    0x08003f58   0x00000148   Code   RO          285    i.LCD_SetCursor     lcd.o
    0x080040a0   0x0000017c   Code   RO          286    i.LCD_Set_Window    lcd.o
    0x0800421c   0x000000cc   Code   RO          287    i.LCD_ShowChar      lcd.o
    0x080042e8   0x00000054   Code   RO          289    i.LCD_ShowString    lcd.o
    0x0800433c   0x00000014   Code   RO          294    i.LCD_WriteRAM_Prepare  lcd.o
    0x08004350   0x00000010   Code   RO          295    i.LCD_WriteReg      lcd.o
    0x08004360   0x0000002c   Code   RO          235    i.LED_Init          led.o
    0x0800438c   0x00000002   Code   RO          126    i.MemManage_Handler  stm32f10x_it.o
    0x0800438e   0x00000002   Code   RO          127    i.NMI_Handler       stm32f10x_it.o
    0x08004390   0x00000064   Code   RO          854    i.NVIC_Init         misc.o
    0x080043f4   0x00000014   Code   RO          855    i.NVIC_PriorityGroupConfig  misc.o
    0x08004408   0x00000110   Code   RO          463    i.OV7670_Init       ov7670.o
    0x08004518   0x0000006e   Code   RO          466    i.OV7670_Window_Set  ov7670.o
    0x08004586   0x00000002   Code   RO          128    i.PendSV_Handler    stm32f10x_it.o
    0x08004588   0x00000018   Code   RO         1125    i.RCC_AHBPeriphClockCmd  stm32f10x_rcc.o
    0x080045a0   0x00000018   Code   RO         1126    i.RCC_APB1PeriphClockCmd  stm32f10x_rcc.o
    0x080045b8   0x00000018   Code   RO         1128    i.RCC_APB2PeriphClockCmd  stm32f10x_rcc.o
    0x080045d0   0x00000094   Code   RO         1136    i.RCC_GetClocksFreq  stm32f10x_rcc.o
    0x08004664   0x0000006c   Code   RO          594    i.SCCB_Init         sccb.o
    0x080046d0   0x00000044   Code   RO          595    i.SCCB_No_Ack       sccb.o
    0x08004714   0x00000074   Code   RO          596    i.SCCB_RD_Byte      sccb.o
    0x08004788   0x0000004c   Code   RO          597    i.SCCB_RD_Reg       sccb.o
    0x080047d4   0x00000034   Code   RO          598    i.SCCB_Start        sccb.o
    0x08004808   0x00000038   Code   RO          599    i.SCCB_Stop         sccb.o
    0x08004840   0x00000090   Code   RO          600    i.SCCB_WR_Byte      sccb.o
    0x080048d0   0x0000003e   Code   RO          601    i.SCCB_WR_Reg       sccb.o
    0x0800490e   0x00000002   Code   RO          129    i.SVC_Handler       stm32f10x_it.o
    0x08004910   0x000000a8   Code   RO          206    i.SetSysClockTo72   system_stm32f10x.o
    0x080049b8   0x00000018   Code   RO          858    i.SysTick_CLKSourceConfig  misc.o
    0x080049d0   0x00000002   Code   RO          130    i.SysTick_Handler   stm32f10x_it.o
    0x080049d2   0x00000002   PAD
    0x080049d4   0x00000050   Code   RO          208    i.SystemInit        system_stm32f10x.o
    0x08004a24   0x0000004c   Code   RO          548    i.TIM2_IRQHandler   timer.o
    0x08004a70   0x0000005c   Code   RO          549    i.TIM2_Int_Init     timer.o
    0x08004acc   0x0000004c   Code   RO          550    i.TIM3_IRQHandler   timer.o
    0x08004b18   0x00000060   Code   RO          551    i.TIM3_Int_Init     timer.o
    0x08004b78   0x0000003c   Code   RO         2091    i.TIM4_IRQHandler   usmart.o
    0x08004bb4   0x00000048   Code   RO          552    i.TIM6_IRQHandler   timer.o
    0x08004bfc   0x00000060   Code   RO          553    i.TIM6_Int_Init     timer.o
    0x08004c5c   0x00000006   Code   RO         1566    i.TIM_ClearFlag     stm32f10x_tim.o
    0x08004c62   0x00000006   Code   RO         1567    i.TIM_ClearITPendingBit  stm32f10x_tim.o
    0x08004c68   0x00000014   Code   RO         1572    i.TIM_Cmd           stm32f10x_tim.o
    0x08004c7c   0x00000004   Code   RO         1591    i.TIM_GetCounter    stm32f10x_tim.o
    0x08004c80   0x0000000e   Code   RO         1592    i.TIM_GetFlagStatus  stm32f10x_tim.o
    0x08004c8e   0x00000018   Code   RO         1593    i.TIM_GetITStatus   stm32f10x_tim.o
    0x08004ca6   0x00000010   Code   RO         1597    i.TIM_ITConfig      stm32f10x_tim.o
    0x08004cb6   0x00000004   Code   RO         1631    i.TIM_SetAutoreload  stm32f10x_tim.o
    0x08004cba   0x00000004   Code   RO         1637    i.TIM_SetCounter    stm32f10x_tim.o
    0x08004cbe   0x00000002   PAD
    0x08004cc0   0x0000009c   Code   RO         1643    i.TIM_TimeBaseInit  stm32f10x_tim.o
    0x08004d5c   0x00000060   Code   RO         2092    i.Timer4_Init       usmart.o
    0x08004dbc   0x00000064   Code   RO          795    i.USART1_IRQHandler  usart.o
    0x08004e20   0x00000014   Code   RO         1328    i.USART_Cmd         stm32f10x_usart.o
    0x08004e34   0x0000000e   Code   RO         1331    i.USART_GetFlagStatus  stm32f10x_usart.o
    0x08004e42   0x0000003e   Code   RO         1332    i.USART_GetITStatus  stm32f10x_usart.o
    0x08004e80   0x00000030   Code   RO         1334    i.USART_ITConfig    stm32f10x_usart.o
    0x08004eb0   0x000000ac   Code   RO         1335    i.USART_Init        stm32f10x_usart.o
    0x08004f5c   0x00000008   Code   RO         1342    i.USART_ReceiveData  stm32f10x_usart.o
    0x08004f64   0x00000008   Code   RO         1345    i.USART_SendData    stm32f10x_usart.o
    0x08004f6c   0x00000002   Code   RO          131    i.UsageFault_Handler  stm32f10x_it.o
    0x08004f6e   0x0000000e   Code   RO         2298    i._is_digit         c_w.l(__printf_wp.o)
    0x08004f7c   0x00000002   Code   RO          796    i._sys_exit         usart.o
    0x08004f7e   0x00000002   PAD
    0x08004f80   0x00000308   Code   RO          647    i.base3Fun          screen.o
    0x08005288   0x00000074   Code   RO          648    i.borderAdjustFun   screen.o
    0x080052fc   0x00000094   Code   RO          649    i.centerAdjustFun   screen.o
    0x08005390   0x0000003c   Code   RO          740    i.delay_init        delay.o
    0x080053cc   0x00000034   Code   RO          741    i.delay_ms          delay.o
    0x08005400   0x00000034   Code   RO          742    i.delay_us          delay.o
    0x08005434   0x00000018   Code   RO          797    i.fputc             usart.o
    0x0800544c   0x00000068   Code   RO          650    i.getCurrentPoint   screen.o
    0x080054b4   0x00000180   Code   RO            1    i.getXY             main.o
    0x08005634   0x000000f4   Code   RO          651    i.improve1Fun       screen.o
    0x08005728   0x000000e4   Code   RO          652    i.improve2Fun       screen.o
    0x0800580c   0x00000274   Code   RO          653    i.improve3Fun       screen.o
    0x08005a80   0x000001a8   Code   RO            2    i.main              main.o
    0x08005c28   0x00000034   Code   RO          716    i.motorInit         movemotor.o
    0x08005c5c   0x00000048   Code   RO          717    i.moveX             movemotor.o
    0x08005ca4   0x00000044   Code   RO          718    i.moveY             movemotor.o
    0x08005ce8   0x00000004   Code   RO         2093    i.read_addr         usmart.o
    0x08005cec   0x0000004c   Code   RO         2353    i.sqrt              m_ws.l(sqrt.o)
    0x08005d38   0x00000034   Code   RO          655    i.stop              screen.o
    0x08005d6c   0x000000a0   Code   RO          798    i.uart_init         usart.o
    0x08005e0c   0x00000094   Code   RO         2094    i.usmart_cmd_rec    usmart.o
    0x08005ea0   0x00000260   Code   RO         2095    i.usmart_exe        usmart.o
    0x08006100   0x0000009c   Code   RO         2184    i.usmart_get_aparm  usmart_str.o
    0x0800619c   0x0000002e   Code   RO         2185    i.usmart_get_cmdname  usmart_str.o
    0x080061ca   0x00000002   PAD
    0x080061cc   0x00000168   Code   RO         2186    i.usmart_get_fname  usmart_str.o
    0x08006334   0x000000d0   Code   RO         2187    i.usmart_get_fparam  usmart_str.o
    0x08006404   0x00000024   Code   RO         2188    i.usmart_get_parmpos  usmart_str.o
    0x08006428   0x00000038   Code   RO         2096    i.usmart_get_runtime  usmart.o
    0x08006460   0x00000028   Code   RO         2097    i.usmart_init       usmart.o
    0x08006488   0x00000010   Code   RO         2189    i.usmart_pow        usmart_str.o
    0x08006498   0x00000030   Code   RO         2098    i.usmart_reset_runtime  usmart.o
    0x080064c8   0x000000a4   Code   RO         2099    i.usmart_scan       usmart.o
    0x0800656c   0x00000010   Code   RO         2190    i.usmart_search_nextc  usmart_str.o
    0x0800657c   0x000000a0   Code   RO         2191    i.usmart_str2num    usmart_str.o
    0x0800661c   0x00000018   Code   RO         2192    i.usmart_strcmp     usmart_str.o
    0x08006634   0x00000012   Code   RO         2193    i.usmart_strcopy    usmart_str.o
    0x08006646   0x00000012   Code   RO         2194    i.usmart_strlen     usmart_str.o
    0x08006658   0x00000670   Code   RO         2100    i.usmart_sys_cmd_exe  usmart.o
    0x08006cc8   0x00000004   Code   RO         2101    i.write_addr        usmart.o
    0x08006ccc   0x00000150   Code   RO         2320    x$fpl$dadd          fz_ws.l(daddsub_clz.o)
    0x08006e1c   0x00000010   Code   RO         2372    x$fpl$dcheck1       fz_ws.l(dcheck1.o)
    0x08006e2c   0x00000018   Code   RO         2374    x$fpl$dcmpinf       fz_ws.l(dcmpi.o)
    0x08006e44   0x000002b0   Code   RO         2327    x$fpl$ddiv          fz_ws.l(ddiv.o)
    0x080070f4   0x0000005e   Code   RO         2330    x$fpl$dfix          fz_ws.l(dfix.o)
    0x08007152   0x00000002   PAD
    0x08007154   0x0000005a   Code   RO         2334    x$fpl$dfixu         fz_ws.l(dfixu.o)
    0x080071ae   0x0000002e   Code   RO         2339    x$fpl$dflt          fz_ws.l(dflt_clz.o)
    0x080071dc   0x00000026   Code   RO         2338    x$fpl$dfltu         fz_ws.l(dflt_clz.o)
    0x08007202   0x00000002   PAD
    0x08007204   0x00000078   Code   RO         2344    x$fpl$dleqf         fz_ws.l(dleqf.o)
    0x0800727c   0x00000154   Code   RO         2346    x$fpl$dmul          fz_ws.l(dmul.o)
    0x080073d0   0x0000009c   Code   RO         2376    x$fpl$dnaninf       fz_ws.l(dnaninf.o)
    0x0800746c   0x0000000c   Code   RO         2378    x$fpl$dretinf       fz_ws.l(dretinf.o)
    0x08007478   0x0000006c   Code   RO         2348    x$fpl$drleqf        fz_ws.l(drleqf.o)
    0x080074e4   0x00000016   Code   RO         2321    x$fpl$drsb          fz_ws.l(daddsub_clz.o)
    0x080074fa   0x00000002   PAD
    0x080074fc   0x000001cc   Code   RO         2380    x$fpl$dsqrt         fz_ws.l(dsqrt_noumaal.o)
    0x080076c8   0x000001d4   Code   RO         2322    x$fpl$dsub          fz_ws.l(daddsub_clz.o)
    0x0800789c   0x00000064   Code   RO         2409    x$fpl$retnan        fz_ws.l(retnan.o)
    0x08007900   0x0000005c   Code   RO         2350    x$fpl$scalbn        fz_ws.l(scalbn.o)
    0x0800795c   0x00000030   Code   RO         2426    x$fpl$trapveneer    fz_ws.l(trapv.o)
    0x0800798c   0x00000000   Code   RO         2382    x$fpl$usenofp       fz_ws.l(usenofp.o)
    0x0800798c   0x000017c0   Data   RO          298    .constdata          lcd.o
    0x0800914c   0x00000150   Data   RO          467    .constdata          ov7670.o
    0x0800929c   0x00000050   Data   RO          656    .constdata          screen.o
    0x080092ec   0x00000028   Data   RO         2271    .constdata          c_w.l(_printf_hex_int.o)
    0x08009314   0x00000011   Data   RO         2306    .constdata          c_w.l(__printf_flags_ss_wp.o)
    0x08009325   0x00000003   PAD
    0x08009328   0x00000028   Data   RO         2102    .conststring        usmart.o
    0x08009350   0x000000df   Data   RO         2167    .conststring        usmart_config.o
    0x0800942f   0x00000001   PAD
    0x08009430   0x00000020   Data   RO         2547    Region$$Table       anon$$obj.o


    Execution Region RW_IRAM1 (Base: 0x20000000, Size: 0x000006f0, Max: 0x00010000, ABSOLUTE, COMPRESSED[0x0000007c])

    Base Addr    Size         Type   Attr      Idx    E Section Name        Object

    0x20000000   0x00000004   Data   RW            4    .data               main.o
    0x20000004   0x00000014   Data   RW          209    .data               system_stm32f10x.o
    0x20000018   0x00000001   Data   RW          249    .data               key.o
    0x20000019   0x00000001   PAD
    0x2000001a   0x00000004   Data   RW          299    .data               lcd.o
    0x2000001e   0x00000001   Data   RW          521    .data               exti.o
    0x2000001f   0x00000001   Data   RW          554    .data               timer.o
    0x20000020   0x00000020   Data   RW          657    .data               screen.o
    0x20000040   0x00000004   Data   RW          743    .data               delay.o
    0x20000044   0x00000002   Data   RW          800    .data               usart.o
    0x20000046   0x00000002   PAD
    0x20000048   0x00000004   Data   RW          801    .data               usart.o
    0x2000004c   0x00000014   Data   RW         1156    .data               stm32f10x_rcc.o
    0x20000060   0x0000001c   Data   RW         2103    .data               usmart.o
    0x2000007c   0x00000038   Data   RW         2168    .data               usmart_config.o
    0x200000b4   0x000000f4   Data   RW         2169    .data               usmart_config.o
    0x200001a8   0x00000010   Zero   RW            3    .bss                main.o
    0x200001b8   0x0000000e   Zero   RW          297    .bss                lcd.o
    0x200001c6   0x000000c8   Zero   RW          799    .bss                usart.o
    0x2000028e   0x00000002   PAD
    0x20000290   0x00000060   Zero   RW         2412    .bss                c_w.l(libspace.o)
    0x200002f0   0x00000000   Zero   RW          848    HEAP                startup_stm32f10x_hd.o
    0x200002f0   0x00000400   Zero   RW          847    STACK               startup_stm32f10x_hd.o


==============================================================================

Image component sizes


      Code (inc. data)   RO Data    RW Data    ZI Data      Debug   Object Name

       164         26          0          4          0       1843   delay.o
       134         14          0          1          0       1447   exti.o
       264         22          0          1          0       1322   key.o
     14200        182       6080          4         14      53661   lcd.o
        44          6          0          0          0        535   led.o
       808        112          0          4         16     266172   main.o
       144         16          0          0          0       2173   misc.o
       192         16          0          0          0       1756   movemotor.o
       382         30        336          0          0       2240   ov7670.o
       682         66          0          0          0       5211   sccb.o
      2296        304         80         32          0       6818   screen.o
        60         22        304          0       1024        828   startup_stm32f10x_hd.o
       156         14          0          0          0       2268   stm32f10x_exti.o
       232          6          0          0          0       1969   stm32f10x_fsmc.o
       306         12          0          0          0       4972   stm32f10x_gpio.o
        18          0          0          0          0       4170   stm32f10x_it.o
       220         34          0         20          0       5214   stm32f10x_rcc.o
       254         42          0          0          0       7267   stm32f10x_tim.o
       332          6          0          0          0       6089   stm32f10x_usart.o
         0          0          0          0          0         32   sys.o
       248         24          0         20          0       1937   system_stm32f10x.o
       508         46          0          1          0       3997   timer.o
       286         26          0          6        200       4356   usart.o
      2876       1332         40         28          0       8026   usmart.o
         0          0        223        300          0       1804   usmart_config.o
      1058         20          0          0          0       8231   usmart_str.o

    ----------------------------------------------------------------------
     25872       2378       7096        424       1256     404338   Object Totals
         0          0         32          0          0          0   (incl. Generated)
         8          0          1          3          2          0   (incl. Padding)

    ----------------------------------------------------------------------

      Code (inc. data)   RO Data    RW Data    ZI Data      Debug   Library Member Name

        90          0          0          0          0          0   __dczerorl2.o
         8          0          0          0          0         68   __main.o
       392          4         17          0          0         92   __printf_flags_ss_wp.o
        14          0          0          0          0         68   __printf_wp.o
         0          0          0          0          0          0   __rtentry.o
        12          0          0          0          0          0   __rtentry2.o
         6          0          0          0          0          0   __rtentry4.o
        52          8          0          0          0          0   __scatter.o
        28          0          0          0          0          0   __scatter_zi.o
         6          0          0          0          0          0   _printf_c.o
        44          0          0          0          0        108   _printf_char.o
        48          6          0          0          0         96   _printf_char_common.o
        36          4          0          0          0         80   _printf_char_file.o
         6          0          0          0          0          0   _printf_d.o
       120         16          0          0          0         92   _printf_dec.o
        88          4         40          0          0         88   _printf_hex_int.o
       178          0          0          0          0         88   _printf_intcommon.o
        78          0          0          0          0        108   _printf_pad.o
         0          0          0          0          0          0   _printf_percent.o
         4          0          0          0          0          0   _printf_percent_end.o
         6          0          0          0          0          0   _printf_s.o
        82          0          0          0          0         80   _printf_str.o
         6          0          0          0          0          0   _printf_u.o
         6          0          0          0          0          0   _printf_x.o
        22          0          0          0          0        100   _rserrno.o
        12          0          0          0          0         72   exit.o
         8          0          0          0          0         68   ferror.o
         6          0          0          0          0        152   heapauxi.o
         2          0          0          0          0          0   libinit.o
         2          0          0          0          0          0   libinit2.o
         2          0          0          0          0          0   libshutdown.o
         2          0          0          0          0          0   libshutdown2.o
         8          4          0          0         96         68   libspace.o
        24          4          0          0          0         84   noretval__2printf.o
         8          4          0          0          0         68   rt_errno_addr_intlibspace.o
       100          0          0          0          0         80   rt_memcpy_w.o
         2          0          0          0          0          0   rtexit.o
        10          0          0          0          0          0   rtexit2.o
        74          0          0          0          0         80   sys_stackheap_outer.o
         2          0          0          0          0         68   use_no_semi.o
         2          0          0          0          0         68   use_no_semi_2.o
       826         16          0          0          0        348   daddsub_clz.o
        16          4          0          0          0         68   dcheck1.o
        24          0          0          0          0         68   dcmpi.o
       688        140          0          0          0        208   ddiv.o
        94          4          0          0          0         92   dfix.o
        90          4          0          0          0         92   dfixu.o
        84          0          0          0          0        136   dflt_clz.o
       120          4          0          0          0         92   dleqf.o
       340         12          0          0          0        104   dmul.o
       156          4          0          0          0         92   dnaninf.o
        12          0          0          0          0         68   dretinf.o
       108          0          0          0          0         80   drleqf.o
       460         56          0          0          0        120   dsqrt_noumaal.o
       100          0          0          0          0         68   retnan.o
        92          0          0          0          0         68   scalbn.o
        48          0          0          0          0         68   trapv.o
         0          0          0          0          0          0   usenofp.o
        76          0          0          0          0         84   sqrt.o

    ----------------------------------------------------------------------
      4940        298         60          0         96       3732   Library Totals
        10          0          3          0          0          0   (incl. Padding)

    ----------------------------------------------------------------------

      Code (inc. data)   RO Data    RW Data    ZI Data      Debug   Library Name

      1596         54         57          0         96       1876   c_w.l
      3258        244          0          0          0       1772   fz_ws.l
        76          0          0          0          0         84   m_ws.l

    ----------------------------------------------------------------------
      4940        298         60          0         96       3732   Library Totals

    ----------------------------------------------------------------------

==============================================================================


      Code (inc. data)   RO Data    RW Data    ZI Data      Debug   

     30812       2676       7156        424       1352     399954   Grand Totals
     30812       2676       7156        124       1352     399954   ELF Image Totals (compressed)
     30812       2676       7156        124          0          0   ROM Totals

==============================================================================

    Total RO  Size (Code + RO Data)                37968 (  37.08kB)
    Total RW  Size (RW Data + ZI Data)              1776 (   1.73kB)
    Total ROM Size (Code + RO Data + RW Data)      38092 (  37.20kB)

==============================================================================

